<html>
<body>
<pre>
<h1>µVision Build Log</h1>
<h2>Tool Versions:</h2>
IDE-Version: ¦ÌVision V5.36.0.0
Copyright (C) 2021 ARM Ltd and ARM Germany GmbH. All rights reserved.
License Information: cxd cxd, 1, LIC=----
 
Tool Versions:
Toolchain:       MDK-Lite  Version: 5.36.0.0
Toolchain Path:  C:\ES\ARM\ARMCC\Bin
C Compiler:      Armcc.exe V5.06 update 7 (build 960)
Assembler:       Armasm.exe V5.06 update 7 (build 960)
Linker/Locator:  ArmLink.exe V5.06 update 7 (build 960)
Library Manager: ArmAr.exe V5.06 update 7 (build 960)
Hex Converter:   FromElf.exe V5.06 update 7 (build 960)
CPU DLL:         SARMCM3.DLL V5.36.0.0
Dialog DLL:      DCM.DLL V1.17.3.0
Target DLL:      UL2CM3.DLL V1.164.0.0
Dialog DLL:      TCM.DLL V1.53.0.0
 
<h2>Project:</h2>
D:\Code\STM32\F401Workplace\sizhou\fly-pig.uvprojx
Project File Date:  10/09/2022

<h2>Output:</h2>
*** Using Compiler 'V5.06 update 7 (build 960)', folder: 'C:\ES\ARM\ARMCC\Bin'
Build target 'Target 1'
assembling startup_stm32f401xx.s...
compiling stm32f4xx_hash.c...
compiling system_stm32f4xx.c...
compiling stm32f4xx_gpio.c...
compiling stm32f4xx_hash_sha1.c...
compiling stm32f4xx_flash_ramfunc.c...
compiling stm32f4xx_exti.c...
compiling stm32f4xx_hash_md5.c...
compiling misc.c...
compiling stm32f4xx_iwdg.c...
compiling stm32f4xx_i2c.c...
compiling stm32f4xx_flash.c...
compiling stm32f4xx_dma.c...
compiling datafusion.c...
compiling stm32f4xx_dma2d.c...
compiling main.c...
compiling stm32f4xx_pwr.c...
compiling app_hooks.c...
compiling stm32f4xx_rcc.c...
compiling stm32f4xx_spdifrx.c...
compiling stm32f4xx_sdio.c...
compiling stm32f4xx_rtc.c...
compiling stm32f4xx_spi.c...
compiling stm32f4xx_syscfg.c...
compiling stm32f4xx_usart.c...
compiling stm32f4xx_wwdg.c...
compiling bsp_i2c.c...
compiling bsp_led.c...
compiling stm32f4xx_tim.c...
compiling bsp_esp8266.c...
compiling os_core.c...
compiling bsp_gy86.c...
compiling os_mbox.c...
compiling bsp_oled.c...
compiling os_mem.c...
compiling os_flag.c...
compiling bsp_ray.c...
compiling bsp_ppm.c...
compiling os_mutex.c...
compiling os_q.c...
assembling os_cpu_a.asm...
compiling os_sem.c...
compiling os_time.c...
compiling bsp_systick.c...
compiling os_task.c...
compiling os_tmr.c...
compiling os_cpu_c.c...
compiling os_dbg.c...
compiling bsp_tim.c...
compiling bsp_usart.c...
linking...
Program Size: Code=19836 RO-data=3056 RW-data=1860 ZI-data=10452  
".\Objects\sizhou.axf" - 0 Error(s), 0 Warning(s).

<h2>Software Packages used:</h2>

Package Vendor: Keil
                http://www.keil.com/pack/Keil.STM32F4xx_DFP.2.16.0.pack
                Keil.STM32F4xx_DFP.2.16.0
                STMicroelectronics STM32F4 Series Device Support, Drivers and Examples

<h2>Collection of Component include folders:</h2>
  C:\ES\Keil\STM32F4xx_DFP\2.16.0\Drivers\CMSIS\Device\ST\STM32F4xx\Include

<h2>Collection of Component Files used:</h2>
Build Time Elapsed:  00:00:04
</pre>
</body>
</html>
