Component: ARM Compiler 5.06 update 7 (build 960) Tool: armlink [4d3601]

==============================================================================

Section Cross References

    main.o(i.main) refers to bsp_tim.o(i.TIM1_CONFIG) for TIM1_CONFIG
    main.o(i.main) refers to bsp_tim.o(i.TIM3_CONFIG) for TIM3_CONFIG
    main.o(i.main) refers to bsp_led.o(i.LED_CONFIG) for LED_CONFIG
    main.o(i.main) refers to bsp_usart.o(i.USART6_CONFIG) for USART6_CONFIG
    main.o(i.main) refers to bsp_i2c.o(i.I2C1_CONFIG) for I2C1_CONFIG
    main.o(i.main) refers to stm32f4xx_i2c.o(i.I2C_DeInit) for I2C_DeInit
    main.o(i.main) refers to bsp_i2c.o(i.I2C3_CONFIG) for I2C3_CONFIG
    main.o(i.main) refers to bsp_led.o(i.LED_ON) for LED_ON
    main.o(i.main) refers to bsp_oled.o(i.OLED_Init) for OLED_Init
    main.o(i.main) refers to bsp_led.o(i.LED_OFF) for LED_OFF
    main.o(i.main) refers to bsp_ppm.o(i.Show_PPM) for Show_PPM
    bsp_led.o(i.LED_CONFIG) refers to stm32f4xx_rcc.o(i.RCC_AHB1PeriphClockCmd) for RCC_AHB1PeriphClockCmd
    bsp_led.o(i.LED_CONFIG) refers to stm32f4xx_gpio.o(i.GPIO_Init) for GPIO_Init
    bsp_led.o(i.LED_OFF) refers to stm32f4xx_gpio.o(i.GPIO_ResetBits) for GPIO_ResetBits
    bsp_led.o(i.LED_ON) refers to stm32f4xx_gpio.o(i.GPIO_SetBits) for GPIO_SetBits
    bsp_led.o(i.LED_SHINING) refers to bsp_led.o(i.LED_OFF) for LED_OFF
    bsp_led.o(i.LED_SHINING) refers to bsp_systick.o(i.Systick_Delay_ms) for Systick_Delay_ms
    bsp_led.o(i.LED_SHINING) refers to bsp_led.o(i.LED_ON) for LED_ON
    bsp_usart.o(i.NVIC_usart6_close) refers to misc.o(i.NVIC_PriorityGroupConfig) for NVIC_PriorityGroupConfig
    bsp_usart.o(i.NVIC_usart6_close) refers to misc.o(i.NVIC_Init) for NVIC_Init
    bsp_usart.o(i.NVIC_usart6_open) refers to misc.o(i.NVIC_PriorityGroupConfig) for NVIC_PriorityGroupConfig
    bsp_usart.o(i.NVIC_usart6_open) refers to misc.o(i.NVIC_Init) for NVIC_Init
    bsp_usart.o(i.USART1_CONFIG) refers to stm32f4xx_rcc.o(i.RCC_AHB1PeriphClockCmd) for RCC_AHB1PeriphClockCmd
    bsp_usart.o(i.USART1_CONFIG) refers to stm32f4xx_rcc.o(i.RCC_APB2PeriphClockCmd) for RCC_APB2PeriphClockCmd
    bsp_usart.o(i.USART1_CONFIG) refers to stm32f4xx_gpio.o(i.GPIO_PinAFConfig) for GPIO_PinAFConfig
    bsp_usart.o(i.USART1_CONFIG) refers to stm32f4xx_gpio.o(i.GPIO_Init) for GPIO_Init
    bsp_usart.o(i.USART1_CONFIG) refers to stm32f4xx_usart.o(i.USART_Init) for USART_Init
    bsp_usart.o(i.USART1_CONFIG) refers to stm32f4xx_usart.o(i.USART_ITConfig) for USART_ITConfig
    bsp_usart.o(i.USART1_CONFIG) refers to misc.o(i.NVIC_PriorityGroupConfig) for NVIC_PriorityGroupConfig
    bsp_usart.o(i.USART1_CONFIG) refers to misc.o(i.NVIC_Init) for NVIC_Init
    bsp_usart.o(i.USART1_CONFIG) refers to stm32f4xx_usart.o(i.USART_Cmd) for USART_Cmd
    bsp_usart.o(i.USART6_CONFIG) refers to stm32f4xx_rcc.o(i.RCC_AHB1PeriphClockCmd) for RCC_AHB1PeriphClockCmd
    bsp_usart.o(i.USART6_CONFIG) refers to stm32f4xx_rcc.o(i.RCC_APB2PeriphClockCmd) for RCC_APB2PeriphClockCmd
    bsp_usart.o(i.USART6_CONFIG) refers to stm32f4xx_gpio.o(i.GPIO_PinAFConfig) for GPIO_PinAFConfig
    bsp_usart.o(i.USART6_CONFIG) refers to stm32f4xx_gpio.o(i.GPIO_Init) for GPIO_Init
    bsp_usart.o(i.USART6_CONFIG) refers to stm32f4xx_usart.o(i.USART_Init) for USART_Init
    bsp_usart.o(i.USART6_CONFIG) refers to stm32f4xx_usart.o(i.USART_ITConfig) for USART_ITConfig
    bsp_usart.o(i.USART6_CONFIG) refers to bsp_usart.o(i.NVIC_usart6_open) for NVIC_usart6_open
    bsp_usart.o(i.USART6_CONFIG) refers to stm32f4xx_usart.o(i.USART_Cmd) for USART_Cmd
    bsp_usart.o(i.Usart_SendByte) refers to stm32f4xx_usart.o(i.USART_SendData) for USART_SendData
    bsp_usart.o(i.Usart_SendByte) refers to stm32f4xx_usart.o(i.USART_GetFlagStatus) for USART_GetFlagStatus
    bsp_usart.o(i.Usart_SendStr) refers to bsp_usart.o(i.Usart_SendByte) for Usart_SendByte
    bsp_usart.o(i.Usart_SendStr) refers to stm32f4xx_usart.o(i.USART_GetFlagStatus) for USART_GetFlagStatus
    bsp_usart.o(i.fputc) refers to stm32f4xx_usart.o(i.USART_SendData) for USART_SendData
    bsp_usart.o(i.fputc) refers to stm32f4xx_usart.o(i.USART_GetFlagStatus) for USART_GetFlagStatus
    bsp_esp8266.o(i.Set_esp8266_touchuan) refers to printf8.o(i.__0printf$8) for __2printf
    bsp_esp8266.o(i.Set_esp8266_touchuan) refers to bsp_usart.o(i.Usart_SendStr) for Usart_SendStr
    bsp_esp8266.o(i.Set_esp8266_touchuan) refers to bsp_systick.o(i.Systick_Delay_ms) for Systick_Delay_ms
    bsp_esp8266.o(i.StrReplaceB) refers to strlen.o(.text) for strlen
    bsp_esp8266.o(i.StrReplaceB) refers to strncmp.o(.text) for strncmp
    bsp_esp8266.o(i.StrReplaceB) refers to malloc.o(i.malloc) for malloc
    bsp_esp8266.o(i.StrReplaceB) refers to malloc.o(i.free) for free
    bsp_esp8266.o(i.USART6_IRQHandler) refers to bsp_esp8266.o(.data) for num
    bsp_esp8266.o(i.USART6_IRQHandler) refers to bsp_esp8266.o(.bss) for esp
    bsp_esp8266.o(i.esp8266_config) refers to bsp_usart.o(i.Usart_SendStr) for Usart_SendStr
[...]
    Removing stm32f4xx_flash.o(i.FLASH_OB_PCROPConfig), (52 bytes).
    Removing stm32f4xx_flash.o(i.FLASH_OB_PCROPSelectionConfig), (24 bytes).
    Removing stm32f4xx_flash.o(i.FLASH_OB_RDPConfig), (28 bytes).
    Removing stm32f4xx_flash.o(i.FLASH_OB_Unlock), (36 bytes).
    Removing stm32f4xx_flash.o(i.FLASH_OB_UserConfig), (48 bytes).
    Removing stm32f4xx_flash.o(i.FLASH_OB_WRP1Config), (52 bytes).
    Removing stm32f4xx_flash.o(i.FLASH_OB_WRPConfig), (52 bytes).
    Removing stm32f4xx_flash.o(i.FLASH_PrefetchBufferCmd), (36 bytes).
    Removing stm32f4xx_flash.o(i.FLASH_ProgramByte), (76 bytes).
    Removing stm32f4xx_flash.o(i.FLASH_ProgramDoubleWord), (84 bytes).
    Removing stm32f4xx_flash.o(i.FLASH_ProgramHalfWord), (80 bytes).
    Removing stm32f4xx_flash.o(i.FLASH_ProgramWord), (80 bytes).
    Removing stm32f4xx_flash.o(i.FLASH_SetLatency), (12 bytes).
    Removing stm32f4xx_flash.o(i.FLASH_Unlock), (36 bytes).
    Removing stm32f4xx_flash.o(i.FLASH_WaitForLastOperation), (34 bytes).
    Removing stm32f4xx_flash_ramfunc.o(.rev16_text), (4 bytes).
    Removing stm32f4xx_flash_ramfunc.o(.revsh_text), (4 bytes).
    Removing stm32f4xx_flash_ramfunc.o(.rrx_text), (6 bytes).
    Removing stm32f4xx_flash_ramfunc.o(i.FLASH_FlashInterfaceCmd), (36 bytes).
    Removing stm32f4xx_flash_ramfunc.o(i.FLASH_FlashSleepModeCmd), (36 bytes).
    Removing stm32f4xx_gpio.o(.rev16_text), (4 bytes).
    Removing stm32f4xx_gpio.o(.revsh_text), (4 bytes).
    Removing stm32f4xx_gpio.o(.rrx_text), (6 bytes).
    Removing stm32f4xx_gpio.o(i.GPIO_DeInit), (312 bytes).
    Removing stm32f4xx_gpio.o(i.GPIO_PinLockConfig), (34 bytes).
    Removing stm32f4xx_gpio.o(i.GPIO_ReadInputData), (8 bytes).
    Removing stm32f4xx_gpio.o(i.GPIO_ReadInputDataBit), (18 bytes).
    Removing stm32f4xx_gpio.o(i.GPIO_ReadOutputData), (8 bytes).
    Removing stm32f4xx_gpio.o(i.GPIO_ReadOutputDataBit), (18 bytes).
    Removing stm32f4xx_gpio.o(i.GPIO_StructInit), (18 bytes).
    Removing stm32f4xx_gpio.o(i.GPIO_ToggleBits), (8 bytes).
    Removing stm32f4xx_gpio.o(i.GPIO_Write), (4 bytes).
    Removing stm32f4xx_gpio.o(i.GPIO_WriteBit), (10 bytes).
    Removing stm32f4xx_hash.o(.rev16_text), (4 bytes).
    Removing stm32f4xx_hash.o(.revsh_text), (4 bytes).
    Removing stm32f4xx_hash.o(.rrx_text), (6 bytes).
    Removing stm32f4xx_hash.o(i.HASH_AutoStartDigest), (36 bytes).
    Removing stm32f4xx_hash.o(i.HASH_ClearFlag), (12 bytes).
    Removing stm32f4xx_hash.o(i.HASH_ClearITPendingBit), (12 bytes).
    Removing stm32f4xx_hash.o(i.HASH_DMACmd), (36 bytes).
    Removing stm32f4xx_hash.o(i.HASH_DataIn), (12 bytes).
    Removing stm32f4xx_hash.o(i.HASH_DeInit), (20 bytes).
    Removing stm32f4xx_hash.o(i.HASH_GetDigest), (72 bytes).
    Removing stm32f4xx_hash.o(i.HASH_GetFlagStatus), (44 bytes).
    Removing stm32f4xx_hash.o(i.HASH_GetITStatus), (32 bytes).
    Removing stm32f4xx_hash.o(i.HASH_GetInFIFOWordsNbr), (16 bytes).
    Removing stm32f4xx_hash.o(i.HASH_ITConfig), (32 bytes).
    Removing stm32f4xx_hash.o(i.HASH_Init), (84 bytes).
    Removing stm32f4xx_hash.o(i.HASH_Reset), (20 bytes).
    Removing stm32f4xx_hash.o(i.HASH_RestoreContext), (68 bytes).
    Removing stm32f4xx_hash.o(i.HASH_SaveContext), (60 bytes).
    Removing stm32f4xx_hash.o(i.HASH_SetLastWordValidBitsNbr), (28 bytes).
    Removing stm32f4xx_hash.o(i.HASH_StartDigest), (20 bytes).
    Removing stm32f4xx_hash.o(i.HASH_StructInit), (12 bytes).
    Removing stm32f4xx_hash_md5.o(.rev16_text), (4 bytes).
    Removing stm32f4xx_hash_md5.o(.revsh_text), (4 bytes).
    Removing stm32f4xx_hash_md5.o(.rrx_text), (6 bytes).
    Removing stm32f4xx_hash_md5.o(i.HASH_MD5), (180 bytes).
    Removing stm32f4xx_hash_md5.o(i.HMAC_MD5), (354 bytes).
    Removing stm32f4xx_hash_sha1.o(.rev16_text), (4 bytes).
    Removing stm32f4xx_hash_sha1.o(.revsh_text), (4 bytes).
    Removing stm32f4xx_hash_sha1.o(.rrx_text), (6 bytes).
    Removing stm32f4xx_hash_sha1.o(i.HASH_SHA1), (186 bytes).
    Removing stm32f4xx_hash_sha1.o(i.HMAC_SHA1), (362 bytes).
    Removing stm32f4xx_i2c.o(.rev16_text), (4 bytes).
    Removing stm32f4xx_i2c.o(.revsh_text), (4 bytes).
    Removing stm32f4xx_i2c.o(.rrx_text), (6 bytes).
    Removing stm32f4xx_i2c.o(i.I2C_ARPCmd), (24 bytes).
    Removing stm32f4xx_i2c.o(i.I2C_AcknowledgeConfig), (24 bytes).
    Removing stm32f4xx_i2c.o(i.I2C_AnalogFilterCmd), (24 bytes).
    Removing stm32f4xx_i2c.o(i.I2C_CalculatePEC), (24 bytes).
    Removing stm32f4xx_i2c.o(i.I2C_ClearFlag), (12 bytes).
    Removing stm32f4xx_i2c.o(i.I2C_ClearITPendingBit), (12 bytes).
    Removing stm32f4xx_i2c.o(i.I2C_DMACmd), (24 bytes).
    Removing stm32f4xx_i2c.o(i.I2C_DMALastTransferCmd), (24 bytes).
    Removing stm32f4xx_i2c.o(i.I2C_DigitalFilterConfig), (22 bytes).
    Removing stm32f4xx_i2c.o(i.I2C_DualAddressCmd), (24 bytes).
    Removing stm32f4xx_i2c.o(i.I2C_FastModeDutyCycleConfig), (28 bytes).
    Removing stm32f4xx_i2c.o(i.I2C_GeneralCallCmd), (24 bytes).
    Removing stm32f4xx_i2c.o(i.I2C_GetITStatus), (38 bytes).
    Removing stm32f4xx_i2c.o(i.I2C_GetLastEvent), (26 bytes).
    Removing stm32f4xx_i2c.o(i.I2C_GetPEC), (8 bytes).
    Removing stm32f4xx_i2c.o(i.I2C_ITConfig), (18 bytes).
    Removing stm32f4xx_i2c.o(i.I2C_NACKPositionConfig), (28 bytes).
    Removing stm32f4xx_i2c.o(i.I2C_OwnAddress2Config), (22 bytes).
    Removing stm32f4xx_i2c.o(i.I2C_PECPositionConfig), (28 bytes).
    Removing stm32f4xx_i2c.o(i.I2C_ReadRegister), (22 bytes).
    Removing stm32f4xx_i2c.o(i.I2C_ReceiveData), (8 bytes).
    Removing stm32f4xx_i2c.o(i.I2C_SMBusAlertConfig), (28 bytes).
    Removing stm32f4xx_i2c.o(i.I2C_SoftwareResetCmd), (22 bytes).
    Removing stm32f4xx_i2c.o(i.I2C_StretchClockCmd), (24 bytes).
    Removing stm32f4xx_i2c.o(i.I2C_StructInit), (30 bytes).
    Removing stm32f4xx_i2c.o(i.I2C_TransmitPEC), (24 bytes).
    Removing stm32f4xx_iwdg.o(.rev16_text), (4 bytes).
    Removing stm32f4xx_iwdg.o(.revsh_text), (4 bytes).
    Removing stm32f4xx_iwdg.o(.rrx_text), (6 bytes).
    Removing stm32f4xx_iwdg.o(i.IWDG_Enable), (16 bytes).
    Removing stm32f4xx_iwdg.o(i.IWDG_GetFlagStatus), (24 bytes).
    Removing stm32f4xx_iwdg.o(i.IWDG_ReloadCounter), (16 bytes).
    Removing stm32f4xx_iwdg.o(i.IWDG_SetPrescaler), (12 bytes).
    Removing stm32f4xx_iwdg.o(i.IWDG_SetReload), (12 bytes).
    Removing stm32f4xx_iwdg.o(i.IWDG_WriteAccessCmd), (12 bytes).
    Removing stm32f4xx_pwr.o(.rev16_text), (4 bytes).
    Removing stm32f4xx_pwr.o(.revsh_text), (4 bytes).
    Removing stm32f4xx_pwr.o(.rrx_text), (6 bytes).
    Removing stm32f4xx_pwr.o(i.PWR_BackupAccessCmd), (12 bytes).
    Removing stm32f4xx_pwr.o(i.PWR_BackupRegulatorCmd), (12 bytes).
    Removing stm32f4xx_pwr.o(i.PWR_ClearFlag), (20 bytes).
    Removing stm32f4xx_pwr.o(i.PWR_DeInit), (22 bytes).
    Removing stm32f4xx_pwr.o(i.PWR_EnterSTANDBYMode), (40 bytes).
    Removing stm32f4xx_pwr.o(i.PWR_EnterSTOPMode), (68 bytes).
    Removing stm32f4xx_pwr.o(i.PWR_EnterUnderDriveSTOPMode), (68 bytes).
    Removing stm32f4xx_pwr.o(i.PWR_FlashPowerDownCmd), (12 bytes).
    Removing stm32f4xx_pwr.o(i.PWR_GetFlagStatus), (24 bytes).
    Removing stm32f4xx_pwr.o(i.PWR_LowRegulatorLowVoltageCmd), (24 bytes).
    Removing stm32f4xx_pwr.o(i.PWR_MainRegulatorLowVoltageCmd), (24 bytes).
    Removing stm32f4xx_pwr.o(i.PWR_MainRegulatorModeConfig), (24 bytes).
    Removing stm32f4xx_pwr.o(i.PWR_OverDriveCmd), (12 bytes).
    Removing stm32f4xx_pwr.o(i.PWR_OverDriveSWCmd), (12 bytes).
    Removing stm32f4xx_pwr.o(i.PWR_PVDCmd), (12 bytes).
    Removing stm32f4xx_pwr.o(i.PWR_PVDLevelConfig), (24 bytes).
    Removing stm32f4xx_pwr.o(i.PWR_UnderDriveCmd), (36 bytes).
    Removing stm32f4xx_pwr.o(i.PWR_WakeUpPinCmd), (12 bytes).
    Removing stm32f4xx_rcc.o(.rev16_text), (4 bytes).
    Removing stm32f4xx_rcc.o(.revsh_text), (4 bytes).
    Removing stm32f4xx_rcc.o(.rrx_text), (6 bytes).
    Removing stm32f4xx_rcc.o(i.RCC_AHB1PeriphClockLPModeCmd), (32 bytes).
    Removing stm32f4xx_rcc.o(i.RCC_AHB1PeriphResetCmd), (32 bytes).
    Removing stm32f4xx_rcc.o(i.RCC_AHB2PeriphClockCmd), (32 bytes).
    Removing stm32f4xx_rcc.o(i.RCC_AHB2PeriphClockLPModeCmd), (32 bytes).
    Removing stm32f4xx_rcc.o(i.RCC_AHB2PeriphResetCmd), (32 bytes).
    Removing stm32f4xx_rcc.o(i.RCC_APB1PeriphClockLPModeCmd), (32 bytes).
    Removing stm32f4xx_rcc.o(i.RCC_APB2PeriphClockLPModeCmd), (32 bytes).
    Removing stm32f4xx_rcc.o(i.RCC_APB2PeriphResetCmd), (32 bytes).
    Removing stm32f4xx_rcc.o(i.RCC_AdjustHSICalibrationValue), (24 bytes).
    Removing stm32f4xx_rcc.o(i.RCC_BackupResetCmd), (12 bytes).
    Removing stm32f4xx_rcc.o(i.RCC_ClearFlag), (20 bytes).
    Removing stm32f4xx_rcc.o(i.RCC_ClearITPendingBit), (12 bytes).
    Removing stm32f4xx_rcc.o(i.RCC_ClockSecuritySystemCmd), (12 bytes).
    Removing stm32f4xx_rcc.o(i.RCC_DeInit), (92 bytes).
    Removing stm32f4xx_rcc.o(i.RCC_GetFlagStatus), (64 bytes).
    Removing stm32f4xx_rcc.o(i.RCC_GetITStatus), (24 bytes).
    Removing stm32f4xx_rcc.o(i.RCC_GetSYSCLKSource), (16 bytes).
    Removing stm32f4xx_rcc.o(i.RCC_HCLKConfig), (24 bytes).
    Removing stm32f4xx_rcc.o(i.RCC_HSEConfig), (16 bytes).
    Removing stm32f4xx_rcc.o(i.RCC_HSICmd), (12 bytes).
    Removing stm32f4xx_rcc.o(i.RCC_I2SCLKConfig), (12 bytes).
    Removing stm32f4xx_rcc.o(i.RCC_ITConfig), (32 bytes).
    Removing stm32f4xx_rcc.o(i.RCC_LSEConfig), (44 bytes).
    Removing stm32f4xx_rcc.o(i.RCC_LSEModeConfig), (36 bytes).
    Removing stm32f4xx_rcc.o(i.RCC_LSICmd), (12 bytes).
    Removing stm32f4xx_rcc.o(i.RCC_LTDCCLKDivConfig), (24 bytes).
    Removing stm32f4xx_rcc.o(i.RCC_MCO1Config), (28 bytes).
    Removing stm32f4xx_rcc.o(i.RCC_MCO2Config), (28 bytes).
    Removing stm32f4xx_rcc.o(i.RCC_PCLK1Config), (24 bytes).
    Removing stm32f4xx_rcc.o(i.RCC_PCLK2Config), (24 bytes).
    Removing stm32f4xx_rcc.o(i.RCC_PLLCmd), (12 bytes).
    Removing stm32f4xx_rcc.o(i.RCC_PLLConfig), (36 bytes).
    Removing stm32f4xx_rcc.o(i.RCC_PLLI2SCmd), (12 bytes).
    Removing stm32f4xx_rcc.o(i.RCC_PLLI2SConfig), (16 bytes).
    Removing stm32f4xx_rcc.o(i.RCC_PLLSAICmd), (12 bytes).
    Removing stm32f4xx_rcc.o(i.RCC_PLLSAIConfig), (24 bytes).
    Removing stm32f4xx_rcc.o(i.RCC_RTCCLKCmd), (12 bytes).
    Removing stm32f4xx_rcc.o(i.RCC_RTCCLKConfig), (60 bytes).
    Removing stm32f4xx_rcc.o(i.RCC_SAIPLLI2SClkDivConfig), (28 bytes).
    Removing stm32f4xx_rcc.o(i.RCC_SAIPLLSAIClkDivConfig), (28 bytes).
    Removing stm32f4xx_rcc.o(i.RCC_SYSCLKConfig), (24 bytes).
    Removing stm32f4xx_rcc.o(i.RCC_TIMCLKPresConfig), (12 bytes).
    Removing stm32f4xx_rcc.o(i.RCC_WaitForHSEStartUp), (56 bytes).
    Removing stm32f4xx_rtc.o(.rev16_text), (4 bytes).
    Removing stm32f4xx_rtc.o(.revsh_text), (4 bytes).
    Removing stm32f4xx_rtc.o(.rrx_text), (6 bytes).
    Removing stm32f4xx_rtc.o(i.RTC_AlarmCmd), (116 bytes).
    Removing stm32f4xx_rtc.o(i.RTC_AlarmStructInit), (22 bytes).
    Removing stm32f4xx_rtc.o(i.RTC_AlarmSubSecondConfig), (52 bytes).
    Removing stm32f4xx_rtc.o(i.RTC_Bcd2ToByte), (22 bytes).
    Removing stm32f4xx_rtc.o(i.RTC_BypassShadowCmd), (60 bytes).
    Removing stm32f4xx_rtc.o(i.RTC_ByteToBcd2), (28 bytes).
    Removing stm32f4xx_rtc.o(i.RTC_CalibOutputCmd), (60 bytes).
    Removing stm32f4xx_rtc.o(i.RTC_CalibOutputConfig), (48 bytes).
    Removing stm32f4xx_rtc.o(i.RTC_ClearFlag), (28 bytes).
    Removing stm32f4xx_rtc.o(i.RTC_ClearITPendingBit), (32 bytes).
    Removing stm32f4xx_rtc.o(i.RTC_CoarseCalibCmd), (80 bytes).
    Removing stm32f4xx_rtc.o(i.RTC_CoarseCalibConfig), (56 bytes).
    Removing stm32f4xx_rtc.o(i.RTC_DateStructInit), (14 bytes).
    Removing stm32f4xx_rtc.o(i.RTC_DayLightSavingConfig), (56 bytes).
    Removing stm32f4xx_rtc.o(i.RTC_DeInit), (212 bytes).
    Removing stm32f4xx_rtc.o(i.RTC_EnterInitMode), (80 bytes).
    Removing stm32f4xx_rtc.o(i.RTC_ExitInitMode), (20 bytes).
    Removing stm32f4xx_rtc.o(i.RTC_GetAlarm), (116 bytes).
    Removing stm32f4xx_rtc.o(i.RTC_GetAlarmSubSecond), (36 bytes).
    Removing stm32f4xx_rtc.o(i.RTC_GetDate), (76 bytes).
    Removing stm32f4xx_rtc.o(i.RTC_GetFlagStatus), (40 bytes).
    Removing stm32f4xx_rtc.o(i.RTC_GetITStatus), (68 bytes).
    Removing stm32f4xx_rtc.o(i.RTC_GetStoreOperation), (16 bytes).
    Removing stm32f4xx_rtc.o(i.RTC_GetSubSecond), (20 bytes).
    Removing stm32f4xx_rtc.o(i.RTC_GetTime), (80 bytes).
    Removing stm32f4xx_rtc.o(i.RTC_GetTimeStamp), (156 bytes).
    Removing stm32f4xx_rtc.o(i.RTC_GetTimeStampSubSecond), (12 bytes).
    Removing stm32f4xx_rtc.o(i.RTC_GetWakeUpCounter), (12 bytes).
    Removing stm32f4xx_rtc.o(i.RTC_ITConfig), (100 bytes).
    Removing stm32f4xx_rtc.o(i.RTC_Init), (100 bytes).
    Removing stm32f4xx_rtc.o(i.RTC_OutputConfig), (56 bytes).
    Removing stm32f4xx_rtc.o(i.RTC_OutputTypeConfig), (28 bytes).
    Removing stm32f4xx_rtc.o(i.RTC_ReadBackupRegister), (32 bytes).
    Removing stm32f4xx_rtc.o(i.RTC_RefClockCmd), (80 bytes).
    Removing stm32f4xx_rtc.o(i.RTC_SetAlarm), (236 bytes).
    Removing stm32f4xx_rtc.o(i.RTC_SetDate), (200 bytes).
    Removing stm32f4xx_rtc.o(i.RTC_SetTime), (208 bytes).
    Removing stm32f4xx_rtc.o(i.RTC_SetWakeUpCounter), (28 bytes).
    Removing stm32f4xx_rtc.o(i.RTC_SmoothCalibConfig), (96 bytes).
    Removing stm32f4xx_rtc.o(i.RTC_StructInit), (14 bytes).
    Removing stm32f4xx_rtc.o(i.RTC_SynchroShiftConfig), (124 bytes).
    Removing stm32f4xx_rtc.o(i.RTC_TamperCmd), (32 bytes).
    Removing stm32f4xx_rtc.o(i.RTC_TamperFilterConfig), (28 bytes).
    Removing stm32f4xx_rtc.o(i.RTC_TamperPinSelection), (28 bytes).
    Removing stm32f4xx_rtc.o(i.RTC_TamperPinsPrechargeDuration), (28 bytes).
    Removing stm32f4xx_rtc.o(i.RTC_TamperPullUpCmd), (36 bytes).
    Removing stm32f4xx_rtc.o(i.RTC_TamperSamplingFreqConfig), (28 bytes).
    Removing stm32f4xx_rtc.o(i.RTC_TamperTriggerConfig), (36 bytes).
    Removing stm32f4xx_rtc.o(i.RTC_TimeStampCmd), (56 bytes).
    Removing stm32f4xx_rtc.o(i.RTC_TimeStampOnTamperDetectionCmd), (36 bytes).
    Removing stm32f4xx_rtc.o(i.RTC_TimeStampPinSelection), (28 bytes).
    Removing stm32f4xx_rtc.o(i.RTC_TimeStructInit), (12 bytes).
    Removing stm32f4xx_rtc.o(i.RTC_WaitForSynchro), (96 bytes).
    Removing stm32f4xx_rtc.o(i.RTC_WakeUpClockConfig), (48 bytes).
    Removing stm32f4xx_rtc.o(i.RTC_WakeUpCmd), (120 bytes).
    Removing stm32f4xx_rtc.o(i.RTC_WriteBackupRegister), (28 bytes).
    Removing stm32f4xx_rtc.o(i.RTC_WriteProtectionCmd), (28 bytes).
    Removing stm32f4xx_sdio.o(.rev16_text), (4 bytes).
    Removing stm32f4xx_sdio.o(.revsh_text), (4 bytes).
    Removing stm32f4xx_sdio.o(.rrx_text), (6 bytes).
    Removing stm32f4xx_sdio.o(i.SDIO_CEATAITCmd), (16 bytes).
    Removing stm32f4xx_sdio.o(i.SDIO_ClearFlag), (12 bytes).
    Removing stm32f4xx_sdio.o(i.SDIO_ClearITPendingBit), (12 bytes).
    Removing stm32f4xx_sdio.o(i.SDIO_ClockCmd), (12 bytes).
    Removing stm32f4xx_sdio.o(i.SDIO_CmdStructInit), (14 bytes).
    Removing stm32f4xx_sdio.o(i.SDIO_CommandCompletionCmd), (12 bytes).
    Removing stm32f4xx_sdio.o(i.SDIO_DMACmd), (12 bytes).
    Removing stm32f4xx_sdio.o(i.SDIO_DataConfig), (52 bytes).
    Removing stm32f4xx_sdio.o(i.SDIO_DataStructInit), (20 bytes).
    Removing stm32f4xx_sdio.o(i.SDIO_DeInit), (22 bytes).
    Removing stm32f4xx_sdio.o(i.SDIO_GetCommandResponse), (12 bytes).
    Removing stm32f4xx_sdio.o(i.SDIO_GetDataCounter), (12 bytes).
    Removing stm32f4xx_sdio.o(i.SDIO_GetFIFOCount), (12 bytes).
    Removing stm32f4xx_sdio.o(i.SDIO_GetFlagStatus), (24 bytes).
    Removing stm32f4xx_sdio.o(i.SDIO_GetITStatus), (24 bytes).
    Removing stm32f4xx_sdio.o(i.SDIO_GetPowerState), (16 bytes).
    Removing stm32f4xx_sdio.o(i.SDIO_GetResponse), (24 bytes).
    Removing stm32f4xx_sdio.o(i.SDIO_ITConfig), (32 bytes).
    Removing stm32f4xx_sdio.o(i.SDIO_Init), (48 bytes).
    Removing stm32f4xx_sdio.o(i.SDIO_ReadData), (12 bytes).
    Removing stm32f4xx_sdio.o(i.SDIO_SendCEATACmd), (12 bytes).
    Removing stm32f4xx_sdio.o(i.SDIO_SendCommand), (44 bytes).
    Removing stm32f4xx_sdio.o(i.SDIO_SendSDIOSuspendCmd), (12 bytes).
    Removing stm32f4xx_sdio.o(i.SDIO_SetPowerState), (12 bytes).
    Removing stm32f4xx_sdio.o(i.SDIO_SetSDIOOperation), (12 bytes).
    Removing stm32f4xx_sdio.o(i.SDIO_SetSDIOReadWaitMode), (12 bytes).
    Removing stm32f4xx_sdio.o(i.SDIO_StartSDIOReadWait), (12 bytes).
    Removing stm32f4xx_sdio.o(i.SDIO_StopSDIOReadWait), (12 bytes).
    Removing stm32f4xx_sdio.o(i.SDIO_StructInit), (16 bytes).
    Removing stm32f4xx_sdio.o(i.SDIO_WriteData), (12 bytes).
    Removing stm32f4xx_spdifrx.o(.rev16_text), (4 bytes).
    Removing stm32f4xx_spdifrx.o(.revsh_text), (4 bytes).
    Removing stm32f4xx_spdifrx.o(.rrx_text), (6 bytes).
    Removing stm32f4xx_spi.o(.rev16_text), (4 bytes).
    Removing stm32f4xx_spi.o(.revsh_text), (4 bytes).
    Removing stm32f4xx_spi.o(.rrx_text), (6 bytes).
    Removing stm32f4xx_spi.o(i.I2S_Cmd), (24 bytes).
    Removing stm32f4xx_spi.o(i.I2S_FullDuplexConfig), (80 bytes).
    Removing stm32f4xx_spi.o(i.I2S_Init), (408 bytes).
    Removing stm32f4xx_spi.o(i.I2S_StructInit), (20 bytes).
    Removing stm32f4xx_spi.o(i.SPI_BiDirectionalLineConfig), (28 bytes).
    Removing stm32f4xx_spi.o(i.SPI_CalculateCRC), (24 bytes).
    Removing stm32f4xx_spi.o(i.SPI_Cmd), (24 bytes).
    Removing stm32f4xx_spi.o(i.SPI_DataSizeConfig), (18 bytes).
    Removing stm32f4xx_spi.o(i.SPI_GetCRC), (16 bytes).
    Removing stm32f4xx_spi.o(i.SPI_GetCRCPolynomial), (6 bytes).
    Removing stm32f4xx_spi.o(i.SPI_I2S_ClearFlag), (6 bytes).
    Removing stm32f4xx_spi.o(i.SPI_I2S_ClearITPendingBit), (20 bytes).
    Removing stm32f4xx_spi.o(i.SPI_I2S_DMACmd), (18 bytes).
    Removing stm32f4xx_spi.o(i.SPI_I2S_DeInit), (176 bytes).
    Removing stm32f4xx_spi.o(i.SPI_I2S_GetFlagStatus), (18 bytes).
    Removing stm32f4xx_spi.o(i.SPI_I2S_GetITStatus), (52 bytes).
    Removing stm32f4xx_spi.o(i.SPI_I2S_ITConfig), (32 bytes).
    Removing stm32f4xx_spi.o(i.SPI_I2S_ReceiveData), (6 bytes).
    Removing stm32f4xx_spi.o(i.SPI_I2S_SendData), (4 bytes).
    Removing stm32f4xx_spi.o(i.SPI_Init), (60 bytes).
    Removing stm32f4xx_spi.o(i.SPI_NSSInternalSoftwareConfig), (30 bytes).
    Removing stm32f4xx_spi.o(i.SPI_SSOutputCmd), (24 bytes).
    Removing stm32f4xx_spi.o(i.SPI_StructInit), (24 bytes).
    Removing stm32f4xx_spi.o(i.SPI_TIModeCmd), (24 bytes).
    Removing stm32f4xx_spi.o(i.SPI_TransmitCRC), (10 bytes).
    Removing stm32f4xx_syscfg.o(.rev16_text), (4 bytes).
    Removing stm32f4xx_syscfg.o(.revsh_text), (4 bytes).
    Removing stm32f4xx_syscfg.o(.rrx_text), (6 bytes).
    Removing stm32f4xx_syscfg.o(i.SYSCFG_CompensationCellCmd), (12 bytes).
    Removing stm32f4xx_syscfg.o(i.SYSCFG_DeInit), (22 bytes).
    Removing stm32f4xx_syscfg.o(i.SYSCFG_ETH_MediaInterfaceConfig), (12 bytes).
    Removing stm32f4xx_syscfg.o(i.SYSCFG_EXTILineConfig), (64 bytes).
    Removing stm32f4xx_syscfg.o(i.SYSCFG_GetCompensationCellStatus), (24 bytes).
    Removing stm32f4xx_syscfg.o(i.SYSCFG_MemoryRemapConfig), (12 bytes).
    Removing stm32f4xx_syscfg.o(i.SYSCFG_MemorySwappingBank), (12 bytes).
    Removing stm32f4xx_tim.o(.rev16_text), (4 bytes).
    Removing stm32f4xx_tim.o(.revsh_text), (4 bytes).
    Removing stm32f4xx_tim.o(.rrx_text), (6 bytes).
    Removing stm32f4xx_tim.o(i.TIM_BDTRConfig), (32 bytes).
    Removing stm32f4xx_tim.o(i.TIM_BDTRStructInit), (18 bytes).
    Removing stm32f4xx_tim.o(i.TIM_CCPreloadControl), (24 bytes).
    Removing stm32f4xx_tim.o(i.TIM_CCxCmd), (30 bytes).
    Removing stm32f4xx_tim.o(i.TIM_CCxNCmd), (30 bytes).
    Removing stm32f4xx_tim.o(i.TIM_ClearOC1Ref), (18 bytes).
    Removing stm32f4xx_tim.o(i.TIM_ClearOC2Ref), (24 bytes).
    Removing stm32f4xx_tim.o(i.TIM_ClearOC3Ref), (18 bytes).
    Removing stm32f4xx_tim.o(i.TIM_ClearOC4Ref), (24 bytes).
    Removing stm32f4xx_tim.o(i.TIM_CounterModeConfig), (18 bytes).
    Removing stm32f4xx_tim.o(i.TIM_CtrlPWMOutputs), (30 bytes).
    Removing stm32f4xx_tim.o(i.TIM_DMACmd), (18 bytes).
    Removing stm32f4xx_tim.o(i.TIM_DMAConfig), (10 bytes).
    Removing stm32f4xx_tim.o(i.TIM_DeInit), (400 bytes).
    Removing stm32f4xx_tim.o(i.TIM_ETRClockMode1Config), (54 bytes).
    Removing stm32f4xx_tim.o(i.TIM_ETRClockMode2Config), (32 bytes).
    Removing stm32f4xx_tim.o(i.TIM_ETRConfig), (28 bytes).
    Removing stm32f4xx_tim.o(i.TIM_EncoderInterfaceConfig), (66 bytes).
    Removing stm32f4xx_tim.o(i.TIM_ForcedOC1Config), (18 bytes).
    Removing stm32f4xx_tim.o(i.TIM_ForcedOC2Config), (26 bytes).
    Removing stm32f4xx_tim.o(i.TIM_ForcedOC3Config), (18 bytes).
    Removing stm32f4xx_tim.o(i.TIM_ForcedOC4Config), (26 bytes).
    Removing stm32f4xx_tim.o(i.TIM_GenerateEvent), (4 bytes).
    Removing stm32f4xx_tim.o(i.TIM_GetCapture1), (6 bytes).
    Removing stm32f4xx_tim.o(i.TIM_GetCapture3), (6 bytes).
    Removing stm32f4xx_tim.o(i.TIM_GetCapture4), (6 bytes).
    Removing stm32f4xx_tim.o(i.TIM_GetCounter), (6 bytes).
    Removing stm32f4xx_tim.o(i.TIM_GetFlagStatus), (18 bytes).
    Removing stm32f4xx_tim.o(i.TIM_GetITStatus), (34 bytes).
    Removing stm32f4xx_tim.o(i.TIM_GetPrescaler), (6 bytes).
    Removing stm32f4xx_tim.o(i.TIM_ICStructInit), (18 bytes).
    Removing stm32f4xx_tim.o(i.TIM_ITRxExternalClockConfig), (24 bytes).
    Removing stm32f4xx_tim.o(i.TIM_InternalClockConfig), (12 bytes).
    Removing stm32f4xx_tim.o(i.TIM_OC1FastConfig), (18 bytes).
    Removing stm32f4xx_tim.o(i.TIM_OC1NPolarityConfig), (18 bytes).
    Removing stm32f4xx_tim.o(i.TIM_OC1PolarityConfig), (18 bytes).
    Removing stm32f4xx_tim.o(i.TIM_OC2FastConfig), (26 bytes).
    Removing stm32f4xx_tim.o(i.TIM_OC2NPolarityConfig), (26 bytes).
    Removing stm32f4xx_tim.o(i.TIM_OC2PolarityConfig), (26 bytes).
    Removing stm32f4xx_tim.o(i.TIM_OC3FastConfig), (18 bytes).
    Removing stm32f4xx_tim.o(i.TIM_OC3NPolarityConfig), (26 bytes).
    Removing stm32f4xx_tim.o(i.TIM_OC3PolarityConfig), (26 bytes).
    Removing stm32f4xx_tim.o(i.TIM_OC4FastConfig), (26 bytes).
    Removing stm32f4xx_tim.o(i.TIM_OC4PolarityConfig), (26 bytes).
    Removing stm32f4xx_tim.o(i.TIM_OCStructInit), (20 bytes).
    Removing stm32f4xx_tim.o(i.TIM_PWMIConfig), (124 bytes).
    Removing stm32f4xx_tim.o(i.TIM_PrescalerConfig), (6 bytes).
    Removing stm32f4xx_tim.o(i.TIM_RemapConfig), (6 bytes).
    Removing stm32f4xx_tim.o(i.TIM_SelectCCDMA), (24 bytes).
    Removing stm32f4xx_tim.o(i.TIM_SelectCOM), (24 bytes).
    Removing stm32f4xx_tim.o(i.TIM_SelectHallSensor), (24 bytes).
    Removing stm32f4xx_tim.o(i.TIM_SelectInputTrigger), (18 bytes).
    Removing stm32f4xx_tim.o(i.TIM_SelectMasterSlaveMode), (18 bytes).
    Removing stm32f4xx_tim.o(i.TIM_SelectOCxM), (86 bytes).
    Removing stm32f4xx_tim.o(i.TIM_SelectOnePulseMode), (18 bytes).
    Removing stm32f4xx_tim.o(i.TIM_SelectOutputTrigger), (18 bytes).
    Removing stm32f4xx_tim.o(i.TIM_SelectSlaveMode), (18 bytes).
    Removing stm32f4xx_tim.o(i.TIM_SetAutoreload), (4 bytes).
    Removing stm32f4xx_tim.o(i.TIM_SetClockDivision), (18 bytes).
    Removing stm32f4xx_tim.o(i.TIM_SetCompare1), (4 bytes).
    Removing stm32f4xx_tim.o(i.TIM_SetCompare2), (4 bytes).
    Removing stm32f4xx_tim.o(i.TIM_SetCompare3), (4 bytes).
    Removing stm32f4xx_tim.o(i.TIM_SetCompare4), (4 bytes).
    Removing stm32f4xx_tim.o(i.TIM_SetCounter), (4 bytes).
    Removing stm32f4xx_tim.o(i.TIM_TIxExternalClockConfig), (62 bytes).
    Removing stm32f4xx_tim.o(i.TIM_TimeBaseStructInit), (18 bytes).
    Removing stm32f4xx_tim.o(i.TIM_UpdateDisableConfig), (24 bytes).
    Removing stm32f4xx_tim.o(i.TIM_UpdateRequestConfig), (24 bytes).
    Removing stm32f4xx_usart.o(.rev16_text), (4 bytes).
    Removing stm32f4xx_usart.o(.revsh_text), (4 bytes).
    Removing stm32f4xx_usart.o(.rrx_text), (6 bytes).
    Removing stm32f4xx_usart.o(i.USART_ClearFlag), (18 bytes).
    Removing stm32f4xx_usart.o(i.USART_ClearITPendingBit), (30 bytes).
    Removing stm32f4xx_usart.o(i.USART_ClockInit), (32 bytes).
    Removing stm32f4xx_usart.o(i.USART_ClockStructInit), (12 bytes).
    Removing stm32f4xx_usart.o(i.USART_DMACmd), (18 bytes).
    Removing stm32f4xx_usart.o(i.USART_DeInit), (240 bytes).
    Removing stm32f4xx_usart.o(i.USART_GetFlagStatus), (26 bytes).
    Removing stm32f4xx_usart.o(i.USART_HalfDuplexCmd), (24 bytes).
    Removing stm32f4xx_usart.o(i.USART_IrDACmd), (24 bytes).
    Removing stm32f4xx_usart.o(i.USART_IrDAConfig), (18 bytes).
    Removing stm32f4xx_usart.o(i.USART_LINBreakDetectLengthConfig), (18 bytes).
    Removing stm32f4xx_usart.o(i.USART_LINCmd), (24 bytes).
    Removing stm32f4xx_usart.o(i.USART_OneBitMethodCmd), (24 bytes).
    Removing stm32f4xx_usart.o(i.USART_OverSampling8Cmd), (22 bytes).
    Removing stm32f4xx_usart.o(i.USART_ReceiverWakeUpCmd), (24 bytes).
    Removing stm32f4xx_usart.o(i.USART_SendBreak), (10 bytes).
    Removing stm32f4xx_usart.o(i.USART_SendData), (8 bytes).
    Removing stm32f4xx_usart.o(i.USART_SetAddress), (18 bytes).
    Removing stm32f4xx_usart.o(i.USART_SetGuardTime), (16 bytes).
    Removing stm32f4xx_usart.o(i.USART_SetPrescaler), (16 bytes).
    Removing stm32f4xx_usart.o(i.USART_SmartCardCmd), (24 bytes).
    Removing stm32f4xx_usart.o(i.USART_SmartCardNACKCmd), (24 bytes).
    Removing stm32f4xx_usart.o(i.USART_StructInit), (24 bytes).
    Removing stm32f4xx_usart.o(i.USART_WakeUpConfig), (18 bytes).
    Removing stm32f4xx_wwdg.o(.rev16_text), (4 bytes).
    Removing stm32f4xx_wwdg.o(.revsh_text), (4 bytes).
    Removing stm32f4xx_wwdg.o(.rrx_text), (6 bytes).
    Removing stm32f4xx_wwdg.o(i.WWDG_ClearFlag), (12 bytes).
    Removing stm32f4xx_wwdg.o(i.WWDG_DeInit), (22 bytes).
    Removing stm32f4xx_wwdg.o(i.WWDG_Enable), (16 bytes).
    Removing stm32f4xx_wwdg.o(i.WWDG_EnableIT), (12 bytes).
    Removing stm32f4xx_wwdg.o(i.WWDG_GetFlagStatus), (20 bytes).
    Removing stm32f4xx_wwdg.o(i.WWDG_SetCounter), (16 bytes).
    Removing stm32f4xx_wwdg.o(i.WWDG_SetPrescaler), (24 bytes).
    Removing stm32f4xx_wwdg.o(i.WWDG_SetWindowValue), (40 bytes).
    Removing system_stm32f4xx.o(.rev16_text), (4 bytes).
    Removing system_stm32f4xx.o(.revsh_text), (4 bytes).
    Removing system_stm32f4xx.o(.rrx_text), (6 bytes).
    Removing system_stm32f4xx.o(i.SystemCoreClockUpdate), (192 bytes).
    Removing system_stm32f4xx.o(.data), (20 bytes).
    Removing dadd.o(.text), (334 bytes).
    Removing dmul.o(.text), (228 bytes).
    Removing ddiv.o(.text), (222 bytes).
    Removing dfixul.o(.text), (48 bytes).
    Removing cdrcmple.o(.text), (48 bytes).
    Removing depilogue.o(.text), (186 bytes).

582 unused section(s) (total 22854 bytes) removed from the image.

==============================================================================

Image Symbol Table

    Local Symbols

    Symbol Name                              Value     Ov Type        Size  Object(Section)

    ../clib/../cmprslib/zerorunl2.c          0x00000000   Number         0  __dczerorl2.o ABSOLUTE
    ../clib/microlib/division.c              0x00000000   Number         0  uidiv.o ABSOLUTE
    ../clib/microlib/division.c              0x00000000   Number         0  uldiv.o ABSOLUTE
    ../clib/microlib/init/entry.s            0x00000000   Number         0  entry10a.o ABSOLUTE
    ../clib/microlib/init/entry.s            0x00000000   Number         0  entry.o ABSOLUTE
    ../clib/microlib/init/entry.s            0x00000000   Number         0  entry10b.o ABSOLUTE
    ../clib/microlib/init/entry.s            0x00000000   Number         0  entry8a.o ABSOLUTE
    ../clib/microlib/init/entry.s            0x00000000   Number         0  entry11a.o ABSOLUTE
    ../clib/microlib/init/entry.s            0x00000000   Number         0  entry11b.o ABSOLUTE
    ../clib/microlib/init/entry.s            0x00000000   Number         0  entry12a.o ABSOLUTE
    ../clib/microlib/init/entry.s            0x00000000   Number         0  entry12b.o ABSOLUTE
    ../clib/microlib/init/entry.s            0x00000000   Number         0  entry2.o ABSOLUTE
    ../clib/microlib/init/entry.s            0x00000000   Number         0  entry5.o ABSOLUTE
    ../clib/microlib/init/entry.s            0x00000000   Number         0  entry7a.o ABSOLUTE
    ../clib/microlib/init/entry.s            0x00000000   Number         0  entry7b.o ABSOLUTE
    ../clib/microlib/init/entry.s            0x00000000   Number         0  entry8b.o ABSOLUTE
    ../clib/microlib/init/entry.s            0x00000000   Number         0  entry9a.o ABSOLUTE
    ../clib/microlib/init/entry.s            0x00000000   Number         0  entry9b.o ABSOLUTE
    ../clib/microlib/longlong.c              0x00000000   Number         0  llushr.o ABSOLUTE
    ../clib/microlib/longlong.c              0x00000000   Number         0  llsshr.o ABSOLUTE
    ../clib/microlib/longlong.c              0x00000000   Number         0  llshl.o ABSOLUTE
    ../clib/microlib/malloc/malloc.c         0x00000000   Number         0  mallocr.o ABSOLUTE
    ../clib/microlib/malloc/malloc.c         0x00000000   Number         0  malloca.o ABSOLUTE
    ../clib/microlib/malloc/malloc.c         0x00000000   Number         0  malloc.o ABSOLUTE
    ../clib/microlib/malloc/malloc.c         0x00000000   Number         0  mallocra.o ABSOLUTE
    ../clib/microlib/malloc/mvars.c          0x00000000   Number         0  mvars.o ABSOLUTE
    ../clib/microlib/printf/printf.c         0x00000000   Number         0  printfb.o ABSOLUTE
    ../clib/microlib/printf/printf.c         0x00000000   Number         0  printf0.o ABSOLUTE
    ../clib/microlib/printf/printf.c         0x00000000   Number         0  printf1.o ABSOLUTE
    ../clib/microlib/printf/printf.c         0x00000000   Number         0  printfa.o ABSOLUTE
    ../clib/microlib/printf/printf.c         0x00000000   Number         0  printf7.o ABSOLUTE
    ../clib/microlib/printf/printf.c         0x00000000   Number         0  printf6.o ABSOLUTE
    ../clib/microlib/printf/printf.c         0x00000000   Number         0  printf5.o ABSOLUTE
    ../clib/microlib/printf/printf.c         0x00000000   Number         0  printf4.o ABSOLUTE
    ../clib/microlib/printf/printf.c         0x00000000   Number         0  printf3.o ABSOLUTE
    ../clib/microlib/printf/printf.c         0x00000000   Number         0  printf8.o ABSOLUTE
    ../clib/microlib/printf/printf.c         0x00000000   Number         0  printf2.o ABSOLUTE
    ../clib/microlib/printf/stubs.s          0x00000000   Number         0  stubs.o ABSOLUTE
    ../clib/microlib/stdio/streams.c         0x00000000   Number         0  stdout.o ABSOLUTE
    ../clib/microlib/string/memcpy.c         0x00000000   Number         0  memcpyb.o ABSOLUTE
    ../clib/microlib/string/memcpy.c         0x00000000   Number         0  memcpya.o ABSOLUTE
    ../clib/microlib/string/strlen.c         0x00000000   Number         0  strlen.o ABSOLUTE
    ../clib/microlib/string/strncmp.c        0x00000000   Number         0  strncmp.o ABSOLUTE
    ../clib/microlib/stubs.s                 0x00000000   Number         0  iusefp.o ABSOLUTE
    ../fplib/microlib/fpadd.c                0x00000000   Number         0  dadd.o ABSOLUTE
    ../fplib/microlib/fpdiv.c                0x00000000   Number         0  ddiv.o ABSOLUTE
    ../fplib/microlib/fpepilogue.c           0x00000000   Number         0  depilogue.o ABSOLUTE
    ../fplib/microlib/fpfix.c                0x00000000   Number         0  dfixul.o ABSOLUTE
    ../fplib/microlib/fpmul.c                0x00000000   Number         0  dmul.o ABSOLUTE
    ESP8266\\bsp_esp8266.c                   0x00000000   Number         0  bsp_esp8266.o ABSOLUTE
    ESP8266\bsp_esp8266.c                    0x00000000   Number         0  bsp_esp8266.o ABSOLUTE
    GY86\\bsp_gy86.c                         0x00000000   Number         0  bsp_gy86.o ABSOLUTE
    GY86\bsp_gy86.c                          0x00000000   Number         0  bsp_gy86.o ABSOLUTE
    I2C\\bsp_i2c.c                           0x00000000   Number         0  bsp_i2c.o ABSOLUTE
    I2C\bsp_i2c.c                            0x00000000   Number         0  bsp_i2c.o ABSOLUTE
    LED\\bsp_led.c                           0x00000000   Number         0  bsp_led.o ABSOLUTE
    LED\bsp_led.c                            0x00000000   Number         0  bsp_led.o ABSOLUTE
    OLED\\bsp_oled.c                         0x00000000   Number         0  bsp_oled.o ABSOLUTE
    OLED\bsp_oled.c                          0x00000000   Number         0  bsp_oled.o ABSOLUTE
    PPM\\bsp_ppm.c                           0x00000000   Number         0  bsp_ppm.o ABSOLUTE
    PPM\bsp_ppm.c                            0x00000000   Number         0  bsp_ppm.o ABSOLUTE
    Ray\\bsp_ray.c                           0x00000000   Number         0  bsp_ray.o ABSOLUTE
    Ray\bsp_ray.c                            0x00000000   Number         0  bsp_ray.o ABSOLUTE
    SYSTICK\\bsp_systick.c                   0x00000000   Number         0  bsp_systick.o ABSOLUTE
    SYSTICK\bsp_systick.c                    0x00000000   Number         0  bsp_systick.o ABSOLUTE
    TIM\\bsp_tim.c                           0x00000000   Number         0  bsp_tim.o ABSOLUTE
    TIM\bsp_tim.c                            0x00000000   Number         0  bsp_tim.o ABSOLUTE
    USART\\bsp_usart.c                       0x00000000   Number         0  bsp_usart.o ABSOLUTE
    USART\bsp_usart.c                        0x00000000   Number         0  bsp_usart.o ABSOLUTE
    USER\\main.c                             0x00000000   Number         0  main.o ABSOLUTE
    USER\main.c                              0x00000000   Number         0  main.o ABSOLUTE
    cdrcmple.s                               0x00000000   Number         0  cdrcmple.o ABSOLUTE
    dc.s                                     0x00000000   Number         0  dc.o ABSOLUTE
    f401\CMSIS\system_stm32f4xx.c            0x00000000   Number         0  system_stm32f4xx.o ABSOLUTE
    f401\FWLIB\misc.c                        0x00000000   Number         0  misc.o ABSOLUTE
    f401\FWLIB\stm32f4xx_dma.c               0x00000000   Number         0  stm32f4xx_dma.o ABSOLUTE
    f401\FWLIB\stm32f4xx_dma2d.c             0x00000000   Number         0  stm32f4xx_dma2d.o ABSOLUTE
    f401\FWLIB\stm32f4xx_exti.c              0x00000000   Number         0  stm32f4xx_exti.o ABSOLUTE
    f401\FWLIB\stm32f4xx_flash.c             0x00000000   Number         0  stm32f4xx_flash.o ABSOLUTE
    f401\FWLIB\stm32f4xx_flash_ramfunc.c     0x00000000   Number         0  stm32f4xx_flash_ramfunc.o ABSOLUTE
    f401\FWLIB\stm32f4xx_gpio.c              0x00000000   Number         0  stm32f4xx_gpio.o ABSOLUTE
    f401\FWLIB\stm32f4xx_hash.c              0x00000000   Number         0  stm32f4xx_hash.o ABSOLUTE
    f401\FWLIB\stm32f4xx_hash_md5.c          0x00000000   Number         0  stm32f4xx_hash_md5.o ABSOLUTE
    f401\FWLIB\stm32f4xx_hash_sha1.c         0x00000000   Number         0  stm32f4xx_hash_sha1.o ABSOLUTE
    f401\FWLIB\stm32f4xx_i2c.c               0x00000000   Number         0  stm32f4xx_i2c.o ABSOLUTE
    f401\FWLIB\stm32f4xx_iwdg.c              0x00000000   Number         0  stm32f4xx_iwdg.o ABSOLUTE
    f401\FWLIB\stm32f4xx_pwr.c               0x00000000   Number         0  stm32f4xx_pwr.o ABSOLUTE
    f401\FWLIB\stm32f4xx_rcc.c               0x00000000   Number         0  stm32f4xx_rcc.o ABSOLUTE
    f401\FWLIB\stm32f4xx_rtc.c               0x00000000   Number         0  stm32f4xx_rtc.o ABSOLUTE
    f401\FWLIB\stm32f4xx_sdio.c              0x00000000   Number         0  stm32f4xx_sdio.o ABSOLUTE
    f401\FWLIB\stm32f4xx_spdifrx.c           0x00000000   Number         0  stm32f4xx_spdifrx.o ABSOLUTE
    f401\FWLIB\stm32f4xx_spi.c               0x00000000   Number         0  stm32f4xx_spi.o ABSOLUTE
    f401\FWLIB\stm32f4xx_syscfg.c            0x00000000   Number         0  stm32f4xx_syscfg.o ABSOLUTE
    f401\FWLIB\stm32f4xx_tim.c               0x00000000   Number         0  stm32f4xx_tim.o ABSOLUTE
    f401\FWLIB\stm32f4xx_usart.c             0x00000000   Number         0  stm32f4xx_usart.o ABSOLUTE
    f401\FWLIB\stm32f4xx_wwdg.c              0x00000000   Number         0  stm32f4xx_wwdg.o ABSOLUTE
    f401\STARTUP\startup_stm32f401xx.s       0x00000000   Number         0  startup_stm32f401xx.o ABSOLUTE
    f401\\CMSIS\\system_stm32f4xx.c          0x00000000   Number         0  system_stm32f4xx.o ABSOLUTE
    f401\\FWLIB\\misc.c                      0x00000000   Number         0  misc.o ABSOLUTE
    f401\\FWLIB\\stm32f4xx_dma.c             0x00000000   Number         0  stm32f4xx_dma.o ABSOLUTE
    f401\\FWLIB\\stm32f4xx_dma2d.c           0x00000000   Number         0  stm32f4xx_dma2d.o ABSOLUTE
    f401\\FWLIB\\stm32f4xx_exti.c            0x00000000   Number         0  stm32f4xx_exti.o ABSOLUTE
    f401\\FWLIB\\stm32f4xx_flash.c           0x00000000   Number         0  stm32f4xx_flash.o ABSOLUTE
    f401\\FWLIB\\stm32f4xx_flash_ramfunc.c   0x00000000   Number         0  stm32f4xx_flash_ramfunc.o ABSOLUTE
    f401\\FWLIB\\stm32f4xx_gpio.c            0x00000000   Number         0  stm32f4xx_gpio.o ABSOLUTE
    f401\\FWLIB\\stm32f4xx_hash.c            0x00000000   Number         0  stm32f4xx_hash.o ABSOLUTE
    f401\\FWLIB\\stm32f4xx_hash_md5.c        0x00000000   Number         0  stm32f4xx_hash_md5.o ABSOLUTE
    f401\\FWLIB\\stm32f4xx_hash_sha1.c       0x00000000   Number         0  stm32f4xx_hash_sha1.o ABSOLUTE
    f401\\FWLIB\\stm32f4xx_i2c.c             0x00000000   Number         0  stm32f4xx_i2c.o ABSOLUTE
    f401\\FWLIB\\stm32f4xx_iwdg.c            0x00000000   Number         0  stm32f4xx_iwdg.o ABSOLUTE
    f401\\FWLIB\\stm32f4xx_pwr.c             0x00000000   Number         0  stm32f4xx_pwr.o ABSOLUTE
    f401\\FWLIB\\stm32f4xx_rcc.c             0x00000000   Number         0  stm32f4xx_rcc.o ABSOLUTE
    f401\\FWLIB\\stm32f4xx_rtc.c             0x00000000   Number         0  stm32f4xx_rtc.o ABSOLUTE
    f401\\FWLIB\\stm32f4xx_sdio.c            0x00000000   Number         0  stm32f4xx_sdio.o ABSOLUTE
    f401\\FWLIB\\stm32f4xx_spdifrx.c         0x00000000   Number         0  stm32f4xx_spdifrx.o ABSOLUTE
    f401\\FWLIB\\stm32f4xx_spi.c             0x00000000   Number         0  stm32f4xx_spi.o ABSOLUTE
    f401\\FWLIB\\stm32f4xx_syscfg.c          0x00000000   Number         0  stm32f4xx_syscfg.o ABSOLUTE
    f401\\FWLIB\\stm32f4xx_tim.c             0x00000000   Number         0  stm32f4xx_tim.o ABSOLUTE
    f401\\FWLIB\\stm32f4xx_usart.c           0x00000000   Number         0  stm32f4xx_usart.o ABSOLUTE
    f401\\FWLIB\\stm32f4xx_wwdg.c            0x00000000   Number         0  stm32f4xx_wwdg.o ABSOLUTE
    handlers.s                               0x00000000   Number         0  handlers.o ABSOLUTE
    init.s                                   0x00000000   Number         0  init.o ABSOLUTE
    RESET                                    0x08000000   Section      404  startup_stm32f401xx.o(RESET)
    .ARM.Collect$$$$00000000                 0x08000194   Section        0  entry.o(.ARM.Collect$$$$00000000)
    .ARM.Collect$$$$00000001                 0x08000194   Section        4  entry2.o(.ARM.Collect$$$$00000001)
    .ARM.Collect$$$$00000004                 0x08000198   Section        4  entry5.o(.ARM.Collect$$$$00000004)
    .ARM.Collect$$$$00000008                 0x0800019c   Section        0  entry7b.o(.ARM.Collect$$$$00000008)
    .ARM.Collect$$$$0000000A                 0x0800019c   Section        0  entry8b.o(.ARM.Collect$$$$0000000A)
    .ARM.Collect$$$$0000000B                 0x0800019c   Section        8  entry9a.o(.ARM.Collect$$$$0000000B)
    .ARM.Collect$$$$0000000E                 0x080001a4   Section        4  entry12b.o(.ARM.Collect$$$$0000000E)
    .ARM.Collect$$$$0000000F                 0x080001a8   Section        0  entry10a.o(.ARM.Collect$$$$0000000F)
    .ARM.Collect$$$$00000011                 0x080001a8   Section        0  entry11a.o(.ARM.Collect$$$$00000011)
    .ARM.Collect$$$$00002712                 0x080001a8   Section        4  entry2.o(.ARM.Collect$$$$00002712)
    __lit__00000000                          0x080001a8   Data           4  entry2.o(.ARM.Collect$$$$00002712)
    .text                                    0x080001ac   Section       36  startup_stm32f401xx.o(.text)
    $v0                                      0x080001ac   Number         0  startup_stm32f401xx.o(.text)
    .text                                    0x080001d0   Section        0  uldiv.o(.text)
    .text                                    0x08000234   Section       36  init.o(.text)
    .text                                    0x08000258   Section        0  llshl.o(.text)
    .text                                    0x08000276   Section        0  llushr.o(.text)
    .text                                    0x08000296   Section        0  __dczerorl2.o(.text)
    i.GPIO_Init                              0x080002ec   Section        0  stm32f4xx_gpio.o(i.GPIO_Init)
    i.GPIO_PinAFConfig                       0x0800037c   Section        0  stm32f4xx_gpio.o(i.GPIO_PinAFConfig)
    i.GPIO_ResetBits                         0x080003c2   Section        0  stm32f4xx_gpio.o(i.GPIO_ResetBits)
    i.GPIO_SetBits                           0x080003c6   Section        0  stm32f4xx_gpio.o(i.GPIO_SetBits)
    i.I2C1_CONFIG                            0x080003cc   Section        0  bsp_i2c.o(i.I2C1_CONFIG)
    i.I2C3_CONFIG                            0x0800046c   Section        0  bsp_i2c.o(i.I2C3_CONFIG)
    i.I2C_CheckEvent                         0x08000524   Section        0  stm32f4xx_i2c.o(i.I2C_CheckEvent)
    i.I2C_Cmd                                0x0800054e   Section        0  stm32f4xx_i2c.o(i.I2C_Cmd)
    i.I2C_DeInit                             0x08000568   Section        0  stm32f4xx_i2c.o(i.I2C_DeInit)
    i.I2C_GenerateSTART                      0x080005c8   Section        0  stm32f4xx_i2c.o(i.I2C_GenerateSTART)
    i.I2C_GenerateSTOP                       0x080005e0   Section        0  stm32f4xx_i2c.o(i.I2C_GenerateSTOP)
    i.I2C_GetFlagStatus                      0x080005f8   Section        0  stm32f4xx_i2c.o(i.I2C_GetFlagStatus)
    i.I2C_Init                               0x08000634   Section        0  stm32f4xx_i2c.o(i.I2C_Init)
    i.I2C_Send7bitAddress                    0x0800071c   Section        0  stm32f4xx_i2c.o(i.I2C_Send7bitAddress)
    i.I2C_SendData                           0x0800072c   Section        0  stm32f4xx_i2c.o(i.I2C_SendData)
    i.LED_CONFIG                             0x08000730   Section        0  bsp_led.o(i.LED_CONFIG)
    i.LED_OFF                                0x08000760   Section        0  bsp_led.o(i.LED_OFF)
    i.LED_ON                                 0x08000770   Section        0  bsp_led.o(i.LED_ON)
    i.NVIC_Init                              0x08000780   Section        0  misc.o(i.NVIC_Init)
    i.NVIC_PriorityGroupConfig               0x080007f8   Section        0  misc.o(i.NVIC_PriorityGroupConfig)
    i.NVIC_usart6_open                       0x0800080c   Section        0  bsp_usart.o(i.NVIC_usart6_open)
    i.OLED_Fill                              0x08000834   Section        0  bsp_oled.o(i.OLED_Fill)
    i.OLED_Init                              0x0800087c   Section        0  bsp_oled.o(i.OLED_Init)
    i.OLED_ON                                0x080008b8   Section        0  bsp_oled.o(i.OLED_ON)
    i.OLED_SetPos                            0x080008d6   Section        0  bsp_oled.o(i.OLED_SetPos)
    i.OLED_ShowStr                           0x0800090c   Section        0  bsp_oled.o(i.OLED_ShowStr)
    i.OLED_Up                                0x0800097c   Section        0  bsp_oled.o(i.OLED_Up)
    i.RCC_AHB1PeriphClockCmd                 0x08000994   Section        0  stm32f4xx_rcc.o(i.RCC_AHB1PeriphClockCmd)
    i.RCC_APB1PeriphClockCmd                 0x080009b4   Section        0  stm32f4xx_rcc.o(i.RCC_APB1PeriphClockCmd)
    i.RCC_APB1PeriphResetCmd                 0x080009d4   Section        0  stm32f4xx_rcc.o(i.RCC_APB1PeriphResetCmd)
    i.RCC_APB2PeriphClockCmd                 0x080009f4   Section        0  stm32f4xx_rcc.o(i.RCC_APB2PeriphClockCmd)
    i.RCC_GetClocksFreq                      0x08000a14   Section        0  stm32f4xx_rcc.o(i.RCC_GetClocksFreq)
    i.SEND_BYTE                              0x08000afc   Section        0  bsp_oled.o(i.SEND_BYTE)
    i.Send_Str                               0x08000b88   Section        0  bsp_oled.o(i.Send_Str)
    i.SetSysClock                            0x08000c20   Section        0  system_stm32f4xx.o(i.SetSysClock)
    SetSysClock                              0x08000c21   Thumb Code   216  system_stm32f4xx.o(i.SetSysClock)
    i.Show_PPM                               0x08000d08   Section        0  bsp_ppm.o(i.Show_PPM)
    i.SystemInit                             0x08000da8   Section        0  system_stm32f4xx.o(i.SystemInit)
    i.TI1_Config                             0x08000e10   Section        0  stm32f4xx_tim.o(i.TI1_Config)
    TI1_Config                               0x08000e11   Thumb Code    58  stm32f4xx_tim.o(i.TI1_Config)
    i.TI2_Config                             0x08000e4a   Section        0  stm32f4xx_tim.o(i.TI2_Config)
    TI2_Config                               0x08000e4b   Thumb Code    80  stm32f4xx_tim.o(i.TI2_Config)
    i.TI3_Config                             0x08000e9a   Section        0  stm32f4xx_tim.o(i.TI3_Config)
    TI3_Config                               0x08000e9b   Thumb Code    72  stm32f4xx_tim.o(i.TI3_Config)
    i.TI4_Config                             0x08000ee2   Section        0  stm32f4xx_tim.o(i.TI4_Config)
    TI4_Config                               0x08000ee3   Thumb Code    80  stm32f4xx_tim.o(i.TI4_Config)
    i.TIM1_CC_IRQHandler                     0x08000f34   Section        0  bsp_ppm.o(i.TIM1_CC_IRQHandler)
    i.TIM1_CONFIG                            0x08000fdc   Section        0  bsp_tim.o(i.TIM1_CONFIG)
    i.TIM3_CONFIG                            0x080010b8   Section        0  bsp_tim.o(i.TIM3_CONFIG)
    i.TIM_ARRPreloadConfig                   0x08001210   Section        0  stm32f4xx_tim.o(i.TIM_ARRPreloadConfig)
    i.TIM_ClearFlag                          0x08001228   Section        0  stm32f4xx_tim.o(i.TIM_ClearFlag)
    i.TIM_ClearITPendingBit                  0x0800122e   Section        0  stm32f4xx_tim.o(i.TIM_ClearITPendingBit)
    i.TIM_Cmd                                0x08001234   Section        0  stm32f4xx_tim.o(i.TIM_Cmd)
    i.TIM_GetCapture2                        0x0800124c   Section        0  stm32f4xx_tim.o(i.TIM_GetCapture2)
    i.TIM_ICInit                             0x08001252   Section        0  stm32f4xx_tim.o(i.TIM_ICInit)
    i.TIM_ITConfig                           0x080012c0   Section        0  stm32f4xx_tim.o(i.TIM_ITConfig)
    i.TIM_OC1Init                            0x080012d4   Section        0  stm32f4xx_tim.o(i.TIM_OC1Init)
    i.TIM_OC1PreloadConfig                   0x08001350   Section        0  stm32f4xx_tim.o(i.TIM_OC1PreloadConfig)
    i.TIM_OC2Init                            0x08001364   Section        0  stm32f4xx_tim.o(i.TIM_OC2Init)
    i.TIM_OC2PreloadConfig                   0x08001408   Section        0  stm32f4xx_tim.o(i.TIM_OC2PreloadConfig)
    i.TIM_OC3Init                            0x08001424   Section        0  stm32f4xx_tim.o(i.TIM_OC3Init)
    i.TIM_OC3PreloadConfig                   0x080014c4   Section        0  stm32f4xx_tim.o(i.TIM_OC3PreloadConfig)
    i.TIM_OC4Init                            0x080014d8   Section        0  stm32f4xx_tim.o(i.TIM_OC4Init)
    i.TIM_OC4PreloadConfig                   0x08001550   Section        0  stm32f4xx_tim.o(i.TIM_OC4PreloadConfig)
    i.TIM_SetIC1Prescaler                    0x0800156a   Section        0  stm32f4xx_tim.o(i.TIM_SetIC1Prescaler)
    i.TIM_SetIC2Prescaler                    0x0800157c   Section        0  stm32f4xx_tim.o(i.TIM_SetIC2Prescaler)
    i.TIM_SetIC3Prescaler                    0x08001596   Section        0  stm32f4xx_tim.o(i.TIM_SetIC3Prescaler)
    i.TIM_SetIC4Prescaler                    0x080015a8   Section        0  stm32f4xx_tim.o(i.TIM_SetIC4Prescaler)
    i.TIM_TimeBaseInit                       0x080015c4   Section        0  stm32f4xx_tim.o(i.TIM_TimeBaseInit)
    i.USART1_IRQHandler                      0x08001648   Section        0  bsp_ray.o(i.USART1_IRQHandler)
    i.USART6_CONFIG                          0x0800169c   Section        0  bsp_usart.o(i.USART6_CONFIG)
    i.USART6_IRQHandler                      0x08001748   Section        0  bsp_esp8266.o(i.USART6_IRQHandler)
    i.USART_Cmd                              0x08001790   Section        0  stm32f4xx_usart.o(i.USART_Cmd)
    i.USART_GetITStatus                      0x080017a8   Section        0  stm32f4xx_usart.o(i.USART_GetITStatus)
    i.USART_ITConfig                         0x080017fc   Section        0  stm32f4xx_usart.o(i.USART_ITConfig)
    i.USART_Init                             0x08001848   Section        0  stm32f4xx_usart.o(i.USART_Init)
    i.USART_ReceiveData                      0x0800191c   Section        0  stm32f4xx_usart.o(i.USART_ReceiveData)
    i.__0sprintf$8                           0x08001928   Section        0  printf8.o(i.__0sprintf$8)
    i.__scatterload_copy                     0x08001950   Section       14  handlers.o(i.__scatterload_copy)
    i.__scatterload_null                     0x0800195e   Section        2  handlers.o(i.__scatterload_null)
    i.__scatterload_zeroinit                 0x08001960   Section       14  handlers.o(i.__scatterload_zeroinit)
    i._printf_core                           0x08001970   Section        0  printf8.o(i._printf_core)
    _printf_core                             0x08001971   Thumb Code   984  printf8.o(i._printf_core)
    i._printf_post_padding                   0x08001d74   Section        0  printf8.o(i._printf_post_padding)
    _printf_post_padding                     0x08001d75   Thumb Code    36  printf8.o(i._printf_post_padding)
    i._printf_pre_padding                    0x08001d98   Section        0  printf8.o(i._printf_pre_padding)
    _printf_pre_padding                      0x08001d99   Thumb Code    46  printf8.o(i._printf_pre_padding)
    i._sputc                                 0x08001dc6   Section        0  printf8.o(i._sputc)
    _sputc                                   0x08001dc7   Thumb Code    10  printf8.o(i._sputc)
    i.main                                   0x08001dd0   Section        0  main.o(i.main)
    .constdata                               0x08001e08   Section     2072  bsp_oled.o(.constdata)
    .data                                    0x20000000   Section        4  bsp_esp8266.o(.data)
    num                                      0x20000000   Data           4  bsp_esp8266.o(.data)
    .data                                    0x20000004   Section     1030  bsp_oled.o(.data)
    line                                     0x20000404   Data           4  bsp_oled.o(.data)
    a                                        0x20000408   Data           2  bsp_oled.o(.data)
    .data                                    0x2000040c   Section      476  bsp_ppm.o(.data)
    in_num                                   0x200005e0   Data           4  bsp_ppm.o(.data)
    status                                   0x200005e4   Data           4  bsp_ppm.o(.data)
    .data                                    0x200005e8   Section      156  bsp_ray.o(.data)
    i                                        0x20000680   Data           4  bsp_ray.o(.data)
    .data                                    0x20000684   Section       16  stm32f4xx_rcc.o(.data)
    APBAHBPrescTable                         0x20000684   Data          16  stm32f4xx_rcc.o(.data)
    .bss                                     0x20000694   Section      100  bsp_esp8266.o(.bss)
    .bss                                     0x200006f8   Section       80  bsp_tim.o(.bss)
    .bss                                     0x20000748   Section       72  bsp_ppm.o(.bss)
    time_num                                 0x2000076c   Data          36  bsp_ppm.o(.bss)
    .bss                                     0x20000790   Section      218  bsp_ray.o(.bss)
    STACK                                    0x20000870   Section     1024  startup_stm32f401xx.o(STACK)

    Global Symbols

    Symbol Name                              Value     Ov Type        Size  Object(Section)

    BuildAttributes$$THM_ISAv4$E$P$D$K$B$S$7EM$VFPi3$EXTD16$VFPS$VFMA$PE$A:L22UL41UL21$X:L11$S22US41US21$IEEE1$IW$USESV6$~STKCKD$USESV7$~SHL$OSPACE$ROPI$EBA8$MICROLIB$REQ8$PRES8$EABIv2 0x00000000   Number         0  anon$$obj.o ABSOLUTE
    __ARM_use_no_argv                        0x00000000   Number         0  main.o ABSOLUTE
    _printf_a                                0x00000000   Number         0  stubs.o ABSOLUTE
    _printf_c                                0x00000000   Number         0  stubs.o ABSOLUTE
    _printf_charcount                        0x00000000   Number         0  stubs.o ABSOLUTE
    _printf_d                                0x00000000   Number         0  stubs.o ABSOLUTE
    _printf_e                                0x00000000   Number         0  stubs.o ABSOLUTE
    _printf_f                                0x00000000   Number         0  stubs.o ABSOLUTE
    _printf_flags                            0x00000000   Number         0  stubs.o ABSOLUTE
    _printf_fp_dec                           0x00000000   Number         0  stubs.o ABSOLUTE
    _printf_fp_hex                           0x00000000   Number         0  stubs.o ABSOLUTE
    _printf_g                                0x00000000   Number         0  stubs.o ABSOLUTE
    _printf_i                                0x00000000   Number         0  stubs.o ABSOLUTE
    _printf_int_dec                          0x00000000   Number         0  stubs.o ABSOLUTE
    _printf_l                                0x00000000   Number         0  stubs.o ABSOLUTE
    _printf_lc                               0x00000000   Number         0  stubs.o ABSOLUTE
    _printf_ll                               0x00000000   Number         0  stubs.o ABSOLUTE
    _printf_lld                              0x00000000   Number         0  stubs.o ABSOLUTE
    _printf_lli                              0x00000000   Number         0  stubs.o ABSOLUTE
    _printf_llo                              0x00000000   Number         0  stubs.o ABSOLUTE
    _printf_llu                              0x00000000   Number         0  stubs.o ABSOLUTE
    _printf_llx                              0x00000000   Number         0  stubs.o ABSOLUTE
    _printf_longlong_dec                     0x00000000   Number         0  stubs.o ABSOLUTE
    _printf_longlong_hex                     0x00000000   Number         0  stubs.o ABSOLUTE
    _printf_longlong_oct                     0x00000000   Number         0  stubs.o ABSOLUTE
    _printf_ls                               0x00000000   Number         0  stubs.o ABSOLUTE
    _printf_mbtowc                           0x00000000   Number         0  stubs.o ABSOLUTE
    _printf_n                                0x00000000   Number         0  stubs.o ABSOLUTE
    _printf_o                                0x00000000   Number         0  stubs.o ABSOLUTE
    _printf_p                                0x00000000   Number         0  stubs.o ABSOLUTE
    _printf_percent                          0x00000000   Number         0  stubs.o ABSOLUTE
    _printf_pre_padding                      0x00000000   Number         0  stubs.o ABSOLUTE
    _printf_return_value                     0x00000000   Number         0  stubs.o ABSOLUTE
    _printf_s                                0x00000000   Number         0  stubs.o ABSOLUTE
    _printf_sizespec                         0x00000000   Number         0  stubs.o ABSOLUTE
    _printf_str                              0x00000000   Number         0  stubs.o ABSOLUTE
    _printf_truncate_signed                  0x00000000   Number         0  stubs.o ABSOLUTE
    _printf_truncate_unsigned                0x00000000   Number         0  stubs.o ABSOLUTE
    _printf_u                                0x00000000   Number         0  stubs.o ABSOLUTE
    _printf_wc                               0x00000000   Number         0  stubs.o ABSOLUTE
    _printf_wctomb                           0x00000000   Number         0  stubs.o ABSOLUTE
    _printf_widthprec                        0x00000000   Number         0  stubs.o ABSOLUTE
    _printf_x                                0x00000000   Number         0  stubs.o ABSOLUTE
    __arm_fini_                               - Undefined Weak Reference
    __cpp_initialize__aeabi_                  - Undefined Weak Reference
    __cxa_finalize                            - Undefined Weak Reference
    _clock_init                               - Undefined Weak Reference
    _microlib_exit                            - Undefined Weak Reference
    __Vectors_Size                           0x00000194   Number         0  startup_stm32f401xx.o ABSOLUTE
    __Vectors                                0x08000000   Data           4  startup_stm32f401xx.o(RESET)
    __Vectors_End                            0x08000194   Data           0  startup_stm32f401xx.o(RESET)
    __main                                   0x08000195   Thumb Code     0  entry.o(.ARM.Collect$$$$00000000)
    _main_stk                                0x08000195   Thumb Code     0  entry2.o(.ARM.Collect$$$$00000001)
    _main_scatterload                        0x08000199   Thumb Code     0  entry5.o(.ARM.Collect$$$$00000004)
    __main_after_scatterload                 0x0800019d   Thumb Code     0  entry5.o(.ARM.Collect$$$$00000004)
    _main_clock                              0x0800019d   Thumb Code     0  entry7b.o(.ARM.Collect$$$$00000008)
    _main_cpp_init                           0x0800019d   Thumb Code     0  entry8b.o(.ARM.Collect$$$$0000000A)
    _main_init                               0x0800019d   Thumb Code     0  entry9a.o(.ARM.Collect$$$$0000000B)
    __rt_lib_shutdown_fini                   0x080001a5   Thumb Code     0  entry12b.o(.ARM.Collect$$$$0000000E)
    __rt_final_cpp                           0x080001a9   Thumb Code     0  entry10a.o(.ARM.Collect$$$$0000000F)
    __rt_final_exit                          0x080001a9   Thumb Code     0  entry11a.o(.ARM.Collect$$$$00000011)
    Reset_Handler                            0x080001ad   Thumb Code     8  startup_stm32f401xx.o(.text)
    NMI_Handler                              0x080001b5   Thumb Code     2  startup_stm32f401xx.o(.text)
    HardFault_Handler                        0x080001b7   Thumb Code     2  startup_stm32f401xx.o(.text)
    MemManage_Handler                        0x080001b9   Thumb Code     2  startup_stm32f401xx.o(.text)
    BusFault_Handler                         0x080001bb   Thumb Code     2  startup_stm32f401xx.o(.text)
    UsageFault_Handler                       0x080001bd   Thumb Code     2  startup_stm32f401xx.o(.text)
    SVC_Handler                              0x080001bf   Thumb Code     2  startup_stm32f401xx.o(.text)
    DebugMon_Handler                         0x080001c1   Thumb Code     2  startup_stm32f401xx.o(.text)
    PendSV_Handler                           0x080001c3   Thumb Code     2  startup_stm32f401xx.o(.text)
    SysTick_Handler                          0x080001c5   Thumb Code     2  startup_stm32f401xx.o(.text)
    ADC_IRQHandler                           0x080001c7   Thumb Code     0  startup_stm32f401xx.o(.text)
    DMA1_Stream0_IRQHandler                  0x080001c7   Thumb Code     0  startup_stm32f401xx.o(.text)
    DMA1_Stream1_IRQHandler                  0x080001c7   Thumb Code     0  startup_stm32f401xx.o(.text)
    DMA1_Stream2_IRQHandler                  0x080001c7   Thumb Code     0  startup_stm32f401xx.o(.text)
    DMA1_Stream3_IRQHandler                  0x080001c7   Thumb Code     0  startup_stm32f401xx.o(.text)
    DMA1_Stream4_IRQHandler                  0x080001c7   Thumb Code     0  startup_stm32f401xx.o(.text)
    DMA1_Stream5_IRQHandler                  0x080001c7   Thumb Code     0  startup_stm32f401xx.o(.text)
    DMA1_Stream6_IRQHandler                  0x080001c7   Thumb Code     0  startup_stm32f401xx.o(.text)
    DMA1_Stream7_IRQHandler                  0x080001c7   Thumb Code     0  startup_stm32f401xx.o(.text)
    DMA2_Stream0_IRQHandler                  0x080001c7   Thumb Code     0  startup_stm32f401xx.o(.text)
    DMA2_Stream1_IRQHandler                  0x080001c7   Thumb Code     0  startup_stm32f401xx.o(.text)
    DMA2_Stream2_IRQHandler                  0x080001c7   Thumb Code     0  startup_stm32f401xx.o(.text)
    DMA2_Stream3_IRQHandler                  0x080001c7   Thumb Code     0  startup_stm32f401xx.o(.text)
    DMA2_Stream4_IRQHandler                  0x080001c7   Thumb Code     0  startup_stm32f401xx.o(.text)
    DMA2_Stream5_IRQHandler                  0x080001c7   Thumb Code     0  startup_stm32f401xx.o(.text)
    DMA2_Stream6_IRQHandler                  0x080001c7   Thumb Code     0  startup_stm32f401xx.o(.text)
    DMA2_Stream7_IRQHandler                  0x080001c7   Thumb Code     0  startup_stm32f401xx.o(.text)
    EXTI0_IRQHandler                         0x080001c7   Thumb Code     0  startup_stm32f401xx.o(.text)
    EXTI15_10_IRQHandler                     0x080001c7   Thumb Code     0  startup_stm32f401xx.o(.text)
    EXTI1_IRQHandler                         0x080001c7   Thumb Code     0  startup_stm32f401xx.o(.text)
    EXTI2_IRQHandler                         0x080001c7   Thumb Code     0  startup_stm32f401xx.o(.text)
    EXTI3_IRQHandler                         0x080001c7   Thumb Code     0  startup_stm32f401xx.o(.text)
    EXTI4_IRQHandler                         0x080001c7   Thumb Code     0  startup_stm32f401xx.o(.text)
    EXTI9_5_IRQHandler                       0x080001c7   Thumb Code     0  startup_stm32f401xx.o(.text)
    FLASH_IRQHandler                         0x080001c7   Thumb Code     0  startup_stm32f401xx.o(.text)
    FPU_IRQHandler                           0x080001c7   Thumb Code     0  startup_stm32f401xx.o(.text)
    I2C1_ER_IRQHandler                       0x080001c7   Thumb Code     0  startup_stm32f401xx.o(.text)
    I2C1_EV_IRQHandler                       0x080001c7   Thumb Code     0  startup_stm32f401xx.o(.text)
    I2C2_ER_IRQHandler                       0x080001c7   Thumb Code     0  startup_stm32f401xx.o(.text)
    I2C2_EV_IRQHandler                       0x080001c7   Thumb Code     0  startup_stm32f401xx.o(.text)
    I2C3_ER_IRQHandler                       0x080001c7   Thumb Code     0  startup_stm32f401xx.o(.text)
    I2C3_EV_IRQHandler                       0x080001c7   Thumb Code     0  startup_stm32f401xx.o(.text)
    OTG_FS_IRQHandler                        0x080001c7   Thumb Code     0  startup_stm32f401xx.o(.text)
    OTG_FS_WKUP_IRQHandler                   0x080001c7   Thumb Code     0  startup_stm32f401xx.o(.text)
    PVD_IRQHandler                           0x080001c7   Thumb Code     0  startup_stm32f401xx.o(.text)
    RCC_IRQHandler                           0x080001c7   Thumb Code     0  startup_stm32f401xx.o(.text)
    RTC_Alarm_IRQHandler                     0x080001c7   Thumb Code     0  startup_stm32f401xx.o(.text)
    RTC_WKUP_IRQHandler                      0x080001c7   Thumb Code     0  startup_stm32f401xx.o(.text)
    SDIO_IRQHandler                          0x080001c7   Thumb Code     0  startup_stm32f401xx.o(.text)
    SPI1_IRQHandler                          0x080001c7   Thumb Code     0  startup_stm32f401xx.o(.text)
    SPI2_IRQHandler                          0x080001c7   Thumb Code     0  startup_stm32f401xx.o(.text)
    SPI3_IRQHandler                          0x080001c7   Thumb Code     0  startup_stm32f401xx.o(.text)
    SPI4_IRQHandler                          0x080001c7   Thumb Code     0  startup_stm32f401xx.o(.text)
    TAMP_STAMP_IRQHandler                    0x080001c7   Thumb Code     0  startup_stm32f401xx.o(.text)
    TIM1_BRK_TIM9_IRQHandler                 0x080001c7   Thumb Code     0  startup_stm32f401xx.o(.text)
    TIM1_TRG_COM_TIM11_IRQHandler            0x080001c7   Thumb Code     0  startup_stm32f401xx.o(.text)
    TIM1_UP_TIM10_IRQHandler                 0x080001c7   Thumb Code     0  startup_stm32f401xx.o(.text)
    TIM2_IRQHandler                          0x080001c7   Thumb Code     0  startup_stm32f401xx.o(.text)
    TIM3_IRQHandler                          0x080001c7   Thumb Code     0  startup_stm32f401xx.o(.text)
    TIM4_IRQHandler                          0x080001c7   Thumb Code     0  startup_stm32f401xx.o(.text)
    TIM5_IRQHandler                          0x080001c7   Thumb Code     0  startup_stm32f401xx.o(.text)
    USART2_IRQHandler                        0x080001c7   Thumb Code     0  startup_stm32f401xx.o(.text)
    WWDG_IRQHandler                          0x080001c7   Thumb Code     0  startup_stm32f401xx.o(.text)
    __aeabi_uldivmod                         0x080001d1   Thumb Code    98  uldiv.o(.text)
    __scatterload                            0x08000235   Thumb Code    28  init.o(.text)
    __scatterload_rt2                        0x08000235   Thumb Code     0  init.o(.text)
    __aeabi_llsl                             0x08000259   Thumb Code    30  llshl.o(.text)
    _ll_shift_l                              0x08000259   Thumb Code     0  llshl.o(.text)
    __aeabi_llsr                             0x08000277   Thumb Code    32  llushr.o(.text)
    _ll_ushift_r                             0x08000277   Thumb Code     0  llushr.o(.text)
    __decompress                             0x08000297   Thumb Code     0  __dczerorl2.o(.text)
    __decompress1                            0x08000297   Thumb Code    86  __dczerorl2.o(.text)
    GPIO_Init                                0x080002ed   Thumb Code   144  stm32f4xx_gpio.o(i.GPIO_Init)
    GPIO_PinAFConfig                         0x0800037d   Thumb Code    70  stm32f4xx_gpio.o(i.GPIO_PinAFConfig)
    GPIO_ResetBits                           0x080003c3   Thumb Code     4  stm32f4xx_gpio.o(i.GPIO_ResetBits)
    GPIO_SetBits                             0x080003c7   Thumb Code     4  stm32f4xx_gpio.o(i.GPIO_SetBits)
    I2C1_CONFIG                              0x080003cd   Thumb Code   146  bsp_i2c.o(i.I2C1_CONFIG)
    I2C3_CONFIG                              0x0800046d   Thumb Code   168  bsp_i2c.o(i.I2C3_CONFIG)
    I2C_CheckEvent                           0x08000525   Thumb Code    42  stm32f4xx_i2c.o(i.I2C_CheckEvent)
    I2C_Cmd                                  0x0800054f   Thumb Code    24  stm32f4xx_i2c.o(i.I2C_Cmd)
    I2C_DeInit                               0x08000569   Thumb Code    82  stm32f4xx_i2c.o(i.I2C_DeInit)
    I2C_GenerateSTART                        0x080005c9   Thumb Code    24  stm32f4xx_i2c.o(i.I2C_GenerateSTART)
    I2C_GenerateSTOP                         0x080005e1   Thumb Code    24  stm32f4xx_i2c.o(i.I2C_GenerateSTOP)
    I2C_GetFlagStatus                        0x080005f9   Thumb Code    58  stm32f4xx_i2c.o(i.I2C_GetFlagStatus)
    I2C_Init                                 0x08000635   Thumb Code   218  stm32f4xx_i2c.o(i.I2C_Init)
    I2C_Send7bitAddress                      0x0800071d   Thumb Code    16  stm32f4xx_i2c.o(i.I2C_Send7bitAddress)
    I2C_SendData                             0x0800072d   Thumb Code     4  stm32f4xx_i2c.o(i.I2C_SendData)
    LED_CONFIG                               0x08000731   Thumb Code    42  bsp_led.o(i.LED_CONFIG)
    LED_OFF                                  0x08000761   Thumb Code    12  bsp_led.o(i.LED_OFF)
    LED_ON                                   0x08000771   Thumb Code    12  bsp_led.o(i.LED_ON)
    NVIC_Init                                0x08000781   Thumb Code   106  misc.o(i.NVIC_Init)
    NVIC_PriorityGroupConfig                 0x080007f9   Thumb Code    10  misc.o(i.NVIC_PriorityGroupConfig)
    NVIC_usart6_open                         0x0800080d   Thumb Code    40  bsp_usart.o(i.NVIC_usart6_open)
    OLED_Fill                                0x08000835   Thumb Code    72  bsp_oled.o(i.OLED_Fill)
    OLED_Init                                0x0800087d   Thumb Code    60  bsp_oled.o(i.OLED_Init)
    OLED_ON                                  0x080008b9   Thumb Code    30  bsp_oled.o(i.OLED_ON)
    OLED_SetPos                              0x080008d7   Thumb Code    52  bsp_oled.o(i.OLED_SetPos)
    OLED_ShowStr                             0x0800090d   Thumb Code   108  bsp_oled.o(i.OLED_ShowStr)
    OLED_Up                                  0x0800097d   Thumb Code    18  bsp_oled.o(i.OLED_Up)
    RCC_AHB1PeriphClockCmd                   0x08000995   Thumb Code    26  stm32f4xx_rcc.o(i.RCC_AHB1PeriphClockCmd)
    RCC_APB1PeriphClockCmd                   0x080009b5   Thumb Code    26  stm32f4xx_rcc.o(i.RCC_APB1PeriphClockCmd)
    RCC_APB1PeriphResetCmd                   0x080009d5   Thumb Code    26  stm32f4xx_rcc.o(i.RCC_APB1PeriphResetCmd)
    RCC_APB2PeriphClockCmd                   0x080009f5   Thumb Code    26  stm32f4xx_rcc.o(i.RCC_APB2PeriphClockCmd)
    RCC_GetClocksFreq                        0x08000a15   Thumb Code   214  stm32f4xx_rcc.o(i.RCC_GetClocksFreq)
    SEND_BYTE                                0x08000afd   Thumb Code   126  bsp_oled.o(i.SEND_BYTE)
    Send_Str                                 0x08000b89   Thumb Code   138  bsp_oled.o(i.Send_Str)
    Show_PPM                                 0x08000d09   Thumb Code    92  bsp_ppm.o(i.Show_PPM)
    SystemInit                               0x08000da9   Thumb Code    88  system_stm32f4xx.o(i.SystemInit)
    TIM1_CC_IRQHandler                       0x08000f35   Thumb Code   146  bsp_ppm.o(i.TIM1_CC_IRQHandler)
    TIM1_CONFIG                              0x08000fdd   Thumb Code   210  bsp_tim.o(i.TIM1_CONFIG)
    TIM3_CONFIG                              0x080010b9   Thumb Code   316  bsp_tim.o(i.TIM3_CONFIG)
    TIM_ARRPreloadConfig                     0x08001211   Thumb Code    24  stm32f4xx_tim.o(i.TIM_ARRPreloadConfig)
    TIM_ClearFlag                            0x08001229   Thumb Code     6  stm32f4xx_tim.o(i.TIM_ClearFlag)
    TIM_ClearITPendingBit                    0x0800122f   Thumb Code     6  stm32f4xx_tim.o(i.TIM_ClearITPendingBit)
    TIM_Cmd                                  0x08001235   Thumb Code    24  stm32f4xx_tim.o(i.TIM_Cmd)
    TIM_GetCapture2                          0x0800124d   Thumb Code     6  stm32f4xx_tim.o(i.TIM_GetCapture2)
    TIM_ICInit                               0x08001253   Thumb Code   110  stm32f4xx_tim.o(i.TIM_ICInit)
    TIM_ITConfig                             0x080012c1   Thumb Code    18  stm32f4xx_tim.o(i.TIM_ITConfig)
    TIM_OC1Init                              0x080012d5   Thumb Code   114  stm32f4xx_tim.o(i.TIM_OC1Init)
    TIM_OC1PreloadConfig                     0x08001351   Thumb Code    18  stm32f4xx_tim.o(i.TIM_OC1PreloadConfig)
    TIM_OC2Init                              0x08001365   Thumb Code   154  stm32f4xx_tim.o(i.TIM_OC2Init)
    TIM_OC2PreloadConfig                     0x08001409   Thumb Code    26  stm32f4xx_tim.o(i.TIM_OC2PreloadConfig)
    TIM_OC3Init                              0x08001425   Thumb Code   150  stm32f4xx_tim.o(i.TIM_OC3Init)
    TIM_OC3PreloadConfig                     0x080014c5   Thumb Code    18  stm32f4xx_tim.o(i.TIM_OC3PreloadConfig)
    TIM_OC4Init                              0x080014d9   Thumb Code   112  stm32f4xx_tim.o(i.TIM_OC4Init)
    TIM_OC4PreloadConfig                     0x08001551   Thumb Code    26  stm32f4xx_tim.o(i.TIM_OC4PreloadConfig)
    TIM_SetIC1Prescaler                      0x0800156b   Thumb Code    18  stm32f4xx_tim.o(i.TIM_SetIC1Prescaler)
    TIM_SetIC2Prescaler                      0x0800157d   Thumb Code    26  stm32f4xx_tim.o(i.TIM_SetIC2Prescaler)
    TIM_SetIC3Prescaler                      0x08001597   Thumb Code    18  stm32f4xx_tim.o(i.TIM_SetIC3Prescaler)
    TIM_SetIC4Prescaler                      0x080015a9   Thumb Code    26  stm32f4xx_tim.o(i.TIM_SetIC4Prescaler)
    TIM_TimeBaseInit                         0x080015c5   Thumb Code   104  stm32f4xx_tim.o(i.TIM_TimeBaseInit)
    USART1_IRQHandler                        0x08001649   Thumb Code    70  bsp_ray.o(i.USART1_IRQHandler)
    USART6_CONFIG                            0x0800169d   Thumb Code   162  bsp_usart.o(i.USART6_CONFIG)
    USART6_IRQHandler                        0x08001749   Thumb Code    60  bsp_esp8266.o(i.USART6_IRQHandler)
    USART_Cmd                                0x08001791   Thumb Code    24  stm32f4xx_usart.o(i.USART_Cmd)
    USART_GetITStatus                        0x080017a9   Thumb Code    84  stm32f4xx_usart.o(i.USART_GetITStatus)
    USART_ITConfig                           0x080017fd   Thumb Code    74  stm32f4xx_usart.o(i.USART_ITConfig)
    USART_Init                               0x08001849   Thumb Code   204  stm32f4xx_usart.o(i.USART_Init)
    USART_ReceiveData                        0x0800191d   Thumb Code    10  stm32f4xx_usart.o(i.USART_ReceiveData)
    __0sprintf$8                             0x08001929   Thumb Code    34  printf8.o(i.__0sprintf$8)
    __1sprintf$8                             0x08001929   Thumb Code     0  printf8.o(i.__0sprintf$8)
    __2sprintf                               0x08001929   Thumb Code     0  printf8.o(i.__0sprintf$8)
    __scatterload_copy                       0x08001951   Thumb Code    14  handlers.o(i.__scatterload_copy)
    __scatterload_null                       0x0800195f   Thumb Code     2  handlers.o(i.__scatterload_null)
    __scatterload_zeroinit                   0x08001961   Thumb Code    14  handlers.o(i.__scatterload_zeroinit)
    main                                     0x08001dd1   Thumb Code    50  main.o(i.main)
    F6x8                                     0x08001e08   Data         552  bsp_oled.o(.constdata)
    F8X16                                    0x08002030   Data        1520  bsp_oled.o(.constdata)
    Region$$Table$$Base                      0x08002620   Number         0  anon$$obj.o(Region$$Table)
    Region$$Table$$Limit                     0x08002640   Number         0  anon$$obj.o(Region$$Table)
    BMP1                                     0x20000004   Data        1024  bsp_oled.o(.data)
    a                                        0x2000040c   Data          50  bsp_ppm.o(.data)
    b                                        0x2000043e   Data          50  bsp_ppm.o(.data)
    c                                        0x20000470   Data          50  bsp_ppm.o(.data)
    d                                        0x200004a2   Data          50  bsp_ppm.o(.data)
    e                                        0x200004d4   Data          50  bsp_ppm.o(.data)
    f                                        0x20000506   Data          50  bsp_ppm.o(.data)
    g                                        0x20000538   Data          50  bsp_ppm.o(.data)
    h                                        0x2000056a   Data          50  bsp_ppm.o(.data)
    i                                        0x2000059c   Data          50  bsp_ppm.o(.data)
    T1                                       0x200005d0   Data           4  bsp_ppm.o(.data)
    T2                                       0x200005d4   Data           4  bsp_ppm.o(.data)
    T3                                       0x200005d8   Data           4  bsp_ppm.o(.data)
    T4                                       0x200005dc   Data           4  bsp_ppm.o(.data)
    a1                                       0x200005e8   Data          50  bsp_ray.o(.data)
    b1                                       0x2000061a   Data          50  bsp_ray.o(.data)
    c1                                       0x2000064c   Data          50  bsp_ray.o(.data)
    esp                                      0x20000694   Data         100  bsp_esp8266.o(.bss)
    CH1                                      0x200006f8   Data          20  bsp_tim.o(.bss)
    CH2                                      0x2000070c   Data          20  bsp_tim.o(.bss)
    CH3                                      0x20000720   Data          20  bsp_tim.o(.bss)
    CH4                                      0x20000734   Data          20  bsp_tim.o(.bss)
    TIM1_DataBuf                             0x20000748   Data          36  bsp_ppm.o(.bss)
    HEIGHT                                   0x20000790   Data          18  bsp_ray.o(.bss)
    d1                                       0x200007a2   Data          50  bsp_ray.o(.bss)
    e1                                       0x200007d4   Data          50  bsp_ray.o(.bss)
    f1                                       0x20000806   Data          50  bsp_ray.o(.bss)
    g1                                       0x20000838   Data          50  bsp_ray.o(.bss)
    __initial_sp                             0x20000c70   Data           0  startup_stm32f401xx.o(STACK)



==============================================================================

Memory Map of the image

  Image Entry point : 0x080001ad

  Load Region LR_1 (Base: 0x08000000, Size: 0x00002cd4, Max: 0xffffffff, ABSOLUTE, COMPRESSED[0x00002770])

    Execution Region ER_RO (Exec base: 0x08000000, Load base: 0x08000000, Size: 0x00002640, Max: 0xffffffff, ABSOLUTE)

    Exec Addr    Load Addr    Size         Type   Attr      Idx    E Section Name        Object

    0x08000000   0x08000000   0x00000194   Data   RO          792    RESET               startup_stm32f401xx.o
    0x08000194   0x08000194   0x00000000   Code   RO         4226  * .ARM.Collect$$$$00000000  mc_w.l(entry.o)
    0x08000194   0x08000194   0x00000004   Code   RO         4522    .ARM.Collect$$$$00000001  mc_w.l(entry2.o)
    0x08000198   0x08000198   0x00000004   Code   RO         4525    .ARM.Collect$$$$00000004  mc_w.l(entry5.o)
    0x0800019c   0x0800019c   0x00000000   Code   RO         4527    .ARM.Collect$$$$00000008  mc_w.l(entry7b.o)
    0x0800019c   0x0800019c   0x00000000   Code   RO         4529    .ARM.Collect$$$$0000000A  mc_w.l(entry8b.o)
    0x0800019c   0x0800019c   0x00000008   Code   RO         4530    .ARM.Collect$$$$0000000B  mc_w.l(entry9a.o)
    0x080001a4   0x080001a4   0x00000004   Code   RO         4537    .ARM.Collect$$$$0000000E  mc_w.l(entry12b.o)
    0x080001a8   0x080001a8   0x00000000   Code   RO         4532    .ARM.Collect$$$$0000000F  mc_w.l(entry10a.o)
    0x080001a8   0x080001a8   0x00000000   Code   RO         4534    .ARM.Collect$$$$00000011  mc_w.l(entry11a.o)
    0x080001a8   0x080001a8   0x00000004   Code   RO         4523    .ARM.Collect$$$$00002712  mc_w.l(entry2.o)
    0x080001ac   0x080001ac   0x00000024   Code   RO          793  * .text               startup_stm32f401xx.o
    0x080001d0   0x080001d0   0x00000062   Code   RO         4541    .text               mc_w.l(uldiv.o)
    0x08000232   0x08000232   0x00000002   PAD
    0x08000234   0x08000234   0x00000024   Code   RO         4560    .text               mc_w.l(init.o)
    0x08000258   0x08000258   0x0000001e   Code   RO         4562    .text               mc_w.l(llshl.o)
    0x08000276   0x08000276   0x00000020   Code   RO         4564    .text               mc_w.l(llushr.o)
    0x08000296   0x08000296   0x00000056   Code   RO         4578    .text               mc_w.l(__dczerorl2.o)
    0x080002ec   0x080002ec   0x00000090   Code   RO         1498    i.GPIO_Init         stm32f4xx_gpio.o
    0x0800037c   0x0800037c   0x00000046   Code   RO         1499    i.GPIO_PinAFConfig  stm32f4xx_gpio.o
    0x080003c2   0x080003c2   0x00000004   Code   RO         1505    i.GPIO_ResetBits    stm32f4xx_gpio.o
    0x080003c6   0x080003c6   0x00000004   Code   RO         1506    i.GPIO_SetBits      stm32f4xx_gpio.o
    0x080003ca   0x080003ca   0x00000002   PAD
    0x080003cc   0x080003cc   0x000000a0   Code   RO          419    i.I2C1_CONFIG       bsp_i2c.o
    0x0800046c   0x0800046c   0x000000b8   Code   RO          420    i.I2C3_CONFIG       bsp_i2c.o
    0x08000524   0x08000524   0x0000002a   Code   RO         1795    i.I2C_CheckEvent    stm32f4xx_i2c.o
    0x0800054e   0x0800054e   0x00000018   Code   RO         1798    i.I2C_Cmd           stm32f4xx_i2c.o
    0x08000566   0x08000566   0x00000002   PAD
    0x08000568   0x08000568   0x00000060   Code   RO         1801    i.I2C_DeInit        stm32f4xx_i2c.o
    0x080005c8   0x080005c8   0x00000018   Code   RO         1806    i.I2C_GenerateSTART  stm32f4xx_i2c.o
    0x080005e0   0x080005e0   0x00000018   Code   RO         1807    i.I2C_GenerateSTOP  stm32f4xx_i2c.o
    0x080005f8   0x080005f8   0x0000003a   Code   RO         1808    i.I2C_GetFlagStatus  stm32f4xx_i2c.o
    0x08000632   0x08000632   0x00000002   PAD
    0x08000634   0x08000634   0x000000e8   Code   RO         1813    i.I2C_Init          stm32f4xx_i2c.o
    0x0800071c   0x0800071c   0x00000010   Code   RO         1820    i.I2C_Send7bitAddress  stm32f4xx_i2c.o
    0x0800072c   0x0800072c   0x00000004   Code   RO         1821    i.I2C_SendData      stm32f4xx_i2c.o
    0x08000730   0x08000730   0x00000030   Code   RO          143    i.LED_CONFIG        bsp_led.o
    0x08000760   0x08000760   0x00000010   Code   RO          144    i.LED_OFF           bsp_led.o
    0x08000770   0x08000770   0x00000010   Code   RO          145    i.LED_ON            bsp_led.o
    0x08000780   0x08000780   0x00000078   Code   RO          800    i.NVIC_Init         misc.o
    0x080007f8   0x080007f8   0x00000014   Code   RO          801    i.NVIC_PriorityGroupConfig  misc.o
    0x0800080c   0x0800080c   0x00000028   Code   RO          202    i.NVIC_usart6_open  bsp_usart.o
    0x08000834   0x08000834   0x00000048   Code   RO          472    i.OLED_Fill         bsp_oled.o
    0x0800087c   0x0800087c   0x0000003c   Code   RO          473    i.OLED_Init         bsp_oled.o
    0x080008b8   0x080008b8   0x0000001e   Code   RO          475    i.OLED_ON           bsp_oled.o
    0x080008d6   0x080008d6   0x00000034   Code   RO          478    i.OLED_SetPos       bsp_oled.o
    0x0800090a   0x0800090a   0x00000002   PAD
    0x0800090c   0x0800090c   0x00000070   Code   RO          479    i.OLED_ShowStr      bsp_oled.o
    0x0800097c   0x0800097c   0x00000018   Code   RO          481    i.OLED_Up           bsp_oled.o
    0x08000994   0x08000994   0x00000020   Code   RO         2208    i.RCC_AHB1PeriphClockCmd  stm32f4xx_rcc.o
    0x080009b4   0x080009b4   0x00000020   Code   RO         2214    i.RCC_APB1PeriphClockCmd  stm32f4xx_rcc.o
    0x080009d4   0x080009d4   0x00000020   Code   RO         2216    i.RCC_APB1PeriphResetCmd  stm32f4xx_rcc.o
    0x080009f4   0x080009f4   0x00000020   Code   RO         2217    i.RCC_APB2PeriphClockCmd  stm32f4xx_rcc.o
    0x08000a14   0x08000a14   0x000000e8   Code   RO         2226    i.RCC_GetClocksFreq  stm32f4xx_rcc.o
    0x08000afc   0x08000afc   0x0000008c   Code   RO          482    i.SEND_BYTE         bsp_oled.o
    0x08000b88   0x08000b88   0x00000098   Code   RO          483    i.Send_Str          bsp_oled.o
    0x08000c20   0x08000c20   0x000000e8   Code   RO         4169    i.SetSysClock       system_stm32f4xx.o
    0x08000d08   0x08000d08   0x000000a0   Code   RO          665    i.Show_PPM          bsp_ppm.o
    0x08000da8   0x08000da8   0x00000068   Code   RO         4171    i.SystemInit        system_stm32f4xx.o
    0x08000e10   0x08000e10   0x0000003a   Code   RO         3336    i.TI1_Config        stm32f4xx_tim.o
    0x08000e4a   0x08000e4a   0x00000050   Code   RO         3337    i.TI2_Config        stm32f4xx_tim.o
    0x08000e9a   0x08000e9a   0x00000048   Code   RO         3338    i.TI3_Config        stm32f4xx_tim.o
    0x08000ee2   0x08000ee2   0x00000050   Code   RO         3339    i.TI4_Config        stm32f4xx_tim.o
    0x08000f32   0x08000f32   0x00000002   PAD
    0x08000f34   0x08000f34   0x000000a8   Code   RO          666    i.TIM1_CC_IRQHandler  bsp_ppm.o
    0x08000fdc   0x08000fdc   0x000000dc   Code   RO          383    i.TIM1_CONFIG       bsp_tim.o
    0x080010b8   0x080010b8   0x00000158   Code   RO          384    i.TIM3_CONFIG       bsp_tim.o
    0x08001210   0x08001210   0x00000018   Code   RO         3340    i.TIM_ARRPreloadConfig  stm32f4xx_tim.o
    0x08001228   0x08001228   0x00000006   Code   RO         3346    i.TIM_ClearFlag     stm32f4xx_tim.o
    0x0800122e   0x0800122e   0x00000006   Code   RO         3347    i.TIM_ClearITPendingBit  stm32f4xx_tim.o
    0x08001234   0x08001234   0x00000018   Code   RO         3352    i.TIM_Cmd           stm32f4xx_tim.o
    0x0800124c   0x0800124c   0x00000006   Code   RO         3368    i.TIM_GetCapture2   stm32f4xx_tim.o
    0x08001252   0x08001252   0x0000006e   Code   RO         3375    i.TIM_ICInit        stm32f4xx_tim.o
    0x080012c0   0x080012c0   0x00000012   Code   RO         3377    i.TIM_ITConfig      stm32f4xx_tim.o
    0x080012d2   0x080012d2   0x00000002   PAD
    0x080012d4   0x080012d4   0x0000007c   Code   RO         3381    i.TIM_OC1Init       stm32f4xx_tim.o
    0x08001350   0x08001350   0x00000012   Code   RO         3384    i.TIM_OC1PreloadConfig  stm32f4xx_tim.o
    0x08001362   0x08001362   0x00000002   PAD
    0x08001364   0x08001364   0x000000a4   Code   RO         3386    i.TIM_OC2Init       stm32f4xx_tim.o
    0x08001408   0x08001408   0x0000001a   Code   RO         3389    i.TIM_OC2PreloadConfig  stm32f4xx_tim.o
    0x08001422   0x08001422   0x00000002   PAD
    0x08001424   0x08001424   0x000000a0   Code   RO         3391    i.TIM_OC3Init       stm32f4xx_tim.o
    0x080014c4   0x080014c4   0x00000012   Code   RO         3394    i.TIM_OC3PreloadConfig  stm32f4xx_tim.o
    0x080014d6   0x080014d6   0x00000002   PAD
    0x080014d8   0x080014d8   0x00000078   Code   RO         3396    i.TIM_OC4Init       stm32f4xx_tim.o
    0x08001550   0x08001550   0x0000001a   Code   RO         3398    i.TIM_OC4PreloadConfig  stm32f4xx_tim.o
    0x0800156a   0x0800156a   0x00000012   Code   RO         3419    i.TIM_SetIC1Prescaler  stm32f4xx_tim.o
    0x0800157c   0x0800157c   0x0000001a   Code   RO         3420    i.TIM_SetIC2Prescaler  stm32f4xx_tim.o
    0x08001596   0x08001596   0x00000012   Code   RO         3421    i.TIM_SetIC3Prescaler  stm32f4xx_tim.o
    0x080015a8   0x080015a8   0x0000001a   Code   RO         3422    i.TIM_SetIC4Prescaler  stm32f4xx_tim.o
    0x080015c2   0x080015c2   0x00000002   PAD
    0x080015c4   0x080015c4   0x00000084   Code   RO         3424    i.TIM_TimeBaseInit  stm32f4xx_tim.o
    0x08001648   0x08001648   0x00000054   Code   RO          744    i.USART1_IRQHandler  bsp_ray.o
    0x0800169c   0x0800169c   0x000000ac   Code   RO          204    i.USART6_CONFIG     bsp_usart.o
    0x08001748   0x08001748   0x00000048   Code   RO          279    i.USART6_IRQHandler  bsp_esp8266.o
    0x08001790   0x08001790   0x00000018   Code   RO         3909    i.USART_Cmd         stm32f4xx_usart.o
    0x080017a8   0x080017a8   0x00000054   Code   RO         3913    i.USART_GetITStatus  stm32f4xx_usart.o
    0x080017fc   0x080017fc   0x0000004a   Code   RO         3915    i.USART_ITConfig    stm32f4xx_usart.o
    0x08001846   0x08001846   0x00000002   PAD
    0x08001848   0x08001848   0x000000d4   Code   RO         3916    i.USART_Init        stm32f4xx_usart.o
    0x0800191c   0x0800191c   0x0000000a   Code   RO         3923    i.USART_ReceiveData  stm32f4xx_usart.o
    0x08001926   0x08001926   0x00000002   PAD
    0x08001928   0x08001928   0x00000028   Code   RO         4442    i.__0sprintf$8      mc_w.l(printf8.o)
    0x08001950   0x08001950   0x0000000e   Code   RO         4572    i.__scatterload_copy  mc_w.l(handlers.o)
    0x0800195e   0x0800195e   0x00000002   Code   RO         4573    i.__scatterload_null  mc_w.l(handlers.o)
    0x08001960   0x08001960   0x0000000e   Code   RO         4574    i.__scatterload_zeroinit  mc_w.l(handlers.o)
    0x0800196e   0x0800196e   0x00000002   PAD
    0x08001970   0x08001970   0x00000404   Code   RO         4447    i._printf_core      mc_w.l(printf8.o)
    0x08001d74   0x08001d74   0x00000024   Code   RO         4448    i._printf_post_padding  mc_w.l(printf8.o)
    0x08001d98   0x08001d98   0x0000002e   Code   RO         4449    i._printf_pre_padding  mc_w.l(printf8.o)
    0x08001dc6   0x08001dc6   0x0000000a   Code   RO         4451    i._sputc            mc_w.l(printf8.o)
    0x08001dd0   0x08001dd0   0x00000038   Code   RO            4    i.main              main.o
    0x08001e08   0x08001e08   0x00000818   Data   RO          484    .constdata          bsp_oled.o
    0x08002620   0x08002620   0x00000020   Data   RO         4570    Region$$Table       anon$$obj.o


    Execution Region ER_RW (Exec base: 0x20000000, Load base: 0x08002640, Size: 0x00000694, Max: 0xffffffff, ABSOLUTE, COMPRESSED[0x00000130])

    Exec Addr    Load Addr    Size         Type   Attr      Idx    E Section Name        Object

    0x20000000   COMPRESSED   0x00000004   Data   RW          283    .data               bsp_esp8266.o
    0x20000004   COMPRESSED   0x00000406   Data   RW          485    .data               bsp_oled.o
    0x2000040a   COMPRESSED   0x00000002   PAD
    0x2000040c   COMPRESSED   0x000001dc   Data   RW          668    .data               bsp_ppm.o
    0x200005e8   COMPRESSED   0x0000009c   Data   RW          746    .data               bsp_ray.o
    0x20000684   COMPRESSED   0x00000010   Data   RW         2256    .data               stm32f4xx_rcc.o


    Execution Region ER_ZI (Exec base: 0x20000694, Load base: 0x08002770, Size: 0x000005dc, Max: 0xffffffff, ABSOLUTE)

    Exec Addr    Load Addr    Size         Type   Attr      Idx    E Section Name        Object

    0x20000694        -       0x00000064   Zero   RW          282    .bss                bsp_esp8266.o
    0x200006f8        -       0x00000050   Zero   RW          385    .bss                bsp_tim.o
    0x20000748        -       0x00000048   Zero   RW          667    .bss                bsp_ppm.o
    0x20000790        -       0x000000da   Zero   RW          745    .bss                bsp_ray.o
    0x2000086a   0x08002770   0x00000006   PAD
    0x20000870        -       0x00000400   Zero   RW          790    STACK               startup_stm32f401xx.o


==============================================================================

Image component sizes


      Code (inc. data)   RO Data    RW Data    ZI Data      Debug   Object Name

        72         12          0          4        100       1146   bsp_esp8266.o
       344         30          0          0          0       1160   bsp_i2c.o
        80         14          0          0          0     210192   bsp_led.o
       642         38       2072       1030          0       5815   bsp_oled.o
       328         90          0        476         72       1913   bsp_ppm.o
        84         14          0        156        218       1278   bsp_ray.o
       564         38          0          0         80       1594   bsp_tim.o
       212         10          0          0          0     209863   bsp_usart.o
        56          6          0          0          0      60659   main.o
       140         24          0          0          0     210167   misc.o
        36          8        404          0       1024        820   startup_stm32f401xx.o
       222          0          0          0          0       9531   stm32f4xx_gpio.o
       520         28          0          0          0      13843   stm32f4xx_i2c.o
       360         42          0         16          0      20232   stm32f4xx_rcc.o
      1360         66          0          0          0      34926   stm32f4xx_tim.o
       404          8          0          0          0      10066   stm32f4xx_usart.o
       336         32          0          0          0       1481   system_stm32f4xx.o

    ----------------------------------------------------------------------
      5784        460       2508       1684       1500     794686   Object Totals
         0          0         32          0          0          0   (incl. Generated)
        24          0          0          2          6          0   (incl. Padding)

    ----------------------------------------------------------------------

      Code (inc. data)   RO Data    RW Data    ZI Data      Debug   Library Member Name

        86          0          0          0          0          0   __dczerorl2.o
         0          0          0          0          0          0   entry.o
         0          0          0          0          0          0   entry10a.o
         0          0          0          0          0          0   entry11a.o
         4          0          0          0          0          0   entry12b.o
         8          4          0          0          0          0   entry2.o
         4          0          0          0          0          0   entry5.o
         0          0          0          0          0          0   entry7b.o
         0          0          0          0          0          0   entry8b.o
         8          4          0          0          0          0   entry9a.o
        30          0          0          0          0          0   handlers.o
        36          8          0          0          0         68   init.o
        30          0          0          0          0         68   llshl.o
        32          0          0          0          0         68   llushr.o
      1160         50          0          0          0        420   printf8.o
        98          0          0          0          0         92   uldiv.o

    ----------------------------------------------------------------------
      1500         66          0          0          0        716   Library Totals
         4          0          0          0          0          0   (incl. Padding)

    ----------------------------------------------------------------------

      Code (inc. data)   RO Data    RW Data    ZI Data      Debug   Library Name

      1496         66          0          0          0        716   mc_w.l

    ----------------------------------------------------------------------
      1500         66          0          0          0        716   Library Totals

    ----------------------------------------------------------------------

==============================================================================


      Code (inc. data)   RO Data    RW Data    ZI Data      Debug   

      7284        526       2508       1684       1500     788474   Grand Totals
      7284        526       2508        304       1500     788474   ELF Image Totals (compressed)
      7284        526       2508        304          0          0   ROM Totals

==============================================================================

    Total RO  Size (Code + RO Data)                 9792 (   9.56kB)
    Total RW  Size (RW Data + ZI Data)              3184 (   3.11kB)
    Total ROM Size (Code + RO Data + RW Data)      10096 (   9.86kB)

==============================================================================

