Component: ARM Compiler 5.06 update 7 (build 960) Tool: armlink [4d3601]

==============================================================================

Section Cross References

    main.o(i.ANO_Thread) refers to ano.o(i.ANO_Quant_Transform) for ANO_Quant_Transform
    main.o(i.ANO_Thread) refers to ano.o(i.ANO_Angle_Transform) for ANO_Angle_Transform
    main.o(i.ANO_Thread) refers to ano.o(i.ANO_PWN_Transform) for ANO_PWN_Transform
    main.o(i.ANO_Thread) refers to ano.o(i.ANO_IMU_Transform) for ANO_IMU_Transform
    main.o(i.ANO_Thread) refers to ano.o(i.ANO_HMC_Transform) for ANO_HMC_Transform
    main.o(i.ANO_Thread) refers to ano.o(i.ANO_PID_Transform) for ANO_PID_Transform
    main.o(i.ANO_Thread) refers to datafusion.o(.data) for q3
    main.o(i.ANO_Thread) refers to datafusion.o(.bss) for angle
    main.o(i.ANO_Thread) refers to bsp_gy86.o(.bss) for mpu
    main.o(i.ANO_Thread) refers to pid.o(.bss) for pitchShell
    main.o(i.ChangeMotor_Thread) refers to pid.o(i.ChangeToExpert) for ChangeToExpert
    main.o(i.ChangeMotor_Thread) refers to bsp_tim.o(i.PID_GETTIME) for PID_GETTIME
    main.o(i.ChangeMotor_Thread) refers to pid.o(i.Shell_PID_Pitch) for Shell_PID_Pitch
    main.o(i.ChangeMotor_Thread) refers to os_cpu_a.o(.text) for OS_CPU_SR_Save
    main.o(i.ChangeMotor_Thread) refers to pid.o(i.Power_Change) for Power_Change
    main.o(i.ChangeMotor_Thread) refers to pid.o(i.pitch_Change) for pitch_Change
    main.o(i.ChangeMotor_Thread) refers to pid.o(i.ChangeMotor) for ChangeMotor
    main.o(i.ChangeMotor_Thread) refers to os_time.o(i.OSTimeDly) for OSTimeDly
    main.o(i.ChangeMotor_Thread) refers to bsp_usart.o(.data) for flag
    main.o(i.ChangeMotor_Thread) refers to bsp_usart.o(.bss) for PID
    main.o(i.ChangeMotor_Thread) refers to pid.o(.bss) for pitchShell
    main.o(i.ChangeMotor_Thread) refers to main.o(.data) for END_TIME
    main.o(i.GY86_Thread) refers to bsp_gy86.o(i.GY86_getdata) for GY86_getdata
    main.o(i.GY86_Thread) refers to bsp_tim.o(i.GY86_GETTIME) for GY86_GETTIME
    main.o(i.GY86_Thread) refers to datafusion.o(i.MadgwickAHRSupdate) for MadgwickAHRSupdate
    main.o(i.GY86_Thread) refers to os_time.o(i.OSTimeDly) for OSTimeDly
    main.o(i.GY86_Thread) refers to main.o(.data) for END_TIME
    main.o(i.GY86_Thread) refers to bsp_gy86.o(.bss) for hmc
    main.o(i.MY_Init) refers to bsp_tim.o(i.TIM1_CONFIG) for TIM1_CONFIG
    main.o(i.MY_Init) refers to bsp_tim.o(i.TIM4_CONFIG) for TIM4_CONFIG
    main.o(i.MY_Init) refers to bsp_tim.o(i.TIM3_CONFIG) for TIM3_CONFIG
    main.o(i.MY_Init) refers to bsp_i2c.o(i.I2C1_CONFIG) for I2C1_CONFIG
    main.o(i.MY_Init) refers to stm32f4xx_i2c.o(i.I2C_DeInit) for I2C_DeInit
    main.o(i.MY_Init) refers to bsp_i2c.o(i.I2C3_CONFIG) for I2C3_CONFIG
    main.o(i.MY_Init) refers to bsp_oled.o(i.OLED_Init) for OLED_Init
    main.o(i.MY_Init) refers to bsp_led.o(i.LED_CONFIG) for LED_CONFIG
    main.o(i.MY_Init) refers to bsp_usart.o(i.USART1_CONFIG) for USART1_CONFIG
    main.o(i.MY_Init) refers to bsp_usart.o(i.USART6_CONFIG) for USART6_CONFIG
    main.o(i.MY_Init) refers to bsp_dma.o(i.USART6_DMA_CONFIG) for USART6_DMA_CONFIG
    main.o(i.MY_Init) refers to bsp_gy86.o(i.MPU_Init) for MPU_Init
    main.o(i.MY_Init) refers to bsp_gy86.o(i.HMC_Init) for HMC_Init
    main.o(i.MY_Init) refers to pid.o(i.PID_Init) for PID_Init
    main.o(i.MY_Init) refers to bsp_gy86.o(i.GY86_offset) for GY86_offset
    main.o(i.MY_Init) refers to datafusion.o(i.Quat_Init) for Quat_Init
    main.o(i.MY_Init) refers to bsp_oled.o(i.OLED_PRINT) for OLED_PRINT
    main.o(i.MY_Init) refers to bsp_tim.o(i.TIM2_CONFIG) for TIM2_CONFIG
    main.o(i.MY_Init) refers to bsp_tim.o(i.TIM5_CONFIG) for TIM5_CONFIG
    main.o(i.main) refers to main.o(i.MY_Init) for MY_Init
    main.o(i.main) refers to segger_sysview_config_ucosii.o(i.SEGGER_SYSVIEW_Conf) for SEGGER_SYSVIEW_Conf
    main.o(i.main) refers to segger_sysview.o(i.SEGGER_SYSVIEW_Start) for SEGGER_SYSVIEW_Start
    main.o(i.main) refers to os_core.o(i.OSInit) for OSInit
    main.o(i.main) refers to os_task.o(i.OSTaskCreate) for OSTaskCreate
    main.o(i.main) refers to os_core.o(i.OSStart) for OSStart
    main.o(i.main) refers to system_stm32f4xx.o(.data) for SystemCoreClock
    main.o(i.main) refers to main.o(.bss) for GETDATA_thread_stack
    main.o(i.main) refers to main.o(i.GY86_Thread) for GY86_Thread
    main.o(i.main) refers to main.o(i.ChangeMotor_Thread) for ChangeMotor_Thread
    main.o(i.main) refers to main.o(i.ANO_Thread) for ANO_Thread
    datafusion.o(i.Gyroscope_Update) refers to datafusion.o(i.invSqrt) for invSqrt
    datafusion.o(i.Gyroscope_Update) refers to f2d.o(x$fpl$f2d) for __aeabi_f2d
    datafusion.o(i.Gyroscope_Update) refers to asin.o(i.__hardfp_asin) for __hardfp_asin
    datafusion.o(i.Gyroscope_Update) refers to dmul.o(x$fpl$dmul) for __aeabi_dmul
    datafusion.o(i.Gyroscope_Update) refers to d2f.o(x$fpl$d2f) for __aeabi_d2f
[...]
    OSTaskSwHook                             0x0800406d   Thumb Code    32  os_cpu_c.o(i.OSTaskSwHook)
    OSTimeDly                                0x08004095   Thumb Code   118  os_time.o(i.OSTimeDly)
    OSTimeGet                                0x08004121   Thumb Code    34  os_time.o(i.OSTimeGet)
    OSTimeTick                               0x08004149   Thumb Code   246  os_core.o(i.OSTimeTick)
    OSTimeTickHook                           0x08004259   Thumb Code    30  os_cpu_c.o(i.OSTimeTickHook)
    OSTmrSignal                              0x0800427d   Thumb Code    16  os_tmr.o(i.OSTmrSignal)
    OSTmr_Init                               0x08004291   Thumb Code   168  os_tmr.o(i.OSTmr_Init)
    OS_CPU_SysTickHandler                    0x08004515   Thumb Code    38  os_cpu_c.o(i.OS_CPU_SysTickHandler)
    OS_Dummy                                 0x0800453b   Thumb Code     2  os_core.o(i.OS_Dummy)
    OS_EventTaskRdy                          0x0800453d   Thumb Code   138  os_core.o(i.OS_EventTaskRdy)
    OS_EventTaskRemove                       0x080045d9   Thumb Code    46  os_core.o(i.OS_EventTaskRemove)
    OS_EventTaskRemoveMulti                  0x08004607   Thumb Code    58  os_core.o(i.OS_EventTaskRemoveMulti)
    OS_EventTaskWait                         0x08004641   Thumb Code   122  os_core.o(i.OS_EventTaskWait)
    OS_EventWaitListInit                     0x080046c9   Thumb Code    28  os_core.o(i.OS_EventWaitListInit)
    OS_FlagInit                              0x080046e5   Thumb Code    74  os_flag.o(i.OS_FlagInit)
    OS_FlagUnlink                            0x0800473d   Thumb Code    36  os_flag.o(i.OS_FlagUnlink)
    OS_MemClr                                0x08004981   Thumb Code    18  os_core.o(i.OS_MemClr)
    OS_MemInit                               0x08004995   Thumb Code    74  os_mem.o(i.OS_MemInit)
    OS_QInit                                 0x080049ed   Thumb Code    72  os_q.o(i.OS_QInit)
    OS_Sched                                 0x08004a3d   Thumb Code    98  os_core.o(i.OS_Sched)
    OS_TCBInit                               0x08004ae9   Thumb Code   336  os_core.o(i.OS_TCBInit)
    OS_TaskIdle                              0x08004c55   Thumb Code    42  os_core.o(i.OS_TaskIdle)
    OS_TaskReturn                            0x08004c85   Thumb Code    18  os_task.o(i.OS_TaskReturn)
    OS_TaskStat                              0x08004c9d   Thumb Code   218  os_core.o(i.OS_TaskStat)
    OS_TaskStatStkChk                        0x08004d8d   Thumb Code    54  os_core.o(i.OS_TaskStatStkChk)
    OS_TaskStkClr                            0x08004dc9   Thumb Code    26  os_task.o(i.OS_TaskStkClr)
    PID_Count                                0x08004de5   Thumb Code    50  pid.o(i.PID_Count)
    PID_GETTIME                              0x08004e1d   Thumb Code    96  bsp_tim.o(i.PID_GETTIME)
    PID_Init                                 0x08004e91   Thumb Code   158  pid.o(i.PID_Init)
    Power_Change                             0x08004f79   Thumb Code    58  pid.o(i.Power_Change)
    Quat_Init                                0x08004fc9   Thumb Code  1666  datafusion.o(i.Quat_Init)
    RCC_AHB1PeriphClockCmd                   0x08005655   Thumb Code    26  stm32f4xx_rcc.o(i.RCC_AHB1PeriphClockCmd)
    RCC_APB1PeriphClockCmd                   0x08005675   Thumb Code    26  stm32f4xx_rcc.o(i.RCC_APB1PeriphClockCmd)
    RCC_APB1PeriphResetCmd                   0x08005695   Thumb Code    26  stm32f4xx_rcc.o(i.RCC_APB1PeriphResetCmd)
    RCC_APB2PeriphClockCmd                   0x080056b5   Thumb Code    26  stm32f4xx_rcc.o(i.RCC_APB2PeriphClockCmd)
    RCC_GetClocksFreq                        0x080056d5   Thumb Code   214  stm32f4xx_rcc.o(i.RCC_GetClocksFreq)
    SEGGER_RTT_AllocUpBuffer                 0x080057b9   Thumb Code   192  segger_rtt.o(i.SEGGER_RTT_AllocUpBuffer)
    SEGGER_RTT_ConfigDownBuffer              0x0800587d   Thumb Code   112  segger_rtt.o(i.SEGGER_RTT_ConfigDownBuffer)
    SEGGER_RTT_ReadNoLock                    0x080058f1   Thumb Code   164  segger_rtt.o(i.SEGGER_RTT_ReadNoLock)
    SEGGER_RTT_WriteSkipNoLock               0x08005999   Thumb Code   148  segger_rtt.o(i.SEGGER_RTT_WriteSkipNoLock)
    SEGGER_SYSVIEW_Conf                      0x08005a31   Thumb Code    24  segger_sysview_config_ucosii.o(i.SEGGER_SYSVIEW_Conf)
    SEGGER_SYSVIEW_GetSysDesc                0x08005a55   Thumb Code   180  segger_sysview.o(i.SEGGER_SYSVIEW_GetSysDesc)
    SEGGER_SYSVIEW_Init                      0x08005b11   Thumb Code    78  segger_sysview.o(i.SEGGER_SYSVIEW_Init)
    SEGGER_SYSVIEW_NameResource              0x08005b79   Thumb Code   104  segger_sysview.o(i.SEGGER_SYSVIEW_NameResource)
    SEGGER_SYSVIEW_OnIdle                    0x08005be9   Thumb Code    48  segger_sysview.o(i.SEGGER_SYSVIEW_OnIdle)
    SEGGER_SYSVIEW_OnTaskCreate              0x08005c1d   Thumb Code    90  segger_sysview.o(i.SEGGER_SYSVIEW_OnTaskCreate)
    SEGGER_SYSVIEW_OnTaskStartExec           0x08005c81   Thumb Code    90  segger_sysview.o(i.SEGGER_SYSVIEW_OnTaskStartExec)
    SEGGER_SYSVIEW_OnTaskStartReady          0x08005ce5   Thumb Code    90  segger_sysview.o(i.SEGGER_SYSVIEW_OnTaskStartReady)
    SEGGER_SYSVIEW_OnTaskStopReady           0x08005d49   Thumb Code   122  segger_sysview.o(i.SEGGER_SYSVIEW_OnTaskStopReady)
    SEGGER_SYSVIEW_RecordEnterISR            0x08005dcd   Thumb Code    90  segger_sysview.o(i.SEGGER_SYSVIEW_RecordEnterISR)
    SEGGER_SYSVIEW_RecordExitISR             0x08005e31   Thumb Code    48  segger_sysview.o(i.SEGGER_SYSVIEW_RecordExitISR)
    SEGGER_SYSVIEW_RecordExitISRToScheduler  0x08005e65   Thumb Code    48  segger_sysview.o(i.SEGGER_SYSVIEW_RecordExitISRToScheduler)
    SEGGER_SYSVIEW_RecordSystime             0x08005e99   Thumb Code    52  segger_sysview.o(i.SEGGER_SYSVIEW_RecordSystime)
    SEGGER_SYSVIEW_RecordU32                 0x08005ed5   Thumb Code    88  segger_sysview.o(i.SEGGER_SYSVIEW_RecordU32)
    SEGGER_SYSVIEW_RecordU32x2               0x08005f31   Thumb Code   118  segger_sysview.o(i.SEGGER_SYSVIEW_RecordU32x2)
    SEGGER_SYSVIEW_RecordVoid                0x08005fad   Thumb Code    50  segger_sysview.o(i.SEGGER_SYSVIEW_RecordVoid)
    SEGGER_SYSVIEW_SendModule                0x08005fe5   Thumb Code   162  segger_sysview.o(i.SEGGER_SYSVIEW_SendModule)
    SEGGER_SYSVIEW_SendModuleDescription     0x08006091   Thumb Code    30  segger_sysview.o(i.SEGGER_SYSVIEW_SendModuleDescription)
    SEGGER_SYSVIEW_SendNumModules            0x080060b5   Thumb Code    80  segger_sysview.o(i.SEGGER_SYSVIEW_SendNumModules)
    SEGGER_SYSVIEW_SendSysDesc               0x0800610d   Thumb Code    66  segger_sysview.o(i.SEGGER_SYSVIEW_SendSysDesc)
    SEGGER_SYSVIEW_SendTaskInfo              0x08006155   Thumb Code   260  segger_sysview.o(i.SEGGER_SYSVIEW_SendTaskInfo)
    SEGGER_SYSVIEW_SendTaskList              0x08006261   Thumb Code    26  segger_sysview.o(i.SEGGER_SYSVIEW_SendTaskList)
    SEGGER_SYSVIEW_SetRAMBase                0x08006281   Thumb Code     6  segger_sysview.o(i.SEGGER_SYSVIEW_SetRAMBase)
    SEGGER_SYSVIEW_ShrinkId                  0x0800628d   Thumb Code    10  segger_sysview.o(i.SEGGER_SYSVIEW_ShrinkId)
    SEGGER_SYSVIEW_Start                     0x0800629d   Thumb Code   240  segger_sysview.o(i.SEGGER_SYSVIEW_Start)
    SEGGER_SYSVIEW_Stop                      0x08006399   Thumb Code    60  segger_sysview.o(i.SEGGER_SYSVIEW_Stop)
    SEGGER_SYSVIEW_Warn                      0x080063dd   Thumb Code   122  segger_sysview.o(i.SEGGER_SYSVIEW_Warn)
    SEND_BYTE                                0x0800645d   Thumb Code    20  bsp_oled.o(i.SEND_BYTE)
    SYSVIEW_AddTask                          0x08006475   Thumb Code   146  segger_sysview_ucosii.o(i.SYSVIEW_AddTask)
    SYSVIEW_RecordU32Register                0x08006519   Thumb Code   112  segger_sysview_ucosii.o(i.SYSVIEW_RecordU32Register)
    SYSVIEW_SendResourceList                 0x08006595   Thumb Code    70  segger_sysview_ucosii.o(i.SYSVIEW_SendResourceList)
    SYSVIEW_SendTaskInfo                     0x080065e5   Thumb Code    50  segger_sysview_ucosii.o(i.SYSVIEW_SendTaskInfo)
    SYSVIEW_TaskReady                        0x08006619   Thumb Code    22  segger_sysview_ucosii.o(i.SYSVIEW_TaskReady)
    SYSVIEW_TaskSuspend                      0x08006635   Thumb Code    24  segger_sysview_ucosii.o(i.SYSVIEW_TaskSuspend)
    SYSVIEW_TaskSwitchedIn                   0x08006651   Thumb Code    28  segger_sysview_ucosii.o(i.SYSVIEW_TaskSwitchedIn)
    SYSVIEW_UpdateResource                   0x08006671   Thumb Code    84  segger_sysview_ucosii.o(i.SYSVIEW_UpdateResource)
    SYSVIEW_UpdateTask                       0x080066cd   Thumb Code   144  segger_sysview_ucosii.o(i.SYSVIEW_UpdateTask)
    Send_Str                                 0x08006769   Thumb Code    34  bsp_oled.o(i.Send_Str)
    Shell_PID_Pitch                          0x08006879   Thumb Code   108  pid.o(i.Shell_PID_Pitch)
    SystemInit                               0x080068f1   Thumb Code    88  system_stm32f4xx.o(i.SystemInit)
    TIM1_CC_IRQHandler                       0x08006a7d   Thumb Code   196  bsp_ppm.o(i.TIM1_CC_IRQHandler)
    TIM1_CONFIG                              0x08006b55   Thumb Code   210  bsp_tim.o(i.TIM1_CONFIG)
    TIM2_CONFIG                              0x08006c31   Thumb Code    66  bsp_tim.o(i.TIM2_CONFIG)
    TIM3_CONFIG                              0x08006c75   Thumb Code   316  bsp_tim.o(i.TIM3_CONFIG)
    TIM4_CONFIG                              0x08006dcd   Thumb Code    56  bsp_tim.o(i.TIM4_CONFIG)
    TIM5_CONFIG                              0x08006e09   Thumb Code    64  bsp_tim.o(i.TIM5_CONFIG)
    TIMDelay                                 0x08006e4d   Thumb Code    64  bsp_tim.o(i.TIMDelay)
    TIM_ARRPreloadConfig                     0x08006e91   Thumb Code    24  stm32f4xx_tim.o(i.TIM_ARRPreloadConfig)
    TIM_ClearFlag                            0x08006ea9   Thumb Code     6  stm32f4xx_tim.o(i.TIM_ClearFlag)
    TIM_ClearITPendingBit                    0x08006eaf   Thumb Code     6  stm32f4xx_tim.o(i.TIM_ClearITPendingBit)
    TIM_Cmd                                  0x08006eb5   Thumb Code    24  stm32f4xx_tim.o(i.TIM_Cmd)
    TIM_GetCapture4                          0x08006ecd   Thumb Code     6  stm32f4xx_tim.o(i.TIM_GetCapture4)
    TIM_ICInit                               0x08006ed3   Thumb Code   110  stm32f4xx_tim.o(i.TIM_ICInit)
    TIM_ITConfig                             0x08006f41   Thumb Code    18  stm32f4xx_tim.o(i.TIM_ITConfig)
    TIM_OC1Init                              0x08006f55   Thumb Code   114  stm32f4xx_tim.o(i.TIM_OC1Init)
    TIM_OC1PreloadConfig                     0x08006fd1   Thumb Code    18  stm32f4xx_tim.o(i.TIM_OC1PreloadConfig)
    TIM_OC2Init                              0x08006fe5   Thumb Code   154  stm32f4xx_tim.o(i.TIM_OC2Init)
    TIM_OC2PreloadConfig                     0x08007089   Thumb Code    26  stm32f4xx_tim.o(i.TIM_OC2PreloadConfig)
    TIM_OC3Init                              0x080070a5   Thumb Code   150  stm32f4xx_tim.o(i.TIM_OC3Init)
    TIM_OC3PreloadConfig                     0x08007145   Thumb Code    18  stm32f4xx_tim.o(i.TIM_OC3PreloadConfig)
    TIM_OC4Init                              0x08007159   Thumb Code   112  stm32f4xx_tim.o(i.TIM_OC4Init)
    TIM_OC4PreloadConfig                     0x080071d1   Thumb Code    26  stm32f4xx_tim.o(i.TIM_OC4PreloadConfig)
    TIM_SetCompare1                          0x080071eb   Thumb Code     4  stm32f4xx_tim.o(i.TIM_SetCompare1)
    TIM_SetCompare2                          0x080071ef   Thumb Code     4  stm32f4xx_tim.o(i.TIM_SetCompare2)
    TIM_SetCompare3                          0x080071f3   Thumb Code     4  stm32f4xx_tim.o(i.TIM_SetCompare3)
    TIM_SetCompare4                          0x080071f7   Thumb Code     4  stm32f4xx_tim.o(i.TIM_SetCompare4)
    TIM_SetIC1Prescaler                      0x080071fb   Thumb Code    18  stm32f4xx_tim.o(i.TIM_SetIC1Prescaler)
    TIM_SetIC2Prescaler                      0x0800720d   Thumb Code    26  stm32f4xx_tim.o(i.TIM_SetIC2Prescaler)
    TIM_SetIC3Prescaler                      0x08007227   Thumb Code    18  stm32f4xx_tim.o(i.TIM_SetIC3Prescaler)
    TIM_SetIC4Prescaler                      0x08007239   Thumb Code    26  stm32f4xx_tim.o(i.TIM_SetIC4Prescaler)
    TIM_TimeBaseInit                         0x08007255   Thumb Code   104  stm32f4xx_tim.o(i.TIM_TimeBaseInit)
    USART1_CONFIG                            0x080072d9   Thumb Code   230  bsp_usart.o(i.USART1_CONFIG)
    USART1_IRQHandler                        0x080073c9   Thumb Code    70  bsp_ray.o(i.USART1_IRQHandler)
    USART6_CONFIG                            0x0800741d   Thumb Code   218  bsp_usart.o(i.USART6_CONFIG)
    USART6_DMA_CONFIG                        0x08007505   Thumb Code   186  bsp_dma.o(i.USART6_DMA_CONFIG)
    USART6_IRQHandler                        0x080075d1   Thumb Code    84  bsp_usart.o(i.USART6_IRQHandler)
    USART_Cmd                                0x08007635   Thumb Code    24  stm32f4xx_usart.o(i.USART_Cmd)
    USART_DMACmd                             0x0800764d   Thumb Code    18  stm32f4xx_usart.o(i.USART_DMACmd)
    USART_GetITStatus                        0x0800765f   Thumb Code    84  stm32f4xx_usart.o(i.USART_GetITStatus)
    USART_ITConfig                           0x080076b3   Thumb Code    74  stm32f4xx_usart.o(i.USART_ITConfig)
    USART_Init                               0x080076fd   Thumb Code   204  stm32f4xx_usart.o(i.USART_Init)
    USART_ReceiveData                        0x080077d1   Thumb Code    10  stm32f4xx_usart.o(i.USART_ReceiveData)
    __ARM_fpclassify                         0x08007bad   Thumb Code    48  fpclassify.o(i.__ARM_fpclassify)
    __hardfp_asin                            0x08007be1   Thumb Code   770  asin.o(i.__hardfp_asin)
    __hardfp_atan                            0x08007f41   Thumb Code   622  atan.o(i.__hardfp_atan)
    __hardfp_atan2                           0x08008219   Thumb Code   448  atan2.o(i.__hardfp_atan2)
    __hardfp_cos                             0x08008419   Thumb Code   180  cos.o(i.__hardfp_cos)
    __hardfp_sin                             0x080084e1   Thumb Code   180  sin.o(i.__hardfp_sin)
    __hardfp_sqrt                            0x080085a9   Thumb Code   122  sqrt.o(i.__hardfp_sqrt)
    __ieee754_rem_pio2                       0x08008629   Thumb Code   938  rred.o(i.__ieee754_rem_pio2)
    __kernel_cos                             0x08008a61   Thumb Code   322  cos_i.o(i.__kernel_cos)
    __kernel_poly                            0x08008bd1   Thumb Code   248  poly.o(i.__kernel_poly)
    __kernel_sin                             0x08008cc9   Thumb Code   280  sin_i.o(i.__kernel_sin)
    __mathlib_dbl_infnan                     0x08008df9   Thumb Code    20  dunder.o(i.__mathlib_dbl_infnan)
    __mathlib_dbl_infnan2                    0x08008e0d   Thumb Code    20  dunder.o(i.__mathlib_dbl_infnan2)
    __mathlib_dbl_invalid                    0x08008e21   Thumb Code    24  dunder.o(i.__mathlib_dbl_invalid)
    __mathlib_dbl_underflow                  0x08008e41   Thumb Code    24  dunder.o(i.__mathlib_dbl_underflow)
    atan                                     0x08008f1d   Thumb Code    16  atan.o(i.atan)
    fabs                                     0x08008f2d   Thumb Code    24  fabs.o(i.fabs)
    invSqrt                                  0x08008f45   Thumb Code    56  datafusion.o(i.invSqrt)
    main                                     0x08008f81   Thumb Code   140  main.o(i.main)
    pitch_Change                             0x08009031   Thumb Code   162  pid.o(i.pitch_Change)
    sqrt                                     0x080090ed   Thumb Code   110  sqrt.o(i.sqrt)
    __aeabi_dneg                             0x0800915b   Thumb Code     0  basic.o(x$fpl$basic)
    _dneg                                    0x0800915b   Thumb Code     6  basic.o(x$fpl$basic)
    __aeabi_fneg                             0x08009161   Thumb Code     0  basic.o(x$fpl$basic)
    _fneg                                    0x08009161   Thumb Code     6  basic.o(x$fpl$basic)
    _dabs                                    0x08009167   Thumb Code     6  basic.o(x$fpl$basic)
    _fabs                                    0x0800916d   Thumb Code     6  basic.o(x$fpl$basic)
    __aeabi_d2f                              0x08009175   Thumb Code     0  d2f.o(x$fpl$d2f)
    _d2f                                     0x08009175   Thumb Code    98  d2f.o(x$fpl$d2f)
    __aeabi_dadd                             0x080091d9   Thumb Code     0  daddsub_clz.o(x$fpl$dadd)
    _dadd                                    0x080091d9   Thumb Code   332  daddsub_clz.o(x$fpl$dadd)
    __fpl_dcmp_Inf                           0x08009329   Thumb Code    24  dcmpi.o(x$fpl$dcmpinf)
    __aeabi_ddiv                             0x08009341   Thumb Code     0  ddiv.o(x$fpl$ddiv)
    _ddiv                                    0x08009341   Thumb Code   552  ddiv.o(x$fpl$ddiv)
    __aeabi_cdcmpeq                          0x080095f1   Thumb Code     0  deqf.o(x$fpl$deqf)
    _dcmpeq                                  0x080095f1   Thumb Code   120  deqf.o(x$fpl$deqf)
    __aeabi_d2iz                             0x08009669   Thumb Code     0  dfix.o(x$fpl$dfix)
    _dfix                                    0x08009669   Thumb Code    94  dfix.o(x$fpl$dfix)
    __aeabi_i2d                              0x080096c7   Thumb Code     0  dflt_clz.o(x$fpl$dflt)
    _dflt                                    0x080096c7   Thumb Code    46  dflt_clz.o(x$fpl$dflt)
    __aeabi_ui2d                             0x080096f5   Thumb Code     0  dflt_clz.o(x$fpl$dfltu)
    _dfltu                                   0x080096f5   Thumb Code    38  dflt_clz.o(x$fpl$dfltu)
    __aeabi_dmul                             0x0800971d   Thumb Code     0  dmul.o(x$fpl$dmul)
    _dmul                                    0x0800971d   Thumb Code   332  dmul.o(x$fpl$dmul)
    __fpl_dnaninf                            0x08009871   Thumb Code   156  dnaninf.o(x$fpl$dnaninf)
    __fpl_dretinf                            0x0800990d   Thumb Code    12  dretinf.o(x$fpl$dretinf)
    __aeabi_drsub                            0x08009919   Thumb Code     0  daddsub_clz.o(x$fpl$drsb)
    _drsb                                    0x08009919   Thumb Code    22  daddsub_clz.o(x$fpl$drsb)
    _dsqrt                                   0x08009931   Thumb Code   404  dsqrt_umaal.o(x$fpl$dsqrt)
    __aeabi_dsub                             0x08009ac9   Thumb Code     0  daddsub_clz.o(x$fpl$dsub)
    _dsub                                    0x08009ac9   Thumb Code   464  daddsub_clz.o(x$fpl$dsub)
    __aeabi_f2d                              0x08009c9d   Thumb Code     0  f2d.o(x$fpl$f2d)
    _f2d                                     0x08009c9d   Thumb Code    86  f2d.o(x$fpl$f2d)
    __fpl_fnaninf                            0x08009cf3   Thumb Code   140  fnaninf.o(x$fpl$fnaninf)
    _fp_init                                 0x08009d7f   Thumb Code    10  fpinit.o(x$fpl$fpinit)
    __fplib_config_fpu_vfp                   0x08009d87   Thumb Code     0  fpinit.o(x$fpl$fpinit)
    __fplib_config_pureend_doubles           0x08009d87   Thumb Code     0  fpinit.o(x$fpl$fpinit)
    __fpl_fretinf                            0x08009d89   Thumb Code    10  fretinf.o(x$fpl$fretinf)
    F6x8                                     0x08009d92   Data         552  bsp_oled.o(.constdata)
    __I$use$fp                               0x08009d92   Number         0  usenofp.o(x$fpl$usenofp)
    F8X16                                    0x08009fba   Data        1520  bsp_oled.o(.constdata)
    OSUnMapTbl                               0x0800a5aa   Data         256  os_core.o(.constdata)
    OSDebugEn                                0x0800a6ac   Data           2  os_dbg.o(.constdata)
    OSEndiannessTest                         0x0800a6b0   Data           4  os_dbg.o(.constdata)
    OSEventEn                                0x0800a6b4   Data           2  os_dbg.o(.constdata)
    OSEventMax                               0x0800a6b6   Data           2  os_dbg.o(.constdata)
    OSEventNameEn                            0x0800a6b8   Data           2  os_dbg.o(.constdata)
    OSEventSize                              0x0800a6ba   Data           2  os_dbg.o(.constdata)
    OSEventTblSize                           0x0800a6bc   Data           2  os_dbg.o(.constdata)
    OSEventMultiEn                           0x0800a6be   Data           2  os_dbg.o(.constdata)
    OSFlagEn                                 0x0800a6c0   Data           2  os_dbg.o(.constdata)
    OSFlagGrpSize                            0x0800a6c2   Data           2  os_dbg.o(.constdata)
    OSFlagNodeSize                           0x0800a6c4   Data           2  os_dbg.o(.constdata)
    OSFlagWidth                              0x0800a6c6   Data           2  os_dbg.o(.constdata)
    OSFlagMax                                0x0800a6c8   Data           2  os_dbg.o(.constdata)
    OSFlagNameEn                             0x0800a6ca   Data           2  os_dbg.o(.constdata)
    OSLowestPrio                             0x0800a6cc   Data           2  os_dbg.o(.constdata)
    OSMboxEn                                 0x0800a6ce   Data           2  os_dbg.o(.constdata)
    OSMemEn                                  0x0800a6d0   Data           2  os_dbg.o(.constdata)
    OSMemMax                                 0x0800a6d2   Data           2  os_dbg.o(.constdata)
    OSMemNameEn                              0x0800a6d4   Data           2  os_dbg.o(.constdata)
    OSMemSize                                0x0800a6d6   Data           2  os_dbg.o(.constdata)
    OSMemTblSize                             0x0800a6d8   Data           2  os_dbg.o(.constdata)
    OSMutexEn                                0x0800a6da   Data           2  os_dbg.o(.constdata)
    OSPtrSize                                0x0800a6dc   Data           2  os_dbg.o(.constdata)
    OSQEn                                    0x0800a6de   Data           2  os_dbg.o(.constdata)
    OSQMax                                   0x0800a6e0   Data           2  os_dbg.o(.constdata)
    OSQSize                                  0x0800a6e2   Data           2  os_dbg.o(.constdata)
    OSRdyTblSize                             0x0800a6e4   Data           2  os_dbg.o(.constdata)
    OSSemEn                                  0x0800a6e6   Data           2  os_dbg.o(.constdata)
    OSStkWidth                               0x0800a6e8   Data           2  os_dbg.o(.constdata)
    OSTaskCreateEn                           0x0800a6ea   Data           2  os_dbg.o(.constdata)
    OSTaskCreateExtEn                        0x0800a6ec   Data           2  os_dbg.o(.constdata)
    OSTaskDelEn                              0x0800a6ee   Data           2  os_dbg.o(.constdata)
    OSTaskIdleStkSize                        0x0800a6f0   Data           2  os_dbg.o(.constdata)
    OSTaskProfileEn                          0x0800a6f2   Data           2  os_dbg.o(.constdata)
    OSTaskMax                                0x0800a6f4   Data           2  os_dbg.o(.constdata)
    OSTaskNameEn                             0x0800a6f6   Data           2  os_dbg.o(.constdata)
    OSTaskStatEn                             0x0800a6f8   Data           2  os_dbg.o(.constdata)
    OSTaskStatStkSize                        0x0800a6fa   Data           2  os_dbg.o(.constdata)
    OSTaskStatStkChkEn                       0x0800a6fc   Data           2  os_dbg.o(.constdata)
    OSTaskSwHookEn                           0x0800a6fe   Data           2  os_dbg.o(.constdata)
    OSTaskRegTblSize                         0x0800a700   Data           2  os_dbg.o(.constdata)
    OSTCBPrioTblMax                          0x0800a702   Data           2  os_dbg.o(.constdata)
    OSTCBSize                                0x0800a704   Data           2  os_dbg.o(.constdata)
    OSTicksPerSec                            0x0800a706   Data           2  os_dbg.o(.constdata)
    OSTimeTickHookEn                         0x0800a708   Data           2  os_dbg.o(.constdata)
    OSVersionNbr                             0x0800a70a   Data           2  os_dbg.o(.constdata)
    OSTmrEn                                  0x0800a70c   Data           2  os_dbg.o(.constdata)
    OSTmrCfgMax                              0x0800a70e   Data           2  os_dbg.o(.constdata)
    OSTmrCfgNameEn                           0x0800a710   Data           2  os_dbg.o(.constdata)
    OSTmrCfgWheelSize                        0x0800a712   Data           2  os_dbg.o(.constdata)
    OSTmrCfgTicksPerSec                      0x0800a714   Data           2  os_dbg.o(.constdata)
    OSTmrSize                                0x0800a716   Data           2  os_dbg.o(.constdata)
    OSTmrTblSize                             0x0800a718   Data           2  os_dbg.o(.constdata)
    OSTmrWheelSize                           0x0800a71a   Data           2  os_dbg.o(.constdata)
    OSTmrWheelTblSize                        0x0800a71c   Data           2  os_dbg.o(.constdata)
    OSDataSize                               0x0800a71e   Data           2  os_dbg.o(.constdata)
    SYSVIEW_X_OS_TraceAPI                    0x0800a74c   Data           8  segger_sysview_ucosii.o(.constdata)
    __mathlib_zero                           0x0800a870   Data           8  qnan.o(.constdata)
    Region$$Table$$Base                      0x0800aa0c   Number         0  anon$$obj.o(Region$$Table)
    Region$$Table$$Limit                     0x0800aa2c   Number         0  anon$$obj.o(Region$$Table)
    OS_ERROR                                 0x20000000   Data           1  main.o(.data)
    cpu_sr                                   0x20000004   Data           4  main.o(.data)
    m                                        0x20000008   Data           4  main.o(.data)
    time                                     0x2000000c   Data           4  main.o(.data)
    a_x                                      0x20000020   Data           4  datafusion.o(.data)
    a_y                                      0x20000024   Data           4  datafusion.o(.data)
    a_z                                      0x20000028   Data           4  datafusion.o(.data)
    w_x                                      0x2000002c   Data           4  datafusion.o(.data)
    w_y                                      0x20000030   Data           4  datafusion.o(.data)
    w_z                                      0x20000034   Data           4  datafusion.o(.data)
    m_x                                      0x20000038   Data           4  datafusion.o(.data)
    m_y                                      0x2000003c   Data           4  datafusion.o(.data)
    m_z                                      0x20000040   Data           4  datafusion.o(.data)
    SEq_1                                    0x20000044   Data           4  datafusion.o(.data)
    SEq_2                                    0x20000048   Data           4  datafusion.o(.data)
    SEq_3                                    0x2000004c   Data           4  datafusion.o(.data)
    SEq_4                                    0x20000050   Data           4  datafusion.o(.data)
    b_x                                      0x20000054   Data           4  datafusion.o(.data)
    b_z                                      0x20000058   Data           4  datafusion.o(.data)
    w_bx                                     0x2000005c   Data           4  datafusion.o(.data)
    w_by                                     0x20000060   Data           4  datafusion.o(.data)
    w_bz                                     0x20000064   Data           4  datafusion.o(.data)
    Kp                                       0x20000068   Data           4  datafusion.o(.data)
    Ki                                       0x2000006c   Data           4  datafusion.o(.data)
    q0                                       0x20000070   Data           4  datafusion.o(.data)
    q1                                       0x20000074   Data           4  datafusion.o(.data)
    q2                                       0x20000078   Data           4  datafusion.o(.data)
    q3                                       0x2000007c   Data           4  datafusion.o(.data)
    exInt                                    0x20000080   Data           4  datafusion.o(.data)
    eyInt                                    0x20000084   Data           4  datafusion.o(.data)
    ezInt                                    0x20000088   Data           4  datafusion.o(.data)
    expRoll                                  0x2000008c   Data           4  pid.o(.data)
    expPitch                                 0x20000090   Data           4  pid.o(.data)
    expYaw                                   0x20000094   Data           4  pid.o(.data)
    expHeight                                0x20000098   Data           4  pid.o(.data)
    motor1                                   0x2000009c   Data           4  pid.o(.data)
    motor2                                   0x200000a0   Data           4  pid.o(.data)
    motor3                                   0x200000a4   Data           4  pid.o(.data)
    motor4                                   0x200000a8   Data           4  pid.o(.data)
    rollShellKp                              0x200000ac   Data           4  pid.o(.data)
    rollShellKi                              0x200000b0   Data           4  pid.o(.data)
    rollShellKd                              0x200000b4   Data           4  pid.o(.data)
    rollCoreKp                               0x200000b8   Data           4  pid.o(.data)
    rollCoreKi                               0x200000bc   Data           4  pid.o(.data)
    rollCoreKd                               0x200000c0   Data           4  pid.o(.data)
    pitchShellKp                             0x200000c4   Data           4  pid.o(.data)
    pitchShellKi                             0x200000c8   Data           4  pid.o(.data)
    pitchCoreKp                              0x200000cc   Data           4  pid.o(.data)
    pitchCoreKi                              0x200000d0   Data           4  pid.o(.data)
    pitchCoreKd                              0x200000d4   Data           4  pid.o(.data)
    yawCoreKp                                0x200000d8   Data           4  pid.o(.data)
    yawCoreKd                                0x200000dc   Data           4  pid.o(.data)
    yawCoreKi                                0x200000e0   Data           4  pid.o(.data)
    SystemCoreClock                          0x200000e4   Data           4  system_stm32f4xx.o(.data)
    AHBPrescTable                            0x200000e8   Data          16  system_stm32f4xx.o(.data)
    axo                                      0x20000108   Data           4  bsp_gy86.o(.data)
    ayo                                      0x2000010c   Data           4  bsp_gy86.o(.data)
    azo                                      0x20000110   Data           4  bsp_gy86.o(.data)
    gxo                                      0x20000114   Data           4  bsp_gy86.o(.data)
    gyo                                      0x20000118   Data           4  bsp_gy86.o(.data)
    gzo                                      0x2000011c   Data           4  bsp_gy86.o(.data)
    mxo                                      0x20000120   Data           2  bsp_gy86.o(.data)
    myo                                      0x20000122   Data           2  bsp_gy86.o(.data)
    mzo                                      0x20000124   Data           2  bsp_gy86.o(.data)
    BMP1                                     0x20000128   Data        1024  bsp_oled.o(.data)
    a                                        0x20000534   Data          50  bsp_ppm.o(.data)
    b                                        0x20000566   Data          50  bsp_ppm.o(.data)
    c                                        0x20000598   Data          50  bsp_ppm.o(.data)
    d                                        0x200005ca   Data          50  bsp_ppm.o(.data)
    e                                        0x200005fc   Data          50  bsp_ppm.o(.data)
    f                                        0x2000062e   Data          50  bsp_ppm.o(.data)
    g                                        0x20000660   Data          50  bsp_ppm.o(.data)
    h                                        0x20000692   Data          50  bsp_ppm.o(.data)
    i                                        0x200006c4   Data          50  bsp_ppm.o(.data)
    T1                                       0x200006f8   Data           4  bsp_ppm.o(.data)
    T2                                       0x200006fc   Data           4  bsp_ppm.o(.data)
    T3                                       0x20000700   Data           4  bsp_ppm.o(.data)
    T4                                       0x20000704   Data           4  bsp_ppm.o(.data)
    CH_OUT                                   0x20000708   Data           8  bsp_ppm.o(.data)
    a1                                       0x20000718   Data          50  bsp_ray.o(.data)
    b1                                       0x2000074a   Data          50  bsp_ray.o(.data)
    c1                                       0x2000077c   Data          50  bsp_ray.o(.data)
    flag                                     0x200007bc   Data           1  bsp_usart.o(.data)
    OSCtxSwCtr                               0x200007c4   Data           4  os_core.o(.data)
    OSEventFreeList                          0x200007c8   Data           4  os_core.o(.data)
    OSFlagFreeList                           0x200007cc   Data           4  os_core.o(.data)
    OSCPUUsage                               0x200007d0   Data           1  os_core.o(.data)
    OSIdleCtrMax                             0x200007d4   Data           4  os_core.o(.data)
    OSIdleCtrRun                             0x200007d8   Data           4  os_core.o(.data)
    OSStatRdy                                0x200007dc   Data           1  os_core.o(.data)
    OSIntNesting                             0x200007dd   Data           1  os_core.o(.data)
    OSLockNesting                            0x200007de   Data           1  os_core.o(.data)
    OSPrioCur                                0x200007df   Data           1  os_core.o(.data)
    OSPrioHighRdy                            0x200007e0   Data           1  os_core.o(.data)
    OSRdyGrp                                 0x200007e1   Data           1  os_core.o(.data)
    OSRdyTbl                                 0x200007e2   Data           8  os_core.o(.data)
    OSRunning                                0x200007ea   Data           1  os_core.o(.data)
    OSTaskCtr                                0x200007eb   Data           1  os_core.o(.data)
    OSIdleCtr                                0x200007ec   Data           4  os_core.o(.data)
    OSTCBCur                                 0x200007f0   Data           4  os_core.o(.data)
    OSTCBFreeList                            0x200007f4   Data           4  os_core.o(.data)
    OSTCBHighRdy                             0x200007f8   Data           4  os_core.o(.data)
    OSTCBList                                0x200007fc   Data           4  os_core.o(.data)
    OSTickStepState                          0x20000800   Data           1  os_core.o(.data)
    OSMemFreeList                            0x20000804   Data           4  os_core.o(.data)
    OSQFreeList                              0x20000808   Data           4  os_core.o(.data)
    OSTaskRegNextAvailID                     0x2000080c   Data           1  os_core.o(.data)
    OSTime                                   0x20000810   Data           4  os_core.o(.data)
    OSTmrFree                                0x20000814   Data           2  os_core.o(.data)
    OSTmrUsed                                0x20000816   Data           2  os_core.o(.data)
    OSTmrTime                                0x20000818   Data           4  os_core.o(.data)
    OSTmrSem                                 0x2000081c   Data           4  os_core.o(.data)
    OSTmrSemSignal                           0x20000820   Data           4  os_core.o(.data)
    OSTmrFreeList                            0x20000824   Data           4  os_core.o(.data)
    OS_CPU_ExceptStkBase                     0x20000828   Data           4  os_cpu_c.o(.data)
    OS_KA_BASEPRI_Boundary                   0x20000830   Data           4  os_cpu_c.o(.data)
    SEGGER_SYSVIEW_TickCnt                   0x20000834   Data           4  segger_sysview.o(.data)
    SEGGER_SYSVIEW_InterruptId               0x20000838   Data           4  segger_sysview.o(.data)
    GETDATA_thread_stack                     0x20000854   Data        1024  main.o(.bss)
    Control_thread_stack                     0x20000c54   Data         512  main.o(.bss)
    ANO_thread_stack                         0x20000e54   Data         512  main.o(.bss)
    angle                                    0x20001054   Data          12  datafusion.o(.bss)
    rollCore                                 0x20001060   Data          36  pid.o(.bss)
    rollShell                                0x20001084   Data          36  pid.o(.bss)
    pitchCore                                0x200010a8   Data          36  pid.o(.bss)
    pitchShell                               0x200010cc   Data          36  pid.o(.bss)
    yawCore                                  0x200010f0   Data          36  pid.o(.bss)
    thrShell                                 0x20001114   Data          36  pid.o(.bss)
    ch                                       0x20001138   Data          14  bsp_gy86.o(.bss)
    buffer                                   0x20001146   Data          14  bsp_gy86.o(.bss)
    show0                                    0x20001154   Data          14  bsp_gy86.o(.bss)
    show1                                    0x20001162   Data          14  bsp_gy86.o(.bss)
    show2                                    0x20001170   Data          14  bsp_gy86.o(.bss)
    show3                                    0x2000117e   Data          14  bsp_gy86.o(.bss)
    show4                                    0x2000118c   Data          14  bsp_gy86.o(.bss)
    show5                                    0x2000119a   Data          14  bsp_gy86.o(.bss)
    show6                                    0x200011a8   Data          14  bsp_gy86.o(.bss)
    show7                                    0x200011b6   Data          14  bsp_gy86.o(.bss)
    show8                                    0x200011c4   Data          14  bsp_gy86.o(.bss)
    show9                                    0x200011d2   Data          14  bsp_gy86.o(.bss)
    show10                                   0x200011e0   Data          14  bsp_gy86.o(.bss)
    show11                                   0x200011ee   Data          14  bsp_gy86.o(.bss)
    show12                                   0x200011fc   Data          14  bsp_gy86.o(.bss)
    mpu_r                                    0x2000120a   Data          14  bsp_gy86.o(.bss)
    hmc_r                                    0x20001218   Data          12  bsp_gy86.o(.bss)
    mpu                                      0x20001224   Data          28  bsp_gy86.o(.bss)
    hmc                                      0x20001240   Data          12  bsp_gy86.o(.bss)
    TIM1_DataBuf                             0x2000124c   Data          18  bsp_ppm.o(.bss)
    HEIGHT                                   0x20001284   Data          18  bsp_ray.o(.bss)
    d1                                       0x20001296   Data          50  bsp_ray.o(.bss)
    e1                                       0x200012c8   Data          50  bsp_ray.o(.bss)
    f1                                       0x200012fa   Data          50  bsp_ray.o(.bss)
    g1                                       0x2000132c   Data          50  bsp_ray.o(.bss)
    CH1                                      0x20001360   Data          20  bsp_tim.o(.bss)
    CH2                                      0x20001374   Data          20  bsp_tim.o(.bss)
    CH3                                      0x20001388   Data          20  bsp_tim.o(.bss)
    CH4                                      0x2000139c   Data          20  bsp_tim.o(.bss)
    PID                                      0x200013b0   Data          50  bsp_usart.o(.bss)
    send_buffer                              0x200013e2   Data          20  ano.o(.bss)
    sendbuf                                  0x200013f6   Data        1024  bsp_dma.o(.bss)
    receivebuf                               0x200017f6   Data        1024  bsp_dma.o(.bss)
    OSEventTbl                               0x20001bf8   Data         240  os_core.o(.bss)
    OSFlagTbl                                0x20001ce8   Data          80  os_core.o(.bss)
    OSTaskStatStk                            0x20001d38   Data         512  os_core.o(.bss)
    OSTaskIdleStk                            0x20001f38   Data         512  os_core.o(.bss)
    OSTCBPrioTbl                             0x20002138   Data         256  os_core.o(.bss)
    OSTCBTbl                                 0x20002238   Data        2024  os_core.o(.bss)
    OSMemTbl                                 0x20002a20   Data         120  os_core.o(.bss)
    OSQTbl                                   0x20002a98   Data          96  os_core.o(.bss)
    OSTmrTbl                                 0x20002af8   Data         640  os_core.o(.bss)
    OSTmrTaskStk                             0x20002d78   Data         512  os_core.o(.bss)
    OSTmrWheelTbl                            0x20002f78   Data          56  os_core.o(.bss)
    OS_CPU_ExceptStk                         0x20002fb0   Data        1024  os_cpu_c.o(.bss)
    _SEGGER_RTT                              0x200033b0   Data         168  segger_rtt.o(.bss)
    __libspace_start                         0x20003df4   Data          96  libspace.o(.bss)
    __temporary_stack_top$libspace           0x20003e54   Data           0  libspace.o(.bss)



==============================================================================

Memory Map of the image

  Image Entry point : 0x08000275

  Load Region LR_1 (Base: 0x08000000, Size: 0x0000b280, Max: 0xffffffff, ABSOLUTE, COMPRESSED[0x0000ab8c])

    Execution Region ER_RO (Exec base: 0x08000000, Load base: 0x08000000, Size: 0x0000aa2c, Max: 0xffffffff, ABSOLUTE)

    Exec Addr    Load Addr    Size         Type   Attr      Idx    E Section Name        Object

    0x08000000   0x08000000   0x00000194   Data   RO          431    RESET               startup_stm32f401xx.o
    0x08000194   0x08000194   0x00000008   Code   RO         6449  * !!!main             c_w.l(__main.o)
    0x0800019c   0x0800019c   0x00000034   Code   RO         6981    !!!scatter          c_w.l(__scatter.o)
    0x080001d0   0x080001d0   0x0000005a   Code   RO         6979    !!dczerorl2         c_w.l(__dczerorl2.o)
    0x0800022a   0x0800022a   0x00000002   PAD
    0x0800022c   0x0800022c   0x0000001c   Code   RO         6983    !!handler_zi        c_w.l(__scatter_zi.o)
    0x08000248   0x08000248   0x00000002   Code   RO         6796    .ARM.Collect$$libinit$$00000000  c_w.l(libinit.o)
    0x0800024a   0x0800024a   0x00000004   Code   RO         6797    .ARM.Collect$$libinit$$00000001  c_w.l(libinit2.o)
    0x0800024e   0x0800024e   0x00000000   Code   RO         6800    .ARM.Collect$$libinit$$00000004  c_w.l(libinit2.o)
    0x0800024e   0x0800024e   0x00000000   Code   RO         6803    .ARM.Collect$$libinit$$0000000A  c_w.l(libinit2.o)
    0x0800024e   0x0800024e   0x00000000   Code   RO         6805    .ARM.Collect$$libinit$$0000000C  c_w.l(libinit2.o)
    0x0800024e   0x0800024e   0x00000000   Code   RO         6807    .ARM.Collect$$libinit$$0000000E  c_w.l(libinit2.o)
    0x0800024e   0x0800024e   0x00000000   Code   RO         6810    .ARM.Collect$$libinit$$00000011  c_w.l(libinit2.o)
    0x0800024e   0x0800024e   0x00000000   Code   RO         6812    .ARM.Collect$$libinit$$00000013  c_w.l(libinit2.o)
    0x0800024e   0x0800024e   0x00000000   Code   RO         6814    .ARM.Collect$$libinit$$00000015  c_w.l(libinit2.o)
    0x0800024e   0x0800024e   0x00000000   Code   RO         6816    .ARM.Collect$$libinit$$00000017  c_w.l(libinit2.o)
    0x0800024e   0x0800024e   0x00000000   Code   RO         6818    .ARM.Collect$$libinit$$00000019  c_w.l(libinit2.o)
    0x0800024e   0x0800024e   0x00000000   Code   RO         6820    .ARM.Collect$$libinit$$0000001B  c_w.l(libinit2.o)
    0x0800024e   0x0800024e   0x00000000   Code   RO         6822    .ARM.Collect$$libinit$$0000001D  c_w.l(libinit2.o)
    0x0800024e   0x0800024e   0x00000000   Code   RO         6824    .ARM.Collect$$libinit$$0000001F  c_w.l(libinit2.o)
    0x0800024e   0x0800024e   0x00000000   Code   RO         6826    .ARM.Collect$$libinit$$00000021  c_w.l(libinit2.o)
    0x0800024e   0x0800024e   0x00000000   Code   RO         6828    .ARM.Collect$$libinit$$00000023  c_w.l(libinit2.o)
    0x0800024e   0x0800024e   0x00000000   Code   RO         6830    .ARM.Collect$$libinit$$00000025  c_w.l(libinit2.o)
    0x0800024e   0x0800024e   0x00000000   Code   RO         6834    .ARM.Collect$$libinit$$0000002C  c_w.l(libinit2.o)
    0x0800024e   0x0800024e   0x00000000   Code   RO         6836    .ARM.Collect$$libinit$$0000002E  c_w.l(libinit2.o)
    0x0800024e   0x0800024e   0x00000000   Code   RO         6838    .ARM.Collect$$libinit$$00000030  c_w.l(libinit2.o)
    0x0800024e   0x0800024e   0x00000000   Code   RO         6840    .ARM.Collect$$libinit$$00000032  c_w.l(libinit2.o)
    0x0800024e   0x0800024e   0x00000002   Code   RO         6841    .ARM.Collect$$libinit$$00000033  c_w.l(libinit2.o)
    0x08000250   0x08000250   0x00000002   Code   RO         6958    .ARM.Collect$$libshutdown$$00000000  c_w.l(libshutdown.o)
    0x08000252   0x08000252   0x00000000   Code   RO         6843    .ARM.Collect$$libshutdown$$00000002  c_w.l(libshutdown2.o)
    0x08000252   0x08000252   0x00000000   Code   RO         6845    .ARM.Collect$$libshutdown$$00000004  c_w.l(libshutdown2.o)
    0x08000252   0x08000252   0x00000000   Code   RO         6847    .ARM.Collect$$libshutdown$$00000006  c_w.l(libshutdown2.o)
    0x08000252   0x08000252   0x00000000   Code   RO         6850    .ARM.Collect$$libshutdown$$00000009  c_w.l(libshutdown2.o)
    0x08000252   0x08000252   0x00000000   Code   RO         6853    .ARM.Collect$$libshutdown$$0000000C  c_w.l(libshutdown2.o)
    0x08000252   0x08000252   0x00000000   Code   RO         6855    .ARM.Collect$$libshutdown$$0000000E  c_w.l(libshutdown2.o)
    0x08000252   0x08000252   0x00000000   Code   RO         6858    .ARM.Collect$$libshutdown$$00000011  c_w.l(libshutdown2.o)
    0x08000252   0x08000252   0x00000002   Code   RO         6859    .ARM.Collect$$libshutdown$$00000012  c_w.l(libshutdown2.o)
    0x08000254   0x08000254   0x00000000   Code   RO         6539    .ARM.Collect$$rtentry$$00000000  c_w.l(__rtentry.o)
    0x08000254   0x08000254   0x00000000   Code   RO         6630    .ARM.Collect$$rtentry$$00000002  c_w.l(__rtentry2.o)
    0x08000254   0x08000254   0x00000006   Code   RO         6642    .ARM.Collect$$rtentry$$00000004  c_w.l(__rtentry4.o)
    0x0800025a   0x0800025a   0x00000000   Code   RO         6632    .ARM.Collect$$rtentry$$00000009  c_w.l(__rtentry2.o)
    0x0800025a   0x0800025a   0x00000004   Code   RO         6633    .ARM.Collect$$rtentry$$0000000A  c_w.l(__rtentry2.o)
    0x0800025e   0x0800025e   0x00000000   Code   RO         6635    .ARM.Collect$$rtentry$$0000000C  c_w.l(__rtentry2.o)
    0x0800025e   0x0800025e   0x00000008   Code   RO         6636    .ARM.Collect$$rtentry$$0000000D  c_w.l(__rtentry2.o)
    0x08000266   0x08000266   0x00000002   Code   RO         6863    .ARM.Collect$$rtexit$$00000000  c_w.l(rtexit.o)
    0x08000268   0x08000268   0x00000000   Code   RO         6909    .ARM.Collect$$rtexit$$00000002  c_w.l(rtexit2.o)
    0x08000268   0x08000268   0x00000004   Code   RO         6910    .ARM.Collect$$rtexit$$00000003  c_w.l(rtexit2.o)
    0x0800026c   0x0800026c   0x00000006   Code   RO         6911    .ARM.Collect$$rtexit$$00000004  c_w.l(rtexit2.o)
    0x08000272   0x08000272   0x00000002   PAD
    0x08000274   0x08000274   0x00000040   Code   RO          432  * .text               startup_stm32f401xx.o
    0x080002b4   0x080002b4   0x0000013c   Code   RO         5389    .text               os_cpu_a.o
    0x080003f0   0x080003f0   0x0000003e   Code   RO         6441    .text               c_w.l(strlen.o)
    0x0800042e   0x0800042e   0x0000008a   Code   RO         6443    .text               c_w.l(rt_memcpy_v6.o)
    0x080004b8   0x080004b8   0x0000004e   Code   RO         6445    .text               c_w.l(rt_memclr_w.o)
    0x08000506   0x08000506   0x00000006   Code   RO         6447    .text               c_w.l(heapauxi.o)
    0x0800050c   0x0800050c   0x00000016   Code   RO         6540    .text               c_w.l(_rserrno.o)
    0x08000522   0x08000522   0x00000064   Code   RO         6559    .text               c_w.l(rt_memcpy_w.o)
    0x08000586   0x08000586   0x00000002   PAD
    0x08000588   0x08000588   0x00000008   Code   RO         6652    .text               c_w.l(rt_errno_addr_intlibspace.o)
    0x08000590   0x08000590   0x00000008   Code   RO         6709    .text               c_w.l(libspace.o)
    0x08000598   0x08000598   0x0000004a   Code   RO         6714    .text               c_w.l(sys_stackheap_outer.o)
    0x080005e2   0x080005e2   0x00000012   Code   RO         6783    .text               c_w.l(exit.o)
    0x080005f4   0x080005f4   0x00000002   Code   RO         6860    .text               c_w.l(use_no_semi.o)
    0x080005f6   0x080005f6   0x00000000   Code   RO         6862    .text               c_w.l(indicate_semi.o)
    0x080005f6   0x080005f6   0x00000002   PAD
    0x080005f8   0x080005f8   0x0000000c   Code   RO         6906    .text               c_w.l(sys_exit.o)
    0x08000604   0x08000604   0x000000bc   Code   RO         4484    i.ANO_Angle_Transform  ano.o
    0x080006c0   0x080006c0   0x00000104   Code   RO         4485    i.ANO_HMC_Transform  ano.o
    0x080007c4   0x080007c4   0x00000110   Code   RO         4486    i.ANO_IMU_Transform  ano.o
    0x080008d4   0x080008d4   0x000000b0   Code   RO         4487    i.ANO_PID_Transform  ano.o
    0x08000984   0x08000984   0x000000d8   Code   RO         4488    i.ANO_PWN_Transform  ano.o
    0x08000a5c   0x08000a5c   0x000000d8   Code   RO         4489    i.ANO_Quant_Transform  ano.o
    0x08000b34   0x08000b34   0x000001e4   Code   RO            4    i.ANO_Thread        main.o
    0x08000d18   0x08000d18   0x0000004c   Code   RO         4554    i.Bluetooth_senddata  bsp_dma.o
    0x08000d64   0x08000d64   0x00000040   Code   RO          333    i.ChangeMotor       pid.o
    0x08000da4   0x08000da4   0x000000bc   Code   RO            5    i.ChangeMotor_Thread  main.o
    0x08000e60   0x08000e60   0x00000050   Code   RO          334    i.ChangeToExpert    pid.o
    0x08000eb0   0x08000eb0   0x00000028   Code   RO         4555    i.DMA2_Stream7_IRQHandler  bsp_dma.o
    0x08000ed8   0x08000ed8   0x00000034   Code   RO          560    i.DMA_ClearFlag     stm32f4xx_dma.o
    0x08000f0c   0x08000f0c   0x00000016   Code   RO          562    i.DMA_Cmd           stm32f4xx_dma.o
    0x08000f22   0x08000f22   0x00000002   PAD
    0x08000f24   0x08000f24   0x00000158   Code   RO          563    i.DMA_DeInit        stm32f4xx_dma.o
    0x0800107c   0x0800107c   0x00000008   Code   RO          568    i.DMA_GetCurrDataCounter  stm32f4xx_dma.o
    0x08001084   0x08001084   0x00000064   Code   RO          572    i.DMA_GetITStatus   stm32f4xx_dma.o
    0x080010e8   0x080010e8   0x0000003a   Code   RO          573    i.DMA_ITConfig      stm32f4xx_dma.o
    0x08001122   0x08001122   0x00000002   PAD
    0x08001124   0x08001124   0x00000058   Code   RO          574    i.DMA_Init          stm32f4xx_dma.o
    0x0800117c   0x0800117c   0x00000090   Code   RO         1197    i.GPIO_Init         stm32f4xx_gpio.o
    0x0800120c   0x0800120c   0x00000046   Code   RO         1198    i.GPIO_PinAFConfig  stm32f4xx_gpio.o
    0x08001252   0x08001252   0x00000002   PAD
    0x08001254   0x08001254   0x00000074   Code   RO         4335    i.GY86_GETTIME      bsp_tim.o
    0x080012c8   0x080012c8   0x00000098   Code   RO            6    i.GY86_Thread       main.o
    0x08001360   0x08001360   0x00000118   Code   RO         3878    i.GY86_getdata      bsp_gy86.o
    0x08001478   0x08001478   0x00000168   Code   RO         3879    i.GY86_offset       bsp_gy86.o
    0x080015e0   0x080015e0   0x0000010c   Code   RO         3880    i.HMC_Get           bsp_gy86.o
    0x080016ec   0x080016ec   0x00000024   Code   RO         3881    i.HMC_Init          bsp_gy86.o
    0x08001710   0x08001710   0x000000a0   Code   RO         4002    i.I2C1_CONFIG       bsp_i2c.o
    0x080017b0   0x080017b0   0x000000b8   Code   RO         4003    i.I2C3_CONFIG       bsp_i2c.o
    0x08001868   0x08001868   0x0000002a   Code   RO         1494    i.I2C_CheckEvent    stm32f4xx_i2c.o
    0x08001892   0x08001892   0x00000018   Code   RO         1497    i.I2C_Cmd           stm32f4xx_i2c.o
    0x080018aa   0x080018aa   0x00000002   PAD
    0x080018ac   0x080018ac   0x00000060   Code   RO         1500    i.I2C_DeInit        stm32f4xx_i2c.o
    0x0800190c   0x0800190c   0x00000018   Code   RO         1505    i.I2C_GenerateSTART  stm32f4xx_i2c.o
    0x08001924   0x08001924   0x00000018   Code   RO         1506    i.I2C_GenerateSTOP  stm32f4xx_i2c.o
    0x0800193c   0x0800193c   0x0000003a   Code   RO         1507    i.I2C_GetFlagStatus  stm32f4xx_i2c.o
    0x08001976   0x08001976   0x00000002   PAD
    0x08001978   0x08001978   0x000000e8   Code   RO         1512    i.I2C_Init          stm32f4xx_i2c.o
    0x08001a60   0x08001a60   0x000000b4   Code   RO         4005    i.I2C_Receive       bsp_i2c.o
    0x08001b14   0x08001b14   0x00000010   Code   RO         1519    i.I2C_Send7bitAddress  stm32f4xx_i2c.o
    0x08001b24   0x08001b24   0x00000004   Code   RO         1520    i.I2C_SendData      stm32f4xx_i2c.o
    0x08001b28   0x08001b28   0x00000090   Code   RO         4006    i.I2C_Send_Byte     bsp_i2c.o
    0x08001bb8   0x08001bb8   0x0000009c   Code   RO         4007    i.I2C_Send_Str      bsp_i2c.o
    0x08001c54   0x08001c54   0x00000034   Code   RO         4069    i.LED_CONFIG        bsp_led.o
    0x08001c88   0x08001c88   0x00000038   Code   RO          335    i.LimitSum          pid.o
    0x08001cc0   0x08001cc0   0x0000009c   Code   RO         3885    i.MPU_Get           bsp_gy86.o
    0x08001d5c   0x08001d5c   0x00000070   Code   RO         3886    i.MPU_Init          bsp_gy86.o
    0x08001dcc   0x08001dcc   0x0000006c   Code   RO            7    i.MY_Init           main.o
    0x08001e38   0x08001e38   0x0000106c   Code   RO          235    i.MadgwickAHRSupdate  datafusion.o
    0x08002ea4   0x08002ea4   0x00000078   Code   RO          499    i.NVIC_Init         misc.o
    0x08002f1c   0x08002f1c   0x00000014   Code   RO          500    i.NVIC_PriorityGroupConfig  misc.o
    0x08002f30   0x08002f30   0x00000048   Code   RO         4125    i.OLED_Fill         bsp_oled.o
    0x08002f78   0x08002f78   0x00000038   Code   RO         4126    i.OLED_Init         bsp_oled.o
    0x08002fb0   0x08002fb0   0x0000001e   Code   RO         4128    i.OLED_ON           bsp_oled.o
    0x08002fce   0x08002fce   0x00000002   PAD
    0x08002fd0   0x08002fd0   0x000001d8   Code   RO         4129    i.OLED_PRINT        bsp_oled.o
    0x080031a8   0x080031a8   0x00000034   Code   RO         4131    i.OLED_SetPos       bsp_oled.o
    0x080031dc   0x080031dc   0x00000018   Code   RO         4133    i.OLED_Up           bsp_oled.o
    0x080031f4   0x080031f4   0x0000015c   Code   RO         5493    i.OSDebugInit       os_dbg.o
    0x08003350   0x08003350   0x00000080   Code   RO         4594    i.OSEventNameSet    os_core.o
    0x080033d0   0x080033d0   0x00000038   Code   RO         4596    i.OSInit            os_core.o
    0x08003408   0x08003408   0x0000005c   Code   RO         5392    i.OSInitHookBegin   os_cpu_c.o
    0x08003464   0x08003464   0x00000002   Code   RO         5393    i.OSInitHookEnd     os_cpu_c.o
    0x08003466   0x08003466   0x00000002   PAD
    0x08003468   0x08003468   0x0000002c   Code   RO         4597    i.OSIntEnter        os_core.o
    0x08003494   0x08003494   0x000000b0   Code   RO         4598    i.OSIntExit         os_core.o
    0x08003544   0x08003544   0x00000048   Code   RO         4599    i.OSSchedLock       os_core.o
    0x0800358c   0x0800358c   0x00000070   Code   RO         4600    i.OSSchedUnlock     os_core.o
    0x080035fc   0x080035fc   0x00000068   Code   RO         5108    i.OSSemCreate       os_sem.o
    0x08003664   0x08003664   0x00000118   Code   RO         5110    i.OSSemPend         os_sem.o
    0x0800377c   0x0800377c   0x00000070   Code   RO         5112    i.OSSemPost         os_sem.o
    0x080037ec   0x080037ec   0x00000048   Code   RO         4601    i.OSStart           os_core.o
    0x08003834   0x08003834   0x00000002   Code   RO         5394    i.OSTCBInitHook     os_cpu_c.o
    0x08003836   0x08003836   0x00000002   PAD
    0x08003838   0x08003838   0x00000114   Code   RO         5162    i.OSTaskCreate      os_task.o
    0x0800394c   0x0800394c   0x00000128   Code   RO         5163    i.OSTaskCreateExt   os_task.o
    0x08003a74   0x08003a74   0x00000002   Code   RO         5395    i.OSTaskCreateHook  os_cpu_c.o
    0x08003a76   0x08003a76   0x00000002   PAD
    0x08003a78   0x08003a78   0x00000190   Code   RO         5164    i.OSTaskDel         os_task.o
    0x08003c08   0x08003c08   0x00000002   Code   RO         5396    i.OSTaskDelHook     os_cpu_c.o
    0x08003c0a   0x08003c0a   0x00000002   Code   RO         5397    i.OSTaskIdleHook    os_cpu_c.o
    0x08003c0c   0x08003c0c   0x000000ac   Code   RO         5167    i.OSTaskNameSet     os_task.o
    0x08003cb8   0x08003cb8   0x00000002   Code   RO         5398    i.OSTaskReturnHook  os_cpu_c.o
    0x08003cba   0x08003cba   0x00000002   Code   RO         5399    i.OSTaskStatHook    os_cpu_c.o
    0x08003cbc   0x08003cbc   0x000000b0   Code   RO         5173    i.OSTaskStkChk      os_task.o
    0x08003d6c   0x08003d6c   0x0000022c   Code   RO         5400    i.OSTaskStkInit     os_cpu_c.o
    0x08003f98   0x08003f98   0x000000d4   Code   RO         5174    i.OSTaskSuspend     os_task.o
    0x0800406c   0x0800406c   0x00000028   Code   RO         5401    i.OSTaskSwHook      os_cpu_c.o
    0x08004094   0x08004094   0x0000008c   Code   RO         5263    i.OSTimeDly         os_time.o
    0x08004120   0x08004120   0x00000028   Code   RO         5266    i.OSTimeGet         os_time.o
    0x08004148   0x08004148   0x00000110   Code   RO         4603    i.OSTimeTick        os_core.o
    0x08004258   0x08004258   0x00000024   Code   RO         5402    i.OSTimeTickHook    os_cpu_c.o
    0x0800427c   0x0800427c   0x00000014   Code   RO         5303    i.OSTmrSignal       os_tmr.o
    0x08004290   0x08004290   0x000000f4   Code   RO         5309    i.OSTmr_Init        os_tmr.o
    0x08004384   0x08004384   0x00000050   Code   RO         5310    i.OSTmr_InitTask    os_tmr.o
    0x080043d4   0x080043d4   0x00000074   Code   RO         5311    i.OSTmr_Link        os_tmr.o
    0x08004448   0x08004448   0x00000084   Code   RO         5312    i.OSTmr_Task        os_tmr.o
    0x080044cc   0x080044cc   0x00000048   Code   RO         5313    i.OSTmr_Unlink      os_tmr.o
    0x08004514   0x08004514   0x00000026   Code   RO         5403    i.OS_CPU_SysTickHandler  os_cpu_c.o
    0x0800453a   0x0800453a   0x00000002   Code   RO         4605    i.OS_Dummy          os_core.o
    0x0800453c   0x0800453c   0x0000009c   Code   RO         4606    i.OS_EventTaskRdy   os_core.o
    0x080045d8   0x080045d8   0x0000002e   Code   RO         4607    i.OS_EventTaskRemove  os_core.o
    0x08004606   0x08004606   0x0000003a   Code   RO         4608    i.OS_EventTaskRemoveMulti  os_core.o
    0x08004640   0x08004640   0x00000088   Code   RO         4609    i.OS_EventTaskWait  os_core.o
    0x080046c8   0x080046c8   0x0000001c   Code   RO         4611    i.OS_EventWaitListInit  os_core.o
    0x080046e4   0x080046e4   0x00000058   Code   RO         4814    i.OS_FlagInit       os_flag.o
    0x0800473c   0x0800473c   0x00000024   Code   RO         4816    i.OS_FlagUnlink     os_flag.o
    0x08004760   0x08004760   0x00000060   Code   RO         4612    i.OS_InitEventList  os_core.o
    0x080047c0   0x080047c0   0x0000005c   Code   RO         4613    i.OS_InitMisc       os_core.o
    0x0800481c   0x0800481c   0x00000044   Code   RO         4614    i.OS_InitRdyList    os_core.o
    0x08004860   0x08004860   0x00000080   Code   RO         4615    i.OS_InitTCBList    os_core.o
    0x080048e0   0x080048e0   0x00000050   Code   RO         4616    i.OS_InitTaskIdle   os_core.o
    0x08004930   0x08004930   0x00000050   Code   RO         4617    i.OS_InitTaskStat   os_core.o
    0x08004980   0x08004980   0x00000012   Code   RO         4618    i.OS_MemClr         os_core.o
    0x08004992   0x08004992   0x00000002   PAD
    0x08004994   0x08004994   0x00000058   Code   RO         4946    i.OS_MemInit        os_mem.o
    0x080049ec   0x080049ec   0x00000050   Code   RO         5045    i.OS_QInit          os_q.o
    0x08004a3c   0x08004a3c   0x00000080   Code   RO         4620    i.OS_Sched          os_core.o
    0x08004abc   0x08004abc   0x0000002c   Code   RO         4621    i.OS_SchedNew       os_core.o
    0x08004ae8   0x08004ae8   0x0000016c   Code   RO         4623    i.OS_TCBInit        os_core.o
    0x08004c54   0x08004c54   0x00000030   Code   RO         4624    i.OS_TaskIdle       os_core.o
    0x08004c84   0x08004c84   0x00000018   Code   RO         5175    i.OS_TaskReturn     os_task.o
    0x08004c9c   0x08004c9c   0x000000f0   Code   RO         4625    i.OS_TaskStat       os_core.o
    0x08004d8c   0x08004d8c   0x0000003c   Code   RO         4626    i.OS_TaskStatStkChk  os_core.o
    0x08004dc8   0x08004dc8   0x0000001a   Code   RO         5176    i.OS_TaskStkClr     os_task.o
    0x08004de2   0x08004de2   0x00000002   PAD
    0x08004de4   0x08004de4   0x00000038   Code   RO          336    i.PID_Count         pid.o
    0x08004e1c   0x08004e1c   0x00000074   Code   RO         4336    i.PID_GETTIME       bsp_tim.o
    0x08004e90   0x08004e90   0x000000e8   Code   RO          337    i.PID_Init          pid.o
    0x08004f78   0x08004f78   0x00000050   Code   RO          338    i.Power_Change      pid.o
    0x08004fc8   0x08004fc8   0x0000068c   Code   RO          237    i.Quat_Init         datafusion.o
    0x08005654   0x08005654   0x00000020   Code   RO         1907    i.RCC_AHB1PeriphClockCmd  stm32f4xx_rcc.o
    0x08005674   0x08005674   0x00000020   Code   RO         1913    i.RCC_APB1PeriphClockCmd  stm32f4xx_rcc.o
    0x08005694   0x08005694   0x00000020   Code   RO         1915    i.RCC_APB1PeriphResetCmd  stm32f4xx_rcc.o
    0x080056b4   0x080056b4   0x00000020   Code   RO         1916    i.RCC_APB2PeriphClockCmd  stm32f4xx_rcc.o
    0x080056d4   0x080056d4   0x000000e4   Code   RO         1925    i.RCC_GetClocksFreq  stm32f4xx_rcc.o
    0x080057b8   0x080057b8   0x000000c4   Code   RO         5509    i.SEGGER_RTT_AllocUpBuffer  segger_rtt.o
    0x0800587c   0x0800587c   0x00000074   Code   RO         5510    i.SEGGER_RTT_ConfigDownBuffer  segger_rtt.o
    0x080058f0   0x080058f0   0x000000a8   Code   RO         5523    i.SEGGER_RTT_ReadNoLock  segger_rtt.o
    0x08005998   0x08005998   0x00000098   Code   RO         5537    i.SEGGER_RTT_WriteSkipNoLock  segger_rtt.o
    0x08005a30   0x08005a30   0x00000024   Code   RO         6357    i.SEGGER_SYSVIEW_Conf  segger_sysview_config_ucosii.o
    0x08005a54   0x08005a54   0x000000bc   Code   RO         5796    i.SEGGER_SYSVIEW_GetSysDesc  segger_sysview.o
    0x08005b10   0x08005b10   0x00000068   Code   RO         5797    i.SEGGER_SYSVIEW_Init  segger_sysview.o
    0x08005b78   0x08005b78   0x00000070   Code   RO         5803    i.SEGGER_SYSVIEW_NameResource  segger_sysview.o
    0x08005be8   0x08005be8   0x00000034   Code   RO         5804    i.SEGGER_SYSVIEW_OnIdle  segger_sysview.o
    0x08005c1c   0x08005c1c   0x00000064   Code   RO         5805    i.SEGGER_SYSVIEW_OnTaskCreate  segger_sysview.o
    0x08005c80   0x08005c80   0x00000064   Code   RO         5806    i.SEGGER_SYSVIEW_OnTaskStartExec  segger_sysview.o
    0x08005ce4   0x08005ce4   0x00000064   Code   RO         5807    i.SEGGER_SYSVIEW_OnTaskStartReady  segger_sysview.o
    0x08005d48   0x08005d48   0x00000084   Code   RO         5809    i.SEGGER_SYSVIEW_OnTaskStopReady  segger_sysview.o
    0x08005dcc   0x08005dcc   0x00000064   Code   RO         5818    i.SEGGER_SYSVIEW_RecordEnterISR  segger_sysview.o
    0x08005e30   0x08005e30   0x00000034   Code   RO         5820    i.SEGGER_SYSVIEW_RecordExitISR  segger_sysview.o
    0x08005e64   0x08005e64   0x00000034   Code   RO         5821    i.SEGGER_SYSVIEW_RecordExitISRToScheduler  segger_sysview.o
    0x08005e98   0x08005e98   0x0000003c   Code   RO         5825    i.SEGGER_SYSVIEW_RecordSystime  segger_sysview.o
    0x08005ed4   0x08005ed4   0x0000005c   Code   RO         5826    i.SEGGER_SYSVIEW_RecordU32  segger_sysview.o
    0x08005f30   0x08005f30   0x0000007c   Code   RO         5828    i.SEGGER_SYSVIEW_RecordU32x2  segger_sysview.o
    0x08005fac   0x08005fac   0x00000038   Code   RO         5836    i.SEGGER_SYSVIEW_RecordVoid  segger_sysview.o
    0x08005fe4   0x08005fe4   0x000000ac   Code   RO         5838    i.SEGGER_SYSVIEW_SendModule  segger_sysview.o
    0x08006090   0x08006090   0x00000024   Code   RO         5839    i.SEGGER_SYSVIEW_SendModuleDescription  segger_sysview.o
    0x080060b4   0x080060b4   0x00000058   Code   RO         5840    i.SEGGER_SYSVIEW_SendNumModules  segger_sysview.o
    0x0800610c   0x0800610c   0x00000048   Code   RO         5842    i.SEGGER_SYSVIEW_SendSysDesc  segger_sysview.o
    0x08006154   0x08006154   0x0000010c   Code   RO         5843    i.SEGGER_SYSVIEW_SendTaskInfo  segger_sysview.o
    0x08006260   0x08006260   0x00000020   Code   RO         5844    i.SEGGER_SYSVIEW_SendTaskList  segger_sysview.o
    0x08006280   0x08006280   0x0000000c   Code   RO         5845    i.SEGGER_SYSVIEW_SetRAMBase  segger_sysview.o
    0x0800628c   0x0800628c   0x00000010   Code   RO         5846    i.SEGGER_SYSVIEW_ShrinkId  segger_sysview.o
    0x0800629c   0x0800629c   0x000000fc   Code   RO         5847    i.SEGGER_SYSVIEW_Start  segger_sysview.o
    0x08006398   0x08006398   0x00000044   Code   RO         5848    i.SEGGER_SYSVIEW_Stop  segger_sysview.o
    0x080063dc   0x080063dc   0x00000080   Code   RO         5849    i.SEGGER_SYSVIEW_Warn  segger_sysview.o
    0x0800645c   0x0800645c   0x00000018   Code   RO         4134    i.SEND_BYTE         bsp_oled.o
    0x08006474   0x08006474   0x000000a4   Code   RO         6266    i.SYSVIEW_AddTask   segger_sysview_ucosii.o
    0x08006518   0x08006518   0x0000007c   Code   RO         6267    i.SYSVIEW_RecordU32Register  segger_sysview_ucosii.o
    0x08006594   0x08006594   0x00000050   Code   RO         6270    i.SYSVIEW_SendResourceList  segger_sysview_ucosii.o
    0x080065e4   0x080065e4   0x00000032   Code   RO         6271    i.SYSVIEW_SendTaskInfo  segger_sysview_ucosii.o
    0x08006616   0x08006616   0x00000002   PAD
    0x08006618   0x08006618   0x0000001c   Code   RO         6272    i.SYSVIEW_TaskReady  segger_sysview_ucosii.o
    0x08006634   0x08006634   0x0000001c   Code   RO         6273    i.SYSVIEW_TaskSuspend  segger_sysview_ucosii.o
    0x08006650   0x08006650   0x00000020   Code   RO         6274    i.SYSVIEW_TaskSwitchedIn  segger_sysview_ucosii.o
    0x08006670   0x08006670   0x0000005c   Code   RO         6275    i.SYSVIEW_UpdateResource  segger_sysview_ucosii.o
    0x080066cc   0x080066cc   0x0000009c   Code   RO         6276    i.SYSVIEW_UpdateTask  segger_sysview_ucosii.o
    0x08006768   0x08006768   0x00000028   Code   RO         4135    i.Send_Str          bsp_oled.o
    0x08006790   0x08006790   0x000000e8   Code   RO          439    i.SetSysClock       system_stm32f4xx.o
    0x08006878   0x08006878   0x00000078   Code   RO          339    i.Shell_PID_Pitch   pid.o
    0x080068f0   0x080068f0   0x00000068   Code   RO          441    i.SystemInit        system_stm32f4xx.o
    0x08006958   0x08006958   0x0000003a   Code   RO         3035    i.TI1_Config        stm32f4xx_tim.o
    0x08006992   0x08006992   0x00000050   Code   RO         3036    i.TI2_Config        stm32f4xx_tim.o
    0x080069e2   0x080069e2   0x00000048   Code   RO         3037    i.TI3_Config        stm32f4xx_tim.o
    0x08006a2a   0x08006a2a   0x00000050   Code   RO         3038    i.TI4_Config        stm32f4xx_tim.o
    0x08006a7a   0x08006a7a   0x00000002   PAD
    0x08006a7c   0x08006a7c   0x000000d8   Code   RO         4229    i.TIM1_CC_IRQHandler  bsp_ppm.o
    0x08006b54   0x08006b54   0x000000dc   Code   RO         4337    i.TIM1_CONFIG       bsp_tim.o
    0x08006c30   0x08006c30   0x00000042   Code   RO         4338    i.TIM2_CONFIG       bsp_tim.o
    0x08006c72   0x08006c72   0x00000002   PAD
    0x08006c74   0x08006c74   0x00000158   Code   RO         4339    i.TIM3_CONFIG       bsp_tim.o
    0x08006dcc   0x08006dcc   0x0000003c   Code   RO         4340    i.TIM4_CONFIG       bsp_tim.o
    0x08006e08   0x08006e08   0x00000044   Code   RO         4341    i.TIM5_CONFIG       bsp_tim.o
    0x08006e4c   0x08006e4c   0x00000044   Code   RO         4342    i.TIMDelay          bsp_tim.o
    0x08006e90   0x08006e90   0x00000018   Code   RO         3039    i.TIM_ARRPreloadConfig  stm32f4xx_tim.o
    0x08006ea8   0x08006ea8   0x00000006   Code   RO         3045    i.TIM_ClearFlag     stm32f4xx_tim.o
    0x08006eae   0x08006eae   0x00000006   Code   RO         3046    i.TIM_ClearITPendingBit  stm32f4xx_tim.o
    0x08006eb4   0x08006eb4   0x00000018   Code   RO         3051    i.TIM_Cmd           stm32f4xx_tim.o
    0x08006ecc   0x08006ecc   0x00000006   Code   RO         3069    i.TIM_GetCapture4   stm32f4xx_tim.o
    0x08006ed2   0x08006ed2   0x0000006e   Code   RO         3074    i.TIM_ICInit        stm32f4xx_tim.o
    0x08006f40   0x08006f40   0x00000012   Code   RO         3076    i.TIM_ITConfig      stm32f4xx_tim.o
    0x08006f52   0x08006f52   0x00000002   PAD
    0x08006f54   0x08006f54   0x0000007c   Code   RO         3080    i.TIM_OC1Init       stm32f4xx_tim.o
    0x08006fd0   0x08006fd0   0x00000012   Code   RO         3083    i.TIM_OC1PreloadConfig  stm32f4xx_tim.o
    0x08006fe2   0x08006fe2   0x00000002   PAD
    0x08006fe4   0x08006fe4   0x000000a4   Code   RO         3085    i.TIM_OC2Init       stm32f4xx_tim.o
    0x08007088   0x08007088   0x0000001a   Code   RO         3088    i.TIM_OC2PreloadConfig  stm32f4xx_tim.o
    0x080070a2   0x080070a2   0x00000002   PAD
    0x080070a4   0x080070a4   0x000000a0   Code   RO         3090    i.TIM_OC3Init       stm32f4xx_tim.o
    0x08007144   0x08007144   0x00000012   Code   RO         3093    i.TIM_OC3PreloadConfig  stm32f4xx_tim.o
    0x08007156   0x08007156   0x00000002   PAD
    0x08007158   0x08007158   0x00000078   Code   RO         3095    i.TIM_OC4Init       stm32f4xx_tim.o
    0x080071d0   0x080071d0   0x0000001a   Code   RO         3097    i.TIM_OC4PreloadConfig  stm32f4xx_tim.o
    0x080071ea   0x080071ea   0x00000004   Code   RO         3113    i.TIM_SetCompare1   stm32f4xx_tim.o
    0x080071ee   0x080071ee   0x00000004   Code   RO         3114    i.TIM_SetCompare2   stm32f4xx_tim.o
    0x080071f2   0x080071f2   0x00000004   Code   RO         3115    i.TIM_SetCompare3   stm32f4xx_tim.o
    0x080071f6   0x080071f6   0x00000004   Code   RO         3116    i.TIM_SetCompare4   stm32f4xx_tim.o
    0x080071fa   0x080071fa   0x00000012   Code   RO         3118    i.TIM_SetIC1Prescaler  stm32f4xx_tim.o
    0x0800720c   0x0800720c   0x0000001a   Code   RO         3119    i.TIM_SetIC2Prescaler  stm32f4xx_tim.o
    0x08007226   0x08007226   0x00000012   Code   RO         3120    i.TIM_SetIC3Prescaler  stm32f4xx_tim.o
    0x08007238   0x08007238   0x0000001a   Code   RO         3121    i.TIM_SetIC4Prescaler  stm32f4xx_tim.o
    0x08007252   0x08007252   0x00000002   PAD
    0x08007254   0x08007254   0x00000084   Code   RO         3123    i.TIM_TimeBaseInit  stm32f4xx_tim.o
    0x080072d8   0x080072d8   0x000000f0   Code   RO         4407    i.USART1_CONFIG     bsp_usart.o
    0x080073c8   0x080073c8   0x00000054   Code   RO         4302    i.USART1_IRQHandler  bsp_ray.o
    0x0800741c   0x0800741c   0x000000e8   Code   RO         4408    i.USART6_CONFIG     bsp_usart.o
    0x08007504   0x08007504   0x000000cc   Code   RO         4556    i.USART6_DMA_CONFIG  bsp_dma.o
    0x080075d0   0x080075d0   0x00000064   Code   RO         4409    i.USART6_IRQHandler  bsp_usart.o
    0x08007634   0x08007634   0x00000018   Code   RO         3608    i.USART_Cmd         stm32f4xx_usart.o
    0x0800764c   0x0800764c   0x00000012   Code   RO         3609    i.USART_DMACmd      stm32f4xx_usart.o
    0x0800765e   0x0800765e   0x00000054   Code   RO         3612    i.USART_GetITStatus  stm32f4xx_usart.o
    0x080076b2   0x080076b2   0x0000004a   Code   RO         3614    i.USART_ITConfig    stm32f4xx_usart.o
    0x080076fc   0x080076fc   0x000000d4   Code   RO         3615    i.USART_Init        stm32f4xx_usart.o
    0x080077d0   0x080077d0   0x0000000a   Code   RO         3622    i.USART_ReceiveData  stm32f4xx_usart.o
    0x080077da   0x080077da   0x00000002   PAD
    0x080077dc   0x080077dc   0x00000070   Code   RO         5540    i._DoInit           segger_rtt.o
    0x0800784c   0x0800784c   0x00000046   Code   RO         5853    i._EncodeStr        segger_sysview.o
    0x08007892   0x08007892   0x00000002   PAD
    0x08007894   0x08007894   0x000000a8   Code   RO         5854    i._HandleIncomingPacket  segger_sysview.o
    0x0800793c   0x0800793c   0x00000006   Code   RO         5855    i._PreparePacket    segger_sysview.o
    0x08007942   0x08007942   0x00000002   PAD
    0x08007944   0x08007944   0x000001e0   Code   RO         5858    i._SendPacket       segger_sysview.o
    0x08007b24   0x08007b24   0x00000088   Code   RO         5860    i._TrySendOverflowPacket  segger_sysview.o
    0x08007bac   0x08007bac   0x00000030   Code   RO         6613    i.__ARM_fpclassify  m_wm.l(fpclassify.o)
    0x08007bdc   0x08007bdc   0x00000004   PAD
    0x08007be0   0x08007be0   0x00000360   Code   RO         6477    i.__hardfp_asin     m_wm.l(asin.o)
    0x08007f40   0x08007f40   0x000002d8   Code   RO         6576    i.__hardfp_atan     m_wm.l(atan.o)
    0x08008218   0x08008218   0x00000200   Code   RO         6491    i.__hardfp_atan2    m_wm.l(atan2.o)
    0x08008418   0x08008418   0x000000c8   Code   RO         6503    i.__hardfp_cos      m_wm.l(cos.o)
    0x080084e0   0x080084e0   0x000000c8   Code   RO         6515    i.__hardfp_sin      m_wm.l(sin.o)
    0x080085a8   0x080085a8   0x0000007a   Code   RO         6527    i.__hardfp_sqrt     m_wm.l(sqrt.o)
    0x08008622   0x08008622   0x00000006   PAD
    0x08008628   0x08008628   0x00000438   Code   RO         6618    i.__ieee754_rem_pio2  m_wm.l(rred.o)
    0x08008a60   0x08008a60   0x00000170   Code   RO         6590    i.__kernel_cos      m_wm.l(cos_i.o)
    0x08008bd0   0x08008bd0   0x000000f8   Code   RO         6615    i.__kernel_poly     m_wm.l(poly.o)
    0x08008cc8   0x08008cc8   0x00000130   Code   RO         6623    i.__kernel_sin      m_wm.l(sin_i.o)
    0x08008df8   0x08008df8   0x00000014   Code   RO         6594    i.__mathlib_dbl_infnan  m_wm.l(dunder.o)
    0x08008e0c   0x08008e0c   0x00000014   Code   RO         6595    i.__mathlib_dbl_infnan2  m_wm.l(dunder.o)
    0x08008e20   0x08008e20   0x00000020   Code   RO         6596    i.__mathlib_dbl_invalid  m_wm.l(dunder.o)
    0x08008e40   0x08008e40   0x00000020   Code   RO         6599    i.__mathlib_dbl_underflow  m_wm.l(dunder.o)
    0x08008e60   0x08008e60   0x00000014   Code   RO         6277    i._cbGetTime        segger_sysview_ucosii.o
    0x08008e74   0x08008e74   0x00000054   Code   RO         6358    i._cbSendSystemDesc  segger_sysview_config_ucosii.o
    0x08008ec8   0x08008ec8   0x00000054   Code   RO         6278    i._cbSendTaskList   segger_sysview_ucosii.o
    0x08008f1c   0x08008f1c   0x00000010   Code   RO         6578    i.atan              m_wm.l(atan.o)
    0x08008f2c   0x08008f2c   0x00000018   Code   RO         6609    i.fabs              m_wm.l(fabs.o)
    0x08008f44   0x08008f44   0x0000003c   Code   RO          238    i.invSqrt           datafusion.o
    0x08008f80   0x08008f80   0x000000b0   Code   RO            8    i.main              main.o
    0x08009030   0x08009030   0x000000bc   Code   RO          341    i.pitch_Change      pid.o
    0x080090ec   0x080090ec   0x0000006e   Code   RO         6529    i.sqrt              m_wm.l(sqrt.o)
    0x0800915a   0x0800915a   0x00000018   Code   RO         6451    x$fpl$basic         fz_wm.l(basic.o)
    0x08009172   0x08009172   0x00000002   PAD
    0x08009174   0x08009174   0x00000062   Code   RO         6453    x$fpl$d2f           fz_wm.l(d2f.o)
    0x080091d6   0x080091d6   0x00000002   PAD
    0x080091d8   0x080091d8   0x00000150   Code   RO         6455    x$fpl$dadd          fz_wm.l(daddsub_clz.o)
    0x08009328   0x08009328   0x00000018   Code   RO         6696    x$fpl$dcmpinf       fz_wm.l(dcmpi.o)
    0x08009340   0x08009340   0x000002b0   Code   RO         6462    x$fpl$ddiv          fz_wm.l(ddiv.o)
    0x080095f0   0x080095f0   0x00000078   Code   RO         6561    x$fpl$deqf          fz_wm.l(deqf.o)
    0x08009668   0x08009668   0x0000005e   Code   RO         6698    x$fpl$dfix          fz_wm.l(dfix.o)
    0x080096c6   0x080096c6   0x0000002e   Code   RO         6466    x$fpl$dflt          fz_wm.l(dflt_clz.o)
    0x080096f4   0x080096f4   0x00000026   Code   RO         6465    x$fpl$dfltu         fz_wm.l(dflt_clz.o)
    0x0800971a   0x0800971a   0x00000002   PAD
    0x0800971c   0x0800971c   0x00000154   Code   RO         6471    x$fpl$dmul          fz_wm.l(dmul.o)
    0x08009870   0x08009870   0x0000009c   Code   RO         6565    x$fpl$dnaninf       fz_wm.l(dnaninf.o)
    0x0800990c   0x0800990c   0x0000000c   Code   RO         6567    x$fpl$dretinf       fz_wm.l(dretinf.o)
    0x08009918   0x08009918   0x00000016   Code   RO         6456    x$fpl$drsb          fz_wm.l(daddsub_clz.o)
    0x0800992e   0x0800992e   0x00000002   PAD
    0x08009930   0x08009930   0x00000198   Code   RO         6569    x$fpl$dsqrt         fz_wm.l(dsqrt_umaal.o)
    0x08009ac8   0x08009ac8   0x000001d4   Code   RO         6457    x$fpl$dsub          fz_wm.l(daddsub_clz.o)
    0x08009c9c   0x08009c9c   0x00000056   Code   RO         6473    x$fpl$f2d           fz_wm.l(f2d.o)
    0x08009cf2   0x08009cf2   0x0000008c   Code   RO         6571    x$fpl$fnaninf       fz_wm.l(fnaninf.o)
    0x08009d7e   0x08009d7e   0x0000000a   Code   RO         6904    x$fpl$fpinit        fz_wm.l(fpinit.o)
    0x08009d88   0x08009d88   0x0000000a   Code   RO         6573    x$fpl$fretinf       fz_wm.l(fretinf.o)
    0x08009d92   0x08009d92   0x00000000   Code   RO         6575    x$fpl$usenofp       fz_wm.l(usenofp.o)
    0x08009d92   0x08009d92   0x00000818   Data   RO         4136    .constdata          bsp_oled.o
    0x0800a5aa   0x0800a5aa   0x00000100   Data   RO         4628    .constdata          os_core.o
    0x0800a6aa   0x0800a6aa   0x00000002   PAD
    0x0800a6ac   0x0800a6ac   0x00000074   Data   RO         5494    .constdata          os_dbg.o
    0x0800a720   0x0800a720   0x00000011   Data   RO         5546    .constdata          segger_rtt.o
    0x0800a731   0x0800a731   0x0000001a   Data   RO         5864    .constdata          segger_sysview.o
    0x0800a74b   0x0800a74b   0x00000001   PAD
    0x0800a74c   0x0800a74c   0x00000008   Data   RO         6280    .constdata          segger_sysview_ucosii.o
    0x0800a754   0x0800a754   0x00000004   PAD
    0x0800a758   0x0800a758   0x00000050   Data   RO         6480    .constdata          m_wm.l(asin.o)
    0x0800a7a8   0x0800a7a8   0x00000098   Data   RO         6579    .constdata          m_wm.l(atan.o)
    0x0800a840   0x0800a840   0x00000030   Data   RO         6591    .constdata          m_wm.l(cos_i.o)
    0x0800a870   0x0800a870   0x00000008   Data   RO         6617    .constdata          m_wm.l(qnan.o)
    0x0800a878   0x0800a878   0x000000c8   Data   RO         6620    .constdata          m_wm.l(rred.o)
    0x0800a940   0x0800a940   0x00000028   Data   RO         6624    .constdata          m_wm.l(sin_i.o)
    0x0800a968   0x0800a968   0x000000a4   Data   RO         6281    .conststring        segger_sysview_ucosii.o
    0x0800aa0c   0x0800aa0c   0x00000020   Data   RO         6977    Region$$Table       anon$$obj.o


    Execution Region ER_RW (Exec base: 0x20000000, Load base: 0x0800aa2c, Size: 0x00000854, Max: 0xffffffff, ABSOLUTE, COMPRESSED[0x00000160])

    Exec Addr    Load Addr    Size         Type   Attr      Idx    E Section Name        Object

    0x20000000   COMPRESSED   0x00000020   Data   RW           10    .data               main.o
    0x20000020   COMPRESSED   0x0000006c   Data   RW          240    .data               datafusion.o
    0x2000008c   COMPRESSED   0x00000058   Data   RW          343    .data               pid.o
    0x200000e4   COMPRESSED   0x00000014   Data   RW          442    .data               system_stm32f4xx.o
    0x200000f8   COMPRESSED   0x00000010   Data   RW         1955    .data               stm32f4xx_rcc.o
    0x20000108   COMPRESSED   0x0000001e   Data   RW         3892    .data               bsp_gy86.o
    0x20000126   COMPRESSED   0x00000002   PAD
    0x20000128   COMPRESSED   0x0000040a   Data   RW         4137    .data               bsp_oled.o
    0x20000532   COMPRESSED   0x00000002   PAD
    0x20000534   COMPRESSED   0x000001e4   Data   RW         4231    .data               bsp_ppm.o
    0x20000718   COMPRESSED   0x0000009c   Data   RW         4304    .data               bsp_ray.o
    0x200007b4   COMPRESSED   0x00000008   Data   RW         4344    .data               bsp_tim.o
    0x200007bc   COMPRESSED   0x00000008   Data   RW         4415    .data               bsp_usart.o
    0x200007c4   COMPRESSED   0x00000064   Data   RW         4629    .data               os_core.o
    0x20000828   COMPRESSED   0x0000000c   Data   RW         5407    .data               os_cpu_c.o
    0x20000834   COMPRESSED   0x00000015   Data   RW         5865    .data               segger_sysview.o
    0x20000849   COMPRESSED   0x00000003   PAD
    0x2000084c   COMPRESSED   0x00000008   Data   RW         6282    .data               segger_sysview_ucosii.o


    Execution Region ER_ZI (Exec base: 0x20000854, Load base: 0x0800ab8c, Size: 0x00003c04, Max: 0xffffffff, ABSOLUTE)

    Exec Addr    Load Addr    Size         Type   Attr      Idx    E Section Name        Object

    0x20000854        -       0x00000800   Zero   RW            9    .bss                main.o
    0x20001054        -       0x0000000c   Zero   RW          239    .bss                datafusion.o
    0x20001060        -       0x000000d8   Zero   RW          342    .bss                pid.o
    0x20001138        -       0x00000114   Zero   RW         3891    .bss                bsp_gy86.o
    0x2000124c        -       0x00000038   Zero   RW         4230    .bss                bsp_ppm.o
    0x20001284        -       0x000000da   Zero   RW         4303    .bss                bsp_ray.o
    0x2000135e   0x0800ab8c   0x00000002   PAD
    0x20001360        -       0x00000050   Zero   RW         4343    .bss                bsp_tim.o
    0x200013b0        -       0x00000032   Zero   RW         4414    .bss                bsp_usart.o
    0x200013e2        -       0x00000014   Zero   RW         4490    .bss                ano.o
    0x200013f6        -       0x00000800   Zero   RW         4557    .bss                bsp_dma.o
    0x20001bf6   0x0800ab8c   0x00000002   PAD
    0x20001bf8        -       0x000013b8   Zero   RW         4627    .bss                os_core.o
    0x20002fb0        -       0x00000400   Zero   RW         5406    .bss                os_cpu_c.o
    0x200033b0        -       0x000004b8   Zero   RW         5545    .bss                segger_rtt.o
    0x20003868        -       0x0000050b   Zero   RW         5863    .bss                segger_sysview.o
    0x20003d73   0x0800ab8c   0x00000001   PAD
    0x20003d74        -       0x00000080   Zero   RW         6279    .bss                segger_sysview_ucosii.o
    0x20003df4        -       0x00000060   Zero   RW         6710    .bss                c_w.l(libspace.o)
    0x20003e54   0x0800ab8c   0x00000004   PAD
    0x20003e58        -       0x00000200   Zero   RW          430    HEAP                startup_stm32f401xx.o
    0x20004058        -       0x00000400   Zero   RW          429    STACK               startup_stm32f401xx.o


==============================================================================

Image component sizes


      Code (inc. data)   RO Data    RW Data    ZI Data      Debug   Object Name

      1328         32          0          0         20       4954   ano.o
       320         36          0          0       2048       2356   bsp_dma.o
      1212        138          0         30        276       5888   bsp_gy86.o
       824         48          0          0          0     212653   bsp_i2c.o
        52          4          0          0          0     209341   bsp_led.o
       770         32       2072       1034          0       5856   bsp_oled.o
       216         20          0        484         56       1613   bsp_ppm.o
        84         14          0        156        218       1286   bsp_ray.o
      1058         86          0          8         80       5196   bsp_tim.o
       572         40          0          8         50       2451   bsp_usart.o
      5940        130          0        108         12       4546   datafusion.o
      1108        138          0         32       2048     325632   main.o
       140         24          0          0          0     210183   misc.o
      2804        428        256        100       5048      25438   os_core.o
       316         32          0          0          0        340   os_cpu_a.o
       776        148          0         12       1024      16253   os_cpu_c.o
       348        230        116          0          0       3346   os_dbg.o
       124         14          0          0          0       1214   os_flag.o
        88         14          0          0          0        545   os_mem.o
        80          8          0          0          0        571   os_q.o
       496         26          0          0          0       2494   os_sem.o
      1582        118          0          0          0       7028   os_task.o
       180         28          0          0          0       1176   os_time.o
       664        136          0          0          0       3915   os_tmr.o
       876        182          0         88        216       5815   pid.o
       744         46         17          0       1208       9664   segger_rtt.o
      3428        238         26         21       1291      34171   segger_sysview.o
       120         76          0          0          0       1122   segger_sysview_config_ucosii.o
       858         82        172          8        128       8945   segger_sysview_ucosii.o
        64         26        404          0       1536        844   startup_stm32f401xx.o
       672         58          0          0          0      18052   stm32f4xx_dma.o
       214          0          0          0          0       8487   stm32f4xx_gpio.o
       520         28          0          0          0      13879   stm32f4xx_i2c.o
       356         38          0         16          0      20256   stm32f4xx_rcc.o
      1376         66          0          0          0      37126   stm32f4xx_tim.o
       422          8          0          0          0      10677   stm32f4xx_usart.o
       336         32          0         20          0       1749   system_stm32f4xx.o

    ----------------------------------------------------------------------
     31112       2804       3102       2132      15264    1225062   Object Totals
         0          0         32          0          0          0   (incl. Generated)
        44          0          7          7          5          0   (incl. Padding)

    ----------------------------------------------------------------------

      Code (inc. data)   RO Data    RW Data    ZI Data      Debug   Library Member Name

        90          0          0          0          0          0   __dczerorl2.o
         8          0          0          0          0         68   __main.o
         0          0          0          0          0          0   __rtentry.o
        12          0          0          0          0          0   __rtentry2.o
         6          0          0          0          0          0   __rtentry4.o
        52          8          0          0          0          0   __scatter.o
        28          0          0          0          0          0   __scatter_zi.o
        22          0          0          0          0        100   _rserrno.o
        18          0          0          0          0         80   exit.o
         6          0          0          0          0        152   heapauxi.o
         0          0          0          0          0          0   indicate_semi.o
         2          0          0          0          0          0   libinit.o
         6          0          0          0          0          0   libinit2.o
         2          0          0          0          0          0   libshutdown.o
         2          0          0          0          0          0   libshutdown2.o
         8          4          0          0         96         68   libspace.o
         8          4          0          0          0         68   rt_errno_addr_intlibspace.o
        78          0          0          0          0         80   rt_memclr_w.o
       138          0          0          0          0         68   rt_memcpy_v6.o
       100          0          0          0          0         80   rt_memcpy_w.o
         2          0          0          0          0          0   rtexit.o
        10          0          0          0          0          0   rtexit2.o
        62          0          0          0          0         76   strlen.o
        12          4          0          0          0         68   sys_exit.o
        74          0          0          0          0         80   sys_stackheap_outer.o
         2          0          0          0          0         68   use_no_semi.o
        24          0          0          0          0        164   basic.o
        98          4          0          0          0        140   d2f.o
       826         16          0          0          0        492   daddsub_clz.o
        24          0          0          0          0        116   dcmpi.o
       688        140          0          0          0        256   ddiv.o
       120          4          0          0          0        140   deqf.o
        94          4          0          0          0        140   dfix.o
        84          0          0          0          0        232   dflt_clz.o
       340         12          0          0          0        152   dmul.o
       156          4          0          0          0        140   dnaninf.o
        12          0          0          0          0        116   dretinf.o
       408         56          0          0          0        168   dsqrt_umaal.o
        86          4          0          0          0        132   f2d.o
       140          4          0          0          0        132   fnaninf.o
        10          0          0          0          0        116   fpinit.o
        10          0          0          0          0        116   fretinf.o
         0          0          0          0          0          0   usenofp.o
       864         94         80          0          0        280   asin.o
       744        106        152          0          0        352   atan.o
       512         64          0          0          0        208   atan2.o
       200         20          0          0          0        164   cos.o
       368         46         48          0          0        200   cos_i.o
       104         16          0          0          0        496   dunder.o
        24          0          0          0          0        124   fabs.o
        48          0          0          0          0        124   fpclassify.o
       248          0          0          0          0        152   poly.o
         0          0          8          0          0          0   qnan.o
      1080        142        200          0          0        188   rred.o
       200         20          0          0          0        164   sin.o
       304         24         40          0          0        208   sin_i.o
       232          0          0          0          0        296   sqrt.o

    ----------------------------------------------------------------------
      8822        800        528          0        100       6764   Library Totals
        26          0          0          0          4          0   (incl. Padding)

    ----------------------------------------------------------------------

      Code (inc. data)   RO Data    RW Data    ZI Data      Debug   Library Name

       748         20          0          0         96       1056   c_w.l
      3120        248          0          0          0       2752   fz_wm.l
      4928        532        528          0          0       2956   m_wm.l

    ----------------------------------------------------------------------
      8822        800        528          0        100       6764   Library Totals

    ----------------------------------------------------------------------

==============================================================================


      Code (inc. data)   RO Data    RW Data    ZI Data      Debug   

     39934       3604       3630       2132      15364    1205758   Grand Totals
     39934       3604       3630        352      15364    1205758   ELF Image Totals (compressed)
     39934       3604       3630        352          0          0   ROM Totals

==============================================================================

    Total RO  Size (Code + RO Data)                43564 (  42.54kB)
    Total RW  Size (RW Data + ZI Data)             17496 (  17.09kB)
    Total ROM Size (Code + RO Data + RW Data)      43916 (  42.89kB)

==============================================================================

