Component: ARM Compiler 5.06 update 7 (build 960) Tool: armlink [4d3601]

==============================================================================

Section Cross References

    main.o(i.GY86_Thread) refers to bsp_led.o(i.LED_OFF) for LED_OFF
    main.o(i.GY86_Thread) refers to bsp_gy86.o(i.GY86_getdata) for GY86_getdata
    main.o(i.GY86_Thread) refers to bsp_gy86.o(i.MPU_Show) for MPU_Show
    main.o(i.GY86_Thread) refers to bsp_gy86.o(i.HMC_Show) for HMC_Show
    main.o(i.GY86_Thread) refers to bsp_led.o(i.LED_ON) for LED_ON
    main.o(i.GY86_Thread) refers to os_time.o(i.OSTimeDly) for OSTimeDly
    main.o(i.MY_Init) refers to bsp_i2c.o(i.I2C1_CONFIG) for I2C1_CONFIG
    main.o(i.MY_Init) refers to stm32f4xx_i2c.o(i.I2C_DeInit) for I2C_DeInit
    main.o(i.MY_Init) refers to bsp_i2c.o(i.I2C3_CONFIG) for I2C3_CONFIG
    main.o(i.MY_Init) refers to bsp_oled.o(i.OLED_Init) for OLED_Init
    main.o(i.MY_Init) refers to bsp_tim.o(i.TIM1_CONFIG) for TIM1_CONFIG
    main.o(i.MY_Init) refers to bsp_tim.o(i.TIM3_CONFIG) for TIM3_CONFIG
    main.o(i.MY_Init) refers to bsp_tim.o(i.TIM4_CONFIG) for TIM4_CONFIG
    main.o(i.MY_Init) refers to bsp_led.o(i.LED_CONFIG) for LED_CONFIG
    main.o(i.MY_Init) refers to bsp_usart.o(i.USART1_CONFIG) for USART1_CONFIG
    main.o(i.MY_Init) refers to bsp_usart.o(i.USART6_CONFIG) for USART6_CONFIG
    main.o(i.MY_Init) refers to bsp_gy86.o(i.MPU_Init) for MPU_Init
    main.o(i.MY_Init) refers to bsp_gy86.o(i.HMC_Init) for HMC_Init
    main.o(i.OLED_Thread) refers to os_time.o(i.OSTimeDly) for OSTimeDly
    main.o(i.main) refers to main.o(i.MY_Init) for MY_Init
    main.o(i.main) refers to os_core.o(i.OSInit) for OSInit
    main.o(i.main) refers to bsp_led.o(i.LED_ON) for LED_ON
    main.o(i.main) refers to os_task.o(i.OSTaskCreate) for OSTaskCreate
    main.o(i.main) refers to os_core.o(i.OSStart) for OSStart
    main.o(i.main) refers to system_stm32f4xx.o(.data) for SystemCoreClock
    main.o(i.main) refers to main.o(.bss) for GETDATA_thread_stack
    main.o(i.main) refers to main.o(i.GY86_Thread) for GY86_Thread
    main.o(i.main) refers to main.o(i.OLED_Thread) for OLED_Thread
    datafusion.o(i.Attitude_Update) refers to datafusion.o(i.invSqrt) for invSqrt
    datafusion.o(i.Attitude_Update) refers to sqrtf.o(i.__hardfp_sqrtf) for __hardfp_sqrtf
    datafusion.o(i.Attitude_Update) refers to datafusion.o(.data) for q0
    datafusion.o(i.Attitude_Update) refers to f2d.o(x$fpl$f2d) for __aeabi_f2d
    datafusion.o(i.Attitude_Update) refers to asin.o(i.__hardfp_asin) for __hardfp_asin
    datafusion.o(i.Attitude_Update) refers to dmul.o(x$fpl$dmul) for __aeabi_dmul
    datafusion.o(i.Attitude_Update) refers to d2f.o(x$fpl$d2f) for __aeabi_d2f
    datafusion.o(i.Attitude_Update) refers to atan2.o(i.__hardfp_atan2) for __hardfp_atan2
    datafusion.o(i.Attitude_Update) refers to basic.o(x$fpl$basic) for __aeabi_dneg
    datafusion.o(i.Attitude_Update) refers to datafusion.o(.bss) for angle
    datafusion.o(i.Quat_Init) refers to bsp_gy86.o(i.HMC_Get) for HMC_Get
    datafusion.o(i.Quat_Init) refers to f2d.o(x$fpl$f2d) for __aeabi_f2d
    datafusion.o(i.Quat_Init) refers to sin.o(i.__hardfp_sin) for __hardfp_sin
    datafusion.o(i.Quat_Init) refers to dflt_clz.o(x$fpl$dflt) for __aeabi_i2d
    datafusion.o(i.Quat_Init) refers to dmul.o(x$fpl$dmul) for __aeabi_dmul
    datafusion.o(i.Quat_Init) refers to cos.o(i.__hardfp_cos) for __hardfp_cos
    datafusion.o(i.Quat_Init) refers to daddsub_clz.o(x$fpl$dsub) for __aeabi_dsub
    datafusion.o(i.Quat_Init) refers to daddsub_clz.o(x$fpl$dadd) for __aeabi_dadd
    datafusion.o(i.Quat_Init) refers to atan2.o(i.__hardfp_atan2) for __hardfp_atan2
    datafusion.o(i.Quat_Init) refers to d2f.o(x$fpl$d2f) for __aeabi_d2f
    datafusion.o(i.Quat_Init) refers to bsp_gy86.o(.bss) for hmc
    datafusion.o(i.Quat_Init) refers to datafusion.o(.data) for q0
    startup_stm32f401xx.o(STACK) refers (Special) to heapauxi.o(.text) for __use_two_region_memory
    startup_stm32f401xx.o(HEAP) refers (Special) to heapauxi.o(.text) for __use_two_region_memory
    startup_stm32f401xx.o(RESET) refers (Special) to heapauxi.o(.text) for __use_two_region_memory
    startup_stm32f401xx.o(RESET) refers to startup_stm32f401xx.o(STACK) for __initial_sp
    startup_stm32f401xx.o(RESET) refers to startup_stm32f401xx.o(.text) for Reset_Handler
    startup_stm32f401xx.o(RESET) refers to os_cpu_a.o(.text) for OS_CPU_PendSVHandler
    startup_stm32f401xx.o(RESET) refers to os_cpu_c.o(i.OS_CPU_SysTickHandler) for OS_CPU_SysTickHandler
    startup_stm32f401xx.o(RESET) refers to bsp_ppm.o(i.TIM1_CC_IRQHandler) for TIM1_CC_IRQHandler
    startup_stm32f401xx.o(RESET) refers to bsp_ray.o(i.USART1_IRQHandler) for USART1_IRQHandler
    startup_stm32f401xx.o(RESET) refers to bsp_esp8266.o(i.USART6_IRQHandler) for USART6_IRQHandler
    startup_stm32f401xx.o(.text) refers (Special) to heapauxi.o(.text) for __use_two_region_memory
[...]
    $v0                                      0x08004e76   Number         0  fnaninf.o(x$fpl$fnaninf)
    x$fpl$fpinit                             0x08004f02   Section       10  fpinit.o(x$fpl$fpinit)
    $v0                                      0x08004f02   Number         0  fpinit.o(x$fpl$fpinit)
    x$fpl$printf1                            0x08004f0c   Section        4  printf1.o(x$fpl$printf1)
    $v0                                      0x08004f0c   Number         0  printf1.o(x$fpl$printf1)
    .constdata                               0x08004f10   Section     2072  bsp_oled.o(.constdata)
    x$fpl$usenofp                            0x08004f10   Section        0  usenofp.o(x$fpl$usenofp)
    .constdata                               0x08005728   Section      256  os_core.o(.constdata)
    .constdata                               0x08005828   Section      116  os_dbg.o(.constdata)
    .constdata                               0x0800589c   Section      148  bigflt0.o(.constdata)
    tenpwrs_x                                0x0800589c   Data          60  bigflt0.o(.constdata)
    tenpwrs_i                                0x080058d8   Data          64  bigflt0.o(.constdata)
    locale$$data                             0x08005950   Section       28  lc_numeric_c.o(locale$$data)
    __lcnum_c_name                           0x08005954   Data           2  lc_numeric_c.o(locale$$data)
    __lcnum_c_start                          0x0800595c   Data           0  lc_numeric_c.o(locale$$data)
    __lcnum_c_point                          0x08005968   Data           0  lc_numeric_c.o(locale$$data)
    __lcnum_c_thousands                      0x0800596a   Data           0  lc_numeric_c.o(locale$$data)
    __lcnum_c_grouping                       0x0800596b   Data           0  lc_numeric_c.o(locale$$data)
    __lcnum_c_end                            0x0800596c   Data           0  lc_numeric_c.o(locale$$data)
    .data                                    0x20000000   Section       20  system_stm32f4xx.o(.data)
    .data                                    0x20000014   Section       16  stm32f4xx_rcc.o(.data)
    APBAHBPrescTable                         0x20000014   Data          16  stm32f4xx_rcc.o(.data)
    .data                                    0x20000024   Section        4  bsp_esp8266.o(.data)
    m                                        0x20000024   Data           4  bsp_esp8266.o(.data)
    .data                                    0x20000028   Section       40  bsp_gy86.o(.data)
    .data                                    0x20000050   Section     1034  bsp_oled.o(.data)
    line                                     0x20000450   Data           4  bsp_oled.o(.data)
    line_1                                   0x20000454   Data           4  bsp_oled.o(.data)
    a                                        0x20000458   Data           2  bsp_oled.o(.data)
    .data                                    0x2000045c   Section      476  bsp_ppm.o(.data)
    in_num                                   0x20000630   Data           4  bsp_ppm.o(.data)
    status                                   0x20000634   Data           4  bsp_ppm.o(.data)
    .data                                    0x20000638   Section      156  bsp_ray.o(.data)
    i                                        0x200006d0   Data           4  bsp_ray.o(.data)
    .data                                    0x200006d4   Section      100  os_core.o(.data)
    .data                                    0x20000738   Section       12  os_cpu_c.o(.data)
    OSTmrCtr                                 0x2000073c   Data           2  os_cpu_c.o(.data)
    .bss                                     0x20000744   Section     2048  main.o(.bss)
    .bss                                     0x20000f44   Section       50  bsp_esp8266.o(.bss)
    .bss                                     0x20000f78   Section      276  bsp_gy86.o(.bss)
    .bss                                     0x2000108c   Section       72  bsp_ppm.o(.bss)
    time_num                                 0x200010b0   Data          36  bsp_ppm.o(.bss)
    .bss                                     0x200010d4   Section      218  bsp_ray.o(.bss)
    .bss                                     0x200011b0   Section       80  bsp_tim.o(.bss)
    .bss                                     0x20001200   Section     5048  os_core.o(.bss)
    .bss                                     0x200025b8   Section     1024  os_cpu_c.o(.bss)
    .bss                                     0x200029b8   Section       96  libspace.o(.bss)
    HEAP                                     0x20002a18   Section      512  startup_stm32f401xx.o(HEAP)
    Heap_Mem                                 0x20002a18   Data         512  startup_stm32f401xx.o(HEAP)
    STACK                                    0x20002c18   Section     1024  startup_stm32f401xx.o(STACK)
    Stack_Mem                                0x20002c18   Data        1024  startup_stm32f401xx.o(STACK)
    __initial_sp                             0x20003018   Data           0  startup_stm32f401xx.o(STACK)

    Global Symbols

    Symbol Name                              Value     Ov Type        Size  Object(Section)

    BuildAttributes$$THM_ISAv4$E$P$D$K$B$S$7EM$VFPi3$EXTD16$VFPS$VFMA$PE$A:L22UL41UL21$X:L11$S22US41US21$IEEE1$IW$USESV6$~STKCKD$USESV7$~SHL$OTIME$ROPI$IEEEX$EBA8$UX$STANDARDLIB$REQ8$PRES8$EABIv2 0x00000000   Number         0  anon$$obj.o ABSOLUTE
    __ARM_use_no_argv                        0x00000000   Number         0  main.o ABSOLUTE
    _printf_flags                            0x00000000   Number         0  printf_stubs.o ABSOLUTE
    _printf_return_value                     0x00000000   Number         0  printf_stubs.o ABSOLUTE
    _printf_sizespec                         0x00000000   Number         0  printf_stubs.o ABSOLUTE
    _printf_widthprec                        0x00000000   Number         0  printf_stubs.o ABSOLUTE
    __ARM_exceptions_init                     - Undefined Weak Reference
    __alloca_initialize                       - Undefined Weak Reference
    __arm_fini_                               - Undefined Weak Reference
    __arm_preinit_                            - Undefined Weak Reference
    __cpp_initialize__aeabi_                  - Undefined Weak Reference
    __cxa_finalize                            - Undefined Weak Reference
    __sigvec_lookup                           - Undefined Weak Reference
    __user_heap_extent                        - Undefined Weak Reference
    _atexit_init                              - Undefined Weak Reference
    _call_atexit_fns                          - Undefined Weak Reference
    _clock_init                               - Undefined Weak Reference
    _fp_trap_init                             - Undefined Weak Reference
    _fp_trap_shutdown                         - Undefined Weak Reference
    _get_lc_collate                           - Undefined Weak Reference
    _get_lc_ctype                             - Undefined Weak Reference
    _get_lc_monetary                          - Undefined Weak Reference
    _get_lc_time                              - Undefined Weak Reference
    _getenv_init                              - Undefined Weak Reference
    _handle_redirection                       - Undefined Weak Reference
    _mutex_acquire                            - Undefined Weak Reference
    _mutex_free                               - Undefined Weak Reference
    _mutex_release                            - Undefined Weak Reference
    _printf_truncate_signed                   - Undefined Weak Reference
    _printf_truncate_unsigned                 - Undefined Weak Reference
    _rand_init                                - Undefined Weak Reference
    _signal_finish                            - Undefined Weak Reference
    _signal_init                              - Undefined Weak Reference
    __Vectors_Size                           0x00000194   Number         0  startup_stm32f401xx.o ABSOLUTE
    __Vectors                                0x08000000   Data           4  startup_stm32f401xx.o(RESET)
    __Vectors_End                            0x08000194   Data           0  startup_stm32f401xx.o(RESET)
    __main                                   0x08000195   Thumb Code     8  __main.o(!!!main)
    __scatterload                            0x0800019d   Thumb Code     0  __scatter.o(!!!scatter)
    __scatterload_rt2                        0x0800019d   Thumb Code    44  __scatter.o(!!!scatter)
    __scatterload_rt2_thumb_only             0x0800019d   Thumb Code     0  __scatter.o(!!!scatter)
    __scatterload_null                       0x080001ab   Thumb Code     0  __scatter.o(!!!scatter)
    __decompress                             0x080001d1   Thumb Code    90  __dczerorl2.o(!!dczerorl2)
    __decompress1                            0x080001d1   Thumb Code     0  __dczerorl2.o(!!dczerorl2)
    __scatterload_zeroinit                   0x0800022d   Thumb Code    28  __scatter_zi.o(!!handler_zi)
    _printf_f                                0x08000249   Thumb Code     0  _printf_f.o(.ARM.Collect$$_printf_percent$$00000003)
    _printf_percent                          0x08000249   Thumb Code     0  _printf_percent.o(.ARM.Collect$$_printf_percent$$00000000)
    _printf_percent_end                      0x0800024f   Thumb Code     0  _printf_percent_end.o(.ARM.Collect$$_printf_percent$$00000017)
    __rt_lib_init                            0x08000253   Thumb Code     0  libinit.o(.ARM.Collect$$libinit$$00000000)
    __rt_lib_init_fp_1                       0x08000255   Thumb Code     0  libinit2.o(.ARM.Collect$$libinit$$00000001)
    __rt_lib_init_heap_1                     0x08000259   Thumb Code     0  libinit2.o(.ARM.Collect$$libinit$$0000000A)
    __rt_lib_init_lc_common                  0x08000259   Thumb Code     0  libinit2.o(.ARM.Collect$$libinit$$0000000F)
    __rt_lib_init_preinit_1                  0x08000259   Thumb Code     0  libinit2.o(.ARM.Collect$$libinit$$00000004)
    __rt_lib_init_rand_1                     0x08000259   Thumb Code     0  libinit2.o(.ARM.Collect$$libinit$$0000000E)
    __rt_lib_init_user_alloc_1               0x08000259   Thumb Code     0  libinit2.o(.ARM.Collect$$libinit$$0000000C)
    __rt_lib_init_lc_collate_1               0x0800025f   Thumb Code     0  libinit2.o(.ARM.Collect$$libinit$$00000011)
    __rt_lib_init_lc_ctype_1                 0x0800025f   Thumb Code     0  libinit2.o(.ARM.Collect$$libinit$$00000013)
    __rt_lib_init_lc_monetary_1              0x0800025f   Thumb Code     0  libinit2.o(.ARM.Collect$$libinit$$00000015)
    __rt_lib_init_lc_numeric_2               0x0800025f   Thumb Code     0  libinit2.o(.ARM.Collect$$libinit$$00000016)
    __rt_lib_init_alloca_1                   0x08000269   Thumb Code     0  libinit2.o(.ARM.Collect$$libinit$$0000002E)
    __rt_lib_init_argv_1                     0x08000269   Thumb Code     0  libinit2.o(.ARM.Collect$$libinit$$0000002C)
    __rt_lib_init_atexit_1                   0x08000269   Thumb Code     0  libinit2.o(.ARM.Collect$$libinit$$0000001B)
    __rt_lib_init_clock_1                    0x08000269   Thumb Code     0  libinit2.o(.ARM.Collect$$libinit$$00000021)
    __rt_lib_init_cpp_1                      0x08000269   Thumb Code     0  libinit2.o(.ARM.Collect$$libinit$$00000032)
    __rt_lib_init_exceptions_1               0x08000269   Thumb Code     0  libinit2.o(.ARM.Collect$$libinit$$00000030)
    __rt_lib_init_fp_trap_1                  0x08000269   Thumb Code     0  libinit2.o(.ARM.Collect$$libinit$$0000001F)
    __rt_lib_init_getenv_1                   0x08000269   Thumb Code     0  libinit2.o(.ARM.Collect$$libinit$$00000023)
    __rt_lib_init_lc_numeric_1               0x08000269   Thumb Code     0  libinit2.o(.ARM.Collect$$libinit$$00000017)
    __rt_lib_init_lc_time_1                  0x08000269   Thumb Code     0  libinit2.o(.ARM.Collect$$libinit$$00000019)
    __rt_lib_init_return                     0x08000269   Thumb Code     0  libinit2.o(.ARM.Collect$$libinit$$00000033)
    __rt_lib_init_signal_1                   0x08000269   Thumb Code     0  libinit2.o(.ARM.Collect$$libinit$$0000001D)
    __rt_lib_init_stdio_1                    0x08000269   Thumb Code     0  libinit2.o(.ARM.Collect$$libinit$$00000025)
    __rt_lib_shutdown                        0x0800026b   Thumb Code     0  libshutdown.o(.ARM.Collect$$libshutdown$$00000000)
    __rt_lib_shutdown_cpp_1                  0x0800026d   Thumb Code     0  libshutdown2.o(.ARM.Collect$$libshutdown$$00000004)
    __rt_lib_shutdown_fini_1                 0x0800026d   Thumb Code     0  libshutdown2.o(.ARM.Collect$$libshutdown$$00000002)
    __rt_lib_shutdown_fp_trap_1              0x0800026d   Thumb Code     0  libshutdown2.o(.ARM.Collect$$libshutdown$$00000009)
    __rt_lib_shutdown_heap_1                 0x0800026d   Thumb Code     0  libshutdown2.o(.ARM.Collect$$libshutdown$$00000011)
    __rt_lib_shutdown_return                 0x0800026d   Thumb Code     0  libshutdown2.o(.ARM.Collect$$libshutdown$$00000012)
    __rt_lib_shutdown_signal_1               0x0800026d   Thumb Code     0  libshutdown2.o(.ARM.Collect$$libshutdown$$0000000C)
    __rt_lib_shutdown_stdio_1                0x0800026d   Thumb Code     0  libshutdown2.o(.ARM.Collect$$libshutdown$$00000006)
    __rt_lib_shutdown_user_alloc_1           0x0800026d   Thumb Code     0  libshutdown2.o(.ARM.Collect$$libshutdown$$0000000E)
    __rt_entry                               0x0800026f   Thumb Code     0  __rtentry.o(.ARM.Collect$$rtentry$$00000000)
    __rt_entry_presh_1                       0x0800026f   Thumb Code     0  __rtentry2.o(.ARM.Collect$$rtentry$$00000002)
    __rt_entry_sh                            0x0800026f   Thumb Code     0  __rtentry4.o(.ARM.Collect$$rtentry$$00000004)
    __rt_entry_li                            0x08000275   Thumb Code     0  __rtentry2.o(.ARM.Collect$$rtentry$$0000000A)
    __rt_entry_postsh_1                      0x08000275   Thumb Code     0  __rtentry2.o(.ARM.Collect$$rtentry$$00000009)
    __rt_entry_main                          0x08000279   Thumb Code     0  __rtentry2.o(.ARM.Collect$$rtentry$$0000000D)
    __rt_entry_postli_1                      0x08000279   Thumb Code     0  __rtentry2.o(.ARM.Collect$$rtentry$$0000000C)
    __rt_exit                                0x08000281   Thumb Code     0  rtexit.o(.ARM.Collect$$rtexit$$00000000)
    __rt_exit_ls                             0x08000283   Thumb Code     0  rtexit2.o(.ARM.Collect$$rtexit$$00000003)
    __rt_exit_prels_1                        0x08000283   Thumb Code     0  rtexit2.o(.ARM.Collect$$rtexit$$00000002)
    __rt_exit_exit                           0x08000287   Thumb Code     0  rtexit2.o(.ARM.Collect$$rtexit$$00000004)
    Reset_Handler                            0x0800028d   Thumb Code     8  startup_stm32f401xx.o(.text)
    NMI_Handler                              0x08000295   Thumb Code     2  startup_stm32f401xx.o(.text)
    HardFault_Handler                        0x08000297   Thumb Code     2  startup_stm32f401xx.o(.text)
    MemManage_Handler                        0x08000299   Thumb Code     2  startup_stm32f401xx.o(.text)
    BusFault_Handler                         0x0800029b   Thumb Code     2  startup_stm32f401xx.o(.text)
    UsageFault_Handler                       0x0800029d   Thumb Code     2  startup_stm32f401xx.o(.text)
    SVC_Handler                              0x0800029f   Thumb Code     2  startup_stm32f401xx.o(.text)
    DebugMon_Handler                         0x080002a1   Thumb Code     2  startup_stm32f401xx.o(.text)
    ADC_IRQHandler                           0x080002a7   Thumb Code     0  startup_stm32f401xx.o(.text)
    DMA1_Stream0_IRQHandler                  0x080002a7   Thumb Code     0  startup_stm32f401xx.o(.text)
    DMA1_Stream1_IRQHandler                  0x080002a7   Thumb Code     0  startup_stm32f401xx.o(.text)
    DMA1_Stream2_IRQHandler                  0x080002a7   Thumb Code     0  startup_stm32f401xx.o(.text)
    DMA1_Stream3_IRQHandler                  0x080002a7   Thumb Code     0  startup_stm32f401xx.o(.text)
    DMA1_Stream4_IRQHandler                  0x080002a7   Thumb Code     0  startup_stm32f401xx.o(.text)
    DMA1_Stream5_IRQHandler                  0x080002a7   Thumb Code     0  startup_stm32f401xx.o(.text)
    DMA1_Stream6_IRQHandler                  0x080002a7   Thumb Code     0  startup_stm32f401xx.o(.text)
    DMA1_Stream7_IRQHandler                  0x080002a7   Thumb Code     0  startup_stm32f401xx.o(.text)
    DMA2_Stream0_IRQHandler                  0x080002a7   Thumb Code     0  startup_stm32f401xx.o(.text)
    DMA2_Stream1_IRQHandler                  0x080002a7   Thumb Code     0  startup_stm32f401xx.o(.text)
    DMA2_Stream2_IRQHandler                  0x080002a7   Thumb Code     0  startup_stm32f401xx.o(.text)
    DMA2_Stream3_IRQHandler                  0x080002a7   Thumb Code     0  startup_stm32f401xx.o(.text)
    DMA2_Stream4_IRQHandler                  0x080002a7   Thumb Code     0  startup_stm32f401xx.o(.text)
    DMA2_Stream5_IRQHandler                  0x080002a7   Thumb Code     0  startup_stm32f401xx.o(.text)
    DMA2_Stream6_IRQHandler                  0x080002a7   Thumb Code     0  startup_stm32f401xx.o(.text)
    DMA2_Stream7_IRQHandler                  0x080002a7   Thumb Code     0  startup_stm32f401xx.o(.text)
    EXTI0_IRQHandler                         0x080002a7   Thumb Code     0  startup_stm32f401xx.o(.text)
    EXTI15_10_IRQHandler                     0x080002a7   Thumb Code     0  startup_stm32f401xx.o(.text)
    EXTI1_IRQHandler                         0x080002a7   Thumb Code     0  startup_stm32f401xx.o(.text)
    EXTI2_IRQHandler                         0x080002a7   Thumb Code     0  startup_stm32f401xx.o(.text)
    EXTI3_IRQHandler                         0x080002a7   Thumb Code     0  startup_stm32f401xx.o(.text)
    EXTI4_IRQHandler                         0x080002a7   Thumb Code     0  startup_stm32f401xx.o(.text)
    EXTI9_5_IRQHandler                       0x080002a7   Thumb Code     0  startup_stm32f401xx.o(.text)
    FLASH_IRQHandler                         0x080002a7   Thumb Code     0  startup_stm32f401xx.o(.text)
    FPU_IRQHandler                           0x080002a7   Thumb Code     0  startup_stm32f401xx.o(.text)
    I2C1_ER_IRQHandler                       0x080002a7   Thumb Code     0  startup_stm32f401xx.o(.text)
    I2C1_EV_IRQHandler                       0x080002a7   Thumb Code     0  startup_stm32f401xx.o(.text)
    I2C2_ER_IRQHandler                       0x080002a7   Thumb Code     0  startup_stm32f401xx.o(.text)
    I2C2_EV_IRQHandler                       0x080002a7   Thumb Code     0  startup_stm32f401xx.o(.text)
    I2C3_ER_IRQHandler                       0x080002a7   Thumb Code     0  startup_stm32f401xx.o(.text)
    I2C3_EV_IRQHandler                       0x080002a7   Thumb Code     0  startup_stm32f401xx.o(.text)
    OTG_FS_IRQHandler                        0x080002a7   Thumb Code     0  startup_stm32f401xx.o(.text)
    OTG_FS_WKUP_IRQHandler                   0x080002a7   Thumb Code     0  startup_stm32f401xx.o(.text)
    PVD_IRQHandler                           0x080002a7   Thumb Code     0  startup_stm32f401xx.o(.text)
    RCC_IRQHandler                           0x080002a7   Thumb Code     0  startup_stm32f401xx.o(.text)
    RTC_Alarm_IRQHandler                     0x080002a7   Thumb Code     0  startup_stm32f401xx.o(.text)
    RTC_WKUP_IRQHandler                      0x080002a7   Thumb Code     0  startup_stm32f401xx.o(.text)
    SDIO_IRQHandler                          0x080002a7   Thumb Code     0  startup_stm32f401xx.o(.text)
    SPI1_IRQHandler                          0x080002a7   Thumb Code     0  startup_stm32f401xx.o(.text)
    SPI2_IRQHandler                          0x080002a7   Thumb Code     0  startup_stm32f401xx.o(.text)
    SPI3_IRQHandler                          0x080002a7   Thumb Code     0  startup_stm32f401xx.o(.text)
    SPI4_IRQHandler                          0x080002a7   Thumb Code     0  startup_stm32f401xx.o(.text)
    TAMP_STAMP_IRQHandler                    0x080002a7   Thumb Code     0  startup_stm32f401xx.o(.text)
    TIM1_BRK_TIM9_IRQHandler                 0x080002a7   Thumb Code     0  startup_stm32f401xx.o(.text)
    TIM1_TRG_COM_TIM11_IRQHandler            0x080002a7   Thumb Code     0  startup_stm32f401xx.o(.text)
    TIM1_UP_TIM10_IRQHandler                 0x080002a7   Thumb Code     0  startup_stm32f401xx.o(.text)
    TIM2_IRQHandler                          0x080002a7   Thumb Code     0  startup_stm32f401xx.o(.text)
    TIM3_IRQHandler                          0x080002a7   Thumb Code     0  startup_stm32f401xx.o(.text)
    TIM4_IRQHandler                          0x080002a7   Thumb Code     0  startup_stm32f401xx.o(.text)
    TIM5_IRQHandler                          0x080002a7   Thumb Code     0  startup_stm32f401xx.o(.text)
    USART2_IRQHandler                        0x080002a7   Thumb Code     0  startup_stm32f401xx.o(.text)
    WWDG_IRQHandler                          0x080002a7   Thumb Code     0  startup_stm32f401xx.o(.text)
    __user_initial_stackheap                 0x080002a9   Thumb Code     0  startup_stm32f401xx.o(.text)
    OS_CPU_FP_Reg_Push                       0x080002cd   Thumb Code     0  os_cpu_a.o(.text)
    OS_CPU_FP_Reg_Pop                        0x080002df   Thumb Code     0  os_cpu_a.o(.text)
    OS_CPU_SR_Save                           0x080002eb   Thumb Code     0  os_cpu_a.o(.text)
    OS_CPU_SR_Restore                        0x08000307   Thumb Code     0  os_cpu_a.o(.text)
    OSStartHighRdy                           0x08000319   Thumb Code     0  os_cpu_a.o(.text)
    OSCtxSw                                  0x08000371   Thumb Code     0  os_cpu_a.o(.text)
    OSIntCtxSw                               0x08000371   Thumb Code     0  os_cpu_a.o(.text)
    OS_CPU_PendSVHandler                     0x0800037b   Thumb Code     0  os_cpu_a.o(.text)
    __2sprintf                               0x08000401   Thumb Code    34  noretval__2sprintf.o(.text)
    _printf_pre_padding                      0x08000429   Thumb Code    44  _printf_pad.o(.text)
    _printf_post_padding                     0x08000455   Thumb Code    34  _printf_pad.o(.text)
    __printf                                 0x08000477   Thumb Code   270  __printf_wp.o(.text)
    strlen                                   0x08000585   Thumb Code    62  strlen.o(.text)
    __use_two_region_memory                  0x080005c3   Thumb Code     2  heapauxi.o(.text)
    __rt_heap_escrow                         0x080005c5   Thumb Code     2  heapauxi.o(.text)
    __rt_heap_expand                         0x080005c7   Thumb Code     2  heapauxi.o(.text)
    __lib_sel_fp_printf                      0x080005c9   Thumb Code     2  _printf_fp_dec.o(.text)
    _printf_fp_dec_real                      0x0800077b   Thumb Code   620  _printf_fp_dec.o(.text)
    _printf_char_common                      0x080009f3   Thumb Code    32  _printf_char_common.o(.text)
    _sputc                                   0x08000a19   Thumb Code    10  _sputc.o(.text)
    __rt_locale                              0x08000a25   Thumb Code     8  rt_locale_intlibspace.o(.text)
    _ll_udiv10                               0x08000a2d   Thumb Code   138  lludiv10.o(.text)
    _printf_fp_infnan                        0x08000ab9   Thumb Code   112  _printf_fp_infnan.o(.text)
    _btod_etento                             0x08000b39   Thumb Code   224  bigflt0.o(.text)
    __user_libspace                          0x08000c1d   Thumb Code     8  libspace.o(.text)
    __user_perproc_libspace                  0x08000c1d   Thumb Code     0  libspace.o(.text)
    __user_perthread_libspace                0x08000c1d   Thumb Code     0  libspace.o(.text)
    __user_setup_stackheap                   0x08000c25   Thumb Code    74  sys_stackheap_outer.o(.text)
    exit                                     0x08000c6f   Thumb Code    18  exit.o(.text)
    strcmp                                   0x08000c81   Thumb Code   128  strcmpv7m.o(.text)
    __I$use$semihosting                      0x08000d01   Thumb Code     0  use_no_semi.o(.text)
    __use_no_semihosting_swi                 0x08000d01   Thumb Code     2  use_no_semi.o(.text)
    __semihosting_library_function           0x08000d03   Thumb Code     0  indicate_semi.o(.text)
    _sys_exit                                0x08000d05   Thumb Code     8  sys_exit.o(.text)
    _btod_d2e                                0x08000d11   Thumb Code    62  btod.o(CL$$btod_d2e)
    _d2e_denorm_low                          0x08000d4f   Thumb Code    70  btod.o(CL$$btod_d2e_denorm_low)
    _d2e_norm_op1                            0x08000d95   Thumb Code    96  btod.o(CL$$btod_d2e_norm_op1)
    __btod_div_common                        0x08000df5   Thumb Code   696  btod.o(CL$$btod_div_common)
    _e2e                                     0x0800112d   Thumb Code   220  btod.o(CL$$btod_e2e)
    _btod_ediv                               0x08001209   Thumb Code    42  btod.o(CL$$btod_ediv)
    _btod_emul                               0x08001233   Thumb Code    42  btod.o(CL$$btod_emul)
    __btod_mult_common                       0x0800125d   Thumb Code   580  btod.o(CL$$btod_mult_common)
    GPIO_Init                                0x080014a1   Thumb Code   144  stm32f4xx_gpio.o(i.GPIO_Init)
    GPIO_PinAFConfig                         0x08001531   Thumb Code    70  stm32f4xx_gpio.o(i.GPIO_PinAFConfig)
    GPIO_ResetBits                           0x08001577   Thumb Code     4  stm32f4xx_gpio.o(i.GPIO_ResetBits)
    GPIO_SetBits                             0x0800157b   Thumb Code     4  stm32f4xx_gpio.o(i.GPIO_SetBits)
    GY86_Thread                              0x0800157f   Thumb Code    32  main.o(i.GY86_Thread)
    GY86_getdata                             0x080015a1   Thumb Code   240  bsp_gy86.o(i.GY86_getdata)
    HMC_Get                                  0x080016b9   Thumb Code   210  bsp_gy86.o(i.HMC_Get)
    HMC_Init                                 0x080017a1   Thumb Code    28  bsp_gy86.o(i.HMC_Init)
    HMC_Show                                 0x080017c5   Thumb Code   138  bsp_gy86.o(i.HMC_Show)
    I2C1_CONFIG                              0x08001885   Thumb Code   146  bsp_i2c.o(i.I2C1_CONFIG)
    I2C3_CONFIG                              0x08001925   Thumb Code   168  bsp_i2c.o(i.I2C3_CONFIG)
    I2C_CheckEvent                           0x080019dd   Thumb Code    42  stm32f4xx_i2c.o(i.I2C_CheckEvent)
    I2C_Cmd                                  0x08001a07   Thumb Code    24  stm32f4xx_i2c.o(i.I2C_Cmd)
    I2C_DeInit                               0x08001a21   Thumb Code    82  stm32f4xx_i2c.o(i.I2C_DeInit)
    I2C_GenerateSTART                        0x08001a81   Thumb Code    24  stm32f4xx_i2c.o(i.I2C_GenerateSTART)
    I2C_GenerateSTOP                         0x08001a99   Thumb Code    24  stm32f4xx_i2c.o(i.I2C_GenerateSTOP)
    I2C_GetFlagStatus                        0x08001ab1   Thumb Code    58  stm32f4xx_i2c.o(i.I2C_GetFlagStatus)
    I2C_Init                                 0x08001aed   Thumb Code   218  stm32f4xx_i2c.o(i.I2C_Init)
    I2C_Receive                              0x08001bd5   Thumb Code   180  bsp_i2c.o(i.I2C_Receive)
    I2C_Send7bitAddress                      0x08001c89   Thumb Code    16  stm32f4xx_i2c.o(i.I2C_Send7bitAddress)
    I2C_SendData                             0x08001c99   Thumb Code     4  stm32f4xx_i2c.o(i.I2C_SendData)
    I2C_Send_Byte                            0x08001c9d   Thumb Code   134  bsp_i2c.o(i.I2C_Send_Byte)
    I2C_Send_Str                             0x08001d2d   Thumb Code   148  bsp_i2c.o(i.I2C_Send_Str)
    LED_CONFIG                               0x08001dc9   Thumb Code    48  bsp_led.o(i.LED_CONFIG)
    LED_OFF                                  0x08001dfd   Thumb Code    12  bsp_led.o(i.LED_OFF)
    LED_ON                                   0x08001e0d   Thumb Code    12  bsp_led.o(i.LED_ON)
    MPU_Get                                  0x08001e1d   Thumb Code   144  bsp_gy86.o(i.MPU_Get)
    MPU_Init                                 0x08001eb9   Thumb Code    76  bsp_gy86.o(i.MPU_Init)
    MPU_Show                                 0x08001f11   Thumb Code   264  bsp_gy86.o(i.MPU_Show)
    MY_Init                                  0x0800207d   Thumb Code    54  main.o(i.MY_Init)
    NVIC_Init                                0x080020b9   Thumb Code   106  misc.o(i.NVIC_Init)
    NVIC_PriorityGroupConfig                 0x08002131   Thumb Code    10  misc.o(i.NVIC_PriorityGroupConfig)
    OLED_Fill                                0x08002145   Thumb Code    72  bsp_oled.o(i.OLED_Fill)
    OLED_Init                                0x0800218d   Thumb Code    56  bsp_oled.o(i.OLED_Init)
    OLED_ON                                  0x080021c5   Thumb Code    30  bsp_oled.o(i.OLED_ON)
    OLED_SetPos                              0x080021e3   Thumb Code    52  bsp_oled.o(i.OLED_SetPos)
    OLED_ShowStr                             0x08002219   Thumb Code   108  bsp_oled.o(i.OLED_ShowStr)
    OLED_Thread                              0x08002289   Thumb Code    12  main.o(i.OLED_Thread)
    OLED_Up                                  0x08002295   Thumb Code    18  bsp_oled.o(i.OLED_Up)
    OSDebugInit                              0x080022ad   Thumb Code   118  os_dbg.o(i.OSDebugInit)
    OSEventNameSet                           0x08002409   Thumb Code   110  os_core.o(i.OSEventNameSet)
    OSInit                                   0x0800247d   Thumb Code    56  os_core.o(i.OSInit)
    OSInitHookBegin                          0x080024b5   Thumb Code    68  os_cpu_c.o(i.OSInitHookBegin)
    OSInitHookEnd                            0x08002511   Thumb Code     2  os_cpu_c.o(i.OSInitHookEnd)
    OSIntEnter                               0x08002515   Thumb Code    28  os_core.o(i.OSIntEnter)
    OSIntExit                                0x08002539   Thumb Code   122  os_core.o(i.OSIntExit)
    OSSchedLock                              0x080025d5   Thumb Code    60  os_core.o(i.OSSchedLock)
    OSSchedUnlock                            0x0800261d   Thumb Code   100  os_core.o(i.OSSchedUnlock)
    OSSemCreate                              0x0800268d   Thumb Code    82  os_sem.o(i.OSSemCreate)
    OSSemPend                                0x080026ed   Thumb Code   266  os_sem.o(i.OSSemPend)
    OSSemPost                                0x08002805   Thumb Code   112  os_sem.o(i.OSSemPost)
    OSStart                                  0x08002875   Thumb Code    48  os_core.o(i.OSStart)
    OSTCBInitHook                            0x080028bd   Thumb Code     2  os_cpu_c.o(i.OSTCBInitHook)
    OSTaskCreate                             0x080028c1   Thumb Code   186  os_task.o(i.OSTaskCreate)
    OSTaskCreateExt                          0x08002989   Thumb Code   206  os_task.o(i.OSTaskCreateExt)
    OSTaskCreateHook                         0x08002a65   Thumb Code     2  os_cpu_c.o(i.OSTaskCreateHook)
    OSTaskDel                                0x08002a69   Thumb Code   346  os_task.o(i.OSTaskDel)
    OSTaskDelHook                            0x08002bf1   Thumb Code     2  os_cpu_c.o(i.OSTaskDelHook)
    OSTaskIdleHook                           0x08002bf3   Thumb Code     2  os_cpu_c.o(i.OSTaskIdleHook)
    OSTaskNameSet                            0x08002bf5   Thumb Code   138  os_task.o(i.OSTaskNameSet)
    OSTaskReturnHook                         0x08002c8d   Thumb Code     2  os_cpu_c.o(i.OSTaskReturnHook)
    OSTaskStatHook                           0x08002c8f   Thumb Code     2  os_cpu_c.o(i.OSTaskStatHook)
    OSTaskStkChk                             0x08002c91   Thumb Code   168  os_task.o(i.OSTaskStkChk)
    OSTaskStkInit                            0x08002d41   Thumb Code   446  os_cpu_c.o(i.OSTaskStkInit)
    OSTaskSuspend                            0x08002f6d   Thumb Code   190  os_task.o(i.OSTaskSuspend)
    OSTaskSwHook                             0x0800303d   Thumb Code    24  os_cpu_c.o(i.OSTaskSwHook)
    OSTimeDly                                0x0800305d   Thumb Code   110  os_time.o(i.OSTimeDly)
    OSTimeTick                               0x080030e1   Thumb Code   230  os_core.o(i.OSTimeTick)
    OSTimeTickHook                           0x080031e1   Thumb Code    30  os_cpu_c.o(i.OSTimeTickHook)
    OSTmrSignal                              0x08003205   Thumb Code    16  os_tmr.o(i.OSTmrSignal)
    OSTmr_Init                               0x08003219   Thumb Code   168  os_tmr.o(i.OSTmr_Init)
    OS_CPU_SysTickHandler                    0x0800349d   Thumb Code    38  os_cpu_c.o(i.OS_CPU_SysTickHandler)
    OS_Dummy                                 0x080034c3   Thumb Code     2  os_core.o(i.OS_Dummy)
    OS_EventTaskRdy                          0x080034c5   Thumb Code   132  os_core.o(i.OS_EventTaskRdy)
    OS_EventTaskRemove                       0x08003559   Thumb Code    46  os_core.o(i.OS_EventTaskRemove)
    OS_EventTaskRemoveMulti                  0x08003587   Thumb Code    58  os_core.o(i.OS_EventTaskRemoveMulti)
    OS_EventTaskWait                         0x080035c1   Thumb Code   112  os_core.o(i.OS_EventTaskWait)
    OS_EventWaitListInit                     0x0800363d   Thumb Code    28  os_core.o(i.OS_EventWaitListInit)
    OS_FlagInit                              0x08003659   Thumb Code    74  os_flag.o(i.OS_FlagInit)
    OS_FlagUnlink                            0x080036b1   Thumb Code    36  os_flag.o(i.OS_FlagUnlink)
    OS_MemClr                                0x080038f5   Thumb Code    18  os_core.o(i.OS_MemClr)
    OS_MemInit                               0x08003909   Thumb Code    74  os_mem.o(i.OS_MemInit)
    OS_QInit                                 0x08003961   Thumb Code    72  os_q.o(i.OS_QInit)
    OS_Sched                                 0x080039b1   Thumb Code    98  os_core.o(i.OS_Sched)
    OS_TCBInit                               0x08003a5d   Thumb Code   330  os_core.o(i.OS_TCBInit)
    OS_TaskIdle                              0x08003bc5   Thumb Code    42  os_core.o(i.OS_TaskIdle)
    OS_TaskReturn                            0x08003bf5   Thumb Code    18  os_task.o(i.OS_TaskReturn)
    OS_TaskStat                              0x08003c0d   Thumb Code   218  os_core.o(i.OS_TaskStat)
    OS_TaskStatStkChk                        0x08003cfd   Thumb Code    54  os_core.o(i.OS_TaskStatStkChk)
    OS_TaskStkClr                            0x08003d39   Thumb Code    26  os_task.o(i.OS_TaskStkClr)
    RCC_AHB1PeriphClockCmd                   0x08003d55   Thumb Code    26  stm32f4xx_rcc.o(i.RCC_AHB1PeriphClockCmd)
    RCC_APB1PeriphClockCmd                   0x08003d75   Thumb Code    26  stm32f4xx_rcc.o(i.RCC_APB1PeriphClockCmd)
    RCC_APB1PeriphResetCmd                   0x08003d95   Thumb Code    26  stm32f4xx_rcc.o(i.RCC_APB1PeriphResetCmd)
    RCC_APB2PeriphClockCmd                   0x08003db5   Thumb Code    26  stm32f4xx_rcc.o(i.RCC_APB2PeriphClockCmd)
    RCC_GetClocksFreq                        0x08003dd5   Thumb Code   214  stm32f4xx_rcc.o(i.RCC_GetClocksFreq)
    SEND_BYTE                                0x08003eb9   Thumb Code    20  bsp_oled.o(i.SEND_BYTE)
    Send_Str                                 0x08003ed1   Thumb Code    34  bsp_oled.o(i.Send_Str)
    SystemInit                               0x08003fe1   Thumb Code    88  system_stm32f4xx.o(i.SystemInit)
    TIM1_CC_IRQHandler                       0x0800416d   Thumb Code   146  bsp_ppm.o(i.TIM1_CC_IRQHandler)
    TIM1_CONFIG                              0x08004215   Thumb Code   210  bsp_tim.o(i.TIM1_CONFIG)
    TIM3_CONFIG                              0x080042f1   Thumb Code   316  bsp_tim.o(i.TIM3_CONFIG)
    TIM4_CONFIG                              0x08004449   Thumb Code    58  bsp_tim.o(i.TIM4_CONFIG)
    TIMDelay                                 0x0800448d   Thumb Code    54  bsp_tim.o(i.TIMDelay)
    TIM_ARRPreloadConfig                     0x080044c9   Thumb Code    24  stm32f4xx_tim.o(i.TIM_ARRPreloadConfig)
    TIM_ClearFlag                            0x080044e1   Thumb Code     6  stm32f4xx_tim.o(i.TIM_ClearFlag)
    TIM_ClearITPendingBit                    0x080044e7   Thumb Code     6  stm32f4xx_tim.o(i.TIM_ClearITPendingBit)
    TIM_Cmd                                  0x080044ed   Thumb Code    24  stm32f4xx_tim.o(i.TIM_Cmd)
    TIM_GetCapture4                          0x08004505   Thumb Code     6  stm32f4xx_tim.o(i.TIM_GetCapture4)
    TIM_GetFlagStatus                        0x0800450b   Thumb Code    18  stm32f4xx_tim.o(i.TIM_GetFlagStatus)
    TIM_ICInit                               0x0800451d   Thumb Code   110  stm32f4xx_tim.o(i.TIM_ICInit)
    TIM_ITConfig                             0x0800458b   Thumb Code    18  stm32f4xx_tim.o(i.TIM_ITConfig)
    TIM_OC1Init                              0x0800459d   Thumb Code   114  stm32f4xx_tim.o(i.TIM_OC1Init)
    TIM_OC1PreloadConfig                     0x08004619   Thumb Code    18  stm32f4xx_tim.o(i.TIM_OC1PreloadConfig)
    TIM_OC2Init                              0x0800462d   Thumb Code   154  stm32f4xx_tim.o(i.TIM_OC2Init)
    TIM_OC2PreloadConfig                     0x080046d1   Thumb Code    26  stm32f4xx_tim.o(i.TIM_OC2PreloadConfig)
    TIM_OC3Init                              0x080046ed   Thumb Code   150  stm32f4xx_tim.o(i.TIM_OC3Init)
    TIM_OC3PreloadConfig                     0x0800478d   Thumb Code    18  stm32f4xx_tim.o(i.TIM_OC3PreloadConfig)
    TIM_OC4Init                              0x080047a1   Thumb Code   112  stm32f4xx_tim.o(i.TIM_OC4Init)
    TIM_OC4PreloadConfig                     0x08004819   Thumb Code    26  stm32f4xx_tim.o(i.TIM_OC4PreloadConfig)
    TIM_SetIC1Prescaler                      0x08004833   Thumb Code    18  stm32f4xx_tim.o(i.TIM_SetIC1Prescaler)
    TIM_SetIC2Prescaler                      0x08004845   Thumb Code    26  stm32f4xx_tim.o(i.TIM_SetIC2Prescaler)
    TIM_SetIC3Prescaler                      0x0800485f   Thumb Code    18  stm32f4xx_tim.o(i.TIM_SetIC3Prescaler)
    TIM_SetIC4Prescaler                      0x08004871   Thumb Code    26  stm32f4xx_tim.o(i.TIM_SetIC4Prescaler)
    TIM_TimeBaseInit                         0x0800488d   Thumb Code   104  stm32f4xx_tim.o(i.TIM_TimeBaseInit)
    USART1_CONFIG                            0x08004911   Thumb Code   228  bsp_usart.o(i.USART1_CONFIG)
    USART1_IRQHandler                        0x080049fd   Thumb Code    70  bsp_ray.o(i.USART1_IRQHandler)
    USART6_CONFIG                            0x08004a51   Thumb Code   206  bsp_usart.o(i.USART6_CONFIG)
    USART6_IRQHandler                        0x08004b29   Thumb Code    70  bsp_esp8266.o(i.USART6_IRQHandler)
    USART_Cmd                                0x08004b7d   Thumb Code    24  stm32f4xx_usart.o(i.USART_Cmd)
    USART_GetITStatus                        0x08004b95   Thumb Code    84  stm32f4xx_usart.o(i.USART_GetITStatus)
    USART_ITConfig                           0x08004be9   Thumb Code    74  stm32f4xx_usart.o(i.USART_ITConfig)
    USART_Init                               0x08004c35   Thumb Code   204  stm32f4xx_usart.o(i.USART_Init)
    USART_ReceiveData                        0x08004d09   Thumb Code    10  stm32f4xx_usart.o(i.USART_ReceiveData)
    __ARM_fpclassify                         0x08004d13   Thumb Code    48  fpclassify.o(i.__ARM_fpclassify)
    _is_digit                                0x08004d43   Thumb Code    14  __printf_wp.o(i._is_digit)
    main                                     0x08004d51   Thumb Code   124  main.o(i.main)
    _get_lc_numeric                          0x08004de9   Thumb Code    44  lc_numeric_c.o(locale$$code)
    __fpl_dretinf                            0x08004e15   Thumb Code    12  dretinf.o(x$fpl$dretinf)
    __aeabi_f2d                              0x08004e21   Thumb Code     0  f2d.o(x$fpl$f2d)
    _f2d                                     0x08004e21   Thumb Code    86  f2d.o(x$fpl$f2d)
    __fpl_fnaninf                            0x08004e77   Thumb Code   140  fnaninf.o(x$fpl$fnaninf)
    _fp_init                                 0x08004f03   Thumb Code    10  fpinit.o(x$fpl$fpinit)
    __fplib_config_fpu_vfp                   0x08004f0b   Thumb Code     0  fpinit.o(x$fpl$fpinit)
    __fplib_config_pureend_doubles           0x08004f0b   Thumb Code     0  fpinit.o(x$fpl$fpinit)
    _printf_fp_dec                           0x08004f0d   Thumb Code     4  printf1.o(x$fpl$printf1)
    F6x8                                     0x08004f10   Data         552  bsp_oled.o(.constdata)
    __I$use$fp                               0x08004f10   Number         0  usenofp.o(x$fpl$usenofp)
    F8X16                                    0x08005138   Data        1520  bsp_oled.o(.constdata)
    OSUnMapTbl                               0x08005728   Data         256  os_core.o(.constdata)
    OSDebugEn                                0x08005828   Data           2  os_dbg.o(.constdata)
    OSEndiannessTest                         0x0800582c   Data           4  os_dbg.o(.constdata)
    OSEventEn                                0x08005830   Data           2  os_dbg.o(.constdata)
    OSEventMax                               0x08005832   Data           2  os_dbg.o(.constdata)
    OSEventNameEn                            0x08005834   Data           2  os_dbg.o(.constdata)
    OSEventSize                              0x08005836   Data           2  os_dbg.o(.constdata)
    OSEventTblSize                           0x08005838   Data           2  os_dbg.o(.constdata)
    OSEventMultiEn                           0x0800583a   Data           2  os_dbg.o(.constdata)
    OSFlagEn                                 0x0800583c   Data           2  os_dbg.o(.constdata)
    OSFlagGrpSize                            0x0800583e   Data           2  os_dbg.o(.constdata)
    OSFlagNodeSize                           0x08005840   Data           2  os_dbg.o(.constdata)
    OSFlagWidth                              0x08005842   Data           2  os_dbg.o(.constdata)
    OSFlagMax                                0x08005844   Data           2  os_dbg.o(.constdata)
    OSFlagNameEn                             0x08005846   Data           2  os_dbg.o(.constdata)
    OSLowestPrio                             0x08005848   Data           2  os_dbg.o(.constdata)
    OSMboxEn                                 0x0800584a   Data           2  os_dbg.o(.constdata)
    OSMemEn                                  0x0800584c   Data           2  os_dbg.o(.constdata)
    OSMemMax                                 0x0800584e   Data           2  os_dbg.o(.constdata)
    OSMemNameEn                              0x08005850   Data           2  os_dbg.o(.constdata)
    OSMemSize                                0x08005852   Data           2  os_dbg.o(.constdata)
    OSMemTblSize                             0x08005854   Data           2  os_dbg.o(.constdata)
    OSMutexEn                                0x08005856   Data           2  os_dbg.o(.constdata)
    OSPtrSize                                0x08005858   Data           2  os_dbg.o(.constdata)
    OSQEn                                    0x0800585a   Data           2  os_dbg.o(.constdata)
    OSQMax                                   0x0800585c   Data           2  os_dbg.o(.constdata)
    OSQSize                                  0x0800585e   Data           2  os_dbg.o(.constdata)
    OSRdyTblSize                             0x08005860   Data           2  os_dbg.o(.constdata)
    OSSemEn                                  0x08005862   Data           2  os_dbg.o(.constdata)
    OSStkWidth                               0x08005864   Data           2  os_dbg.o(.constdata)
    OSTaskCreateEn                           0x08005866   Data           2  os_dbg.o(.constdata)
    OSTaskCreateExtEn                        0x08005868   Data           2  os_dbg.o(.constdata)
    OSTaskDelEn                              0x0800586a   Data           2  os_dbg.o(.constdata)
    OSTaskIdleStkSize                        0x0800586c   Data           2  os_dbg.o(.constdata)
    OSTaskProfileEn                          0x0800586e   Data           2  os_dbg.o(.constdata)
    OSTaskMax                                0x08005870   Data           2  os_dbg.o(.constdata)
    OSTaskNameEn                             0x08005872   Data           2  os_dbg.o(.constdata)
    OSTaskStatEn                             0x08005874   Data           2  os_dbg.o(.constdata)
    OSTaskStatStkSize                        0x08005876   Data           2  os_dbg.o(.constdata)
    OSTaskStatStkChkEn                       0x08005878   Data           2  os_dbg.o(.constdata)
    OSTaskSwHookEn                           0x0800587a   Data           2  os_dbg.o(.constdata)
    OSTaskRegTblSize                         0x0800587c   Data           2  os_dbg.o(.constdata)
    OSTCBPrioTblMax                          0x0800587e   Data           2  os_dbg.o(.constdata)
    OSTCBSize                                0x08005880   Data           2  os_dbg.o(.constdata)
    OSTicksPerSec                            0x08005882   Data           2  os_dbg.o(.constdata)
    OSTimeTickHookEn                         0x08005884   Data           2  os_dbg.o(.constdata)
    OSVersionNbr                             0x08005886   Data           2  os_dbg.o(.constdata)
    OSTmrEn                                  0x08005888   Data           2  os_dbg.o(.constdata)
    OSTmrCfgMax                              0x0800588a   Data           2  os_dbg.o(.constdata)
    OSTmrCfgNameEn                           0x0800588c   Data           2  os_dbg.o(.constdata)
    OSTmrCfgWheelSize                        0x0800588e   Data           2  os_dbg.o(.constdata)
    OSTmrCfgTicksPerSec                      0x08005890   Data           2  os_dbg.o(.constdata)
    OSTmrSize                                0x08005892   Data           2  os_dbg.o(.constdata)
    OSTmrTblSize                             0x08005894   Data           2  os_dbg.o(.constdata)
    OSTmrWheelSize                           0x08005896   Data           2  os_dbg.o(.constdata)
    OSTmrWheelTblSize                        0x08005898   Data           2  os_dbg.o(.constdata)
    OSDataSize                               0x0800589a   Data           2  os_dbg.o(.constdata)
    Region$$Table$$Base                      0x08005930   Number         0  anon$$obj.o(Region$$Table)
    Region$$Table$$Limit                     0x08005950   Number         0  anon$$obj.o(Region$$Table)
    SystemCoreClock                          0x20000000   Data           4  system_stm32f4xx.o(.data)
    AHBPrescTable                            0x20000004   Data          16  system_stm32f4xx.o(.data)
    mpu_init                                 0x20000028   Data          14  bsp_gy86.o(.data)
    axo                                      0x20000038   Data           4  bsp_gy86.o(.data)
    ayo                                      0x2000003c   Data           4  bsp_gy86.o(.data)
    azo                                      0x20000040   Data           4  bsp_gy86.o(.data)
    gxo                                      0x20000044   Data           4  bsp_gy86.o(.data)
    gyo                                      0x20000048   Data           4  bsp_gy86.o(.data)
    gzo                                      0x2000004c   Data           4  bsp_gy86.o(.data)
    BMP1                                     0x20000050   Data        1024  bsp_oled.o(.data)
    a                                        0x2000045c   Data          50  bsp_ppm.o(.data)
    b                                        0x2000048e   Data          50  bsp_ppm.o(.data)
    c                                        0x200004c0   Data          50  bsp_ppm.o(.data)
    d                                        0x200004f2   Data          50  bsp_ppm.o(.data)
    e                                        0x20000524   Data          50  bsp_ppm.o(.data)
    f                                        0x20000556   Data          50  bsp_ppm.o(.data)
    g                                        0x20000588   Data          50  bsp_ppm.o(.data)
    h                                        0x200005ba   Data          50  bsp_ppm.o(.data)
    i                                        0x200005ec   Data          50  bsp_ppm.o(.data)
    T1                                       0x20000620   Data           4  bsp_ppm.o(.data)
    T2                                       0x20000624   Data           4  bsp_ppm.o(.data)
    T3                                       0x20000628   Data           4  bsp_ppm.o(.data)
    T4                                       0x2000062c   Data           4  bsp_ppm.o(.data)
    a1                                       0x20000638   Data          50  bsp_ray.o(.data)
    b1                                       0x2000066a   Data          50  bsp_ray.o(.data)
    c1                                       0x2000069c   Data          50  bsp_ray.o(.data)
    OSCtxSwCtr                               0x200006d4   Data           4  os_core.o(.data)
    OSEventFreeList                          0x200006d8   Data           4  os_core.o(.data)
    OSFlagFreeList                           0x200006dc   Data           4  os_core.o(.data)
    OSCPUUsage                               0x200006e0   Data           1  os_core.o(.data)
    OSIdleCtrMax                             0x200006e4   Data           4  os_core.o(.data)
    OSIdleCtrRun                             0x200006e8   Data           4  os_core.o(.data)
    OSStatRdy                                0x200006ec   Data           1  os_core.o(.data)
    OSIntNesting                             0x200006ed   Data           1  os_core.o(.data)
    OSLockNesting                            0x200006ee   Data           1  os_core.o(.data)
    OSPrioCur                                0x200006ef   Data           1  os_core.o(.data)
    OSPrioHighRdy                            0x200006f0   Data           1  os_core.o(.data)
    OSRdyGrp                                 0x200006f1   Data           1  os_core.o(.data)
    OSRdyTbl                                 0x200006f2   Data           8  os_core.o(.data)
    OSRunning                                0x200006fa   Data           1  os_core.o(.data)
    OSTaskCtr                                0x200006fb   Data           1  os_core.o(.data)
    OSIdleCtr                                0x200006fc   Data           4  os_core.o(.data)
    OSTCBCur                                 0x20000700   Data           4  os_core.o(.data)
    OSTCBFreeList                            0x20000704   Data           4  os_core.o(.data)
    OSTCBHighRdy                             0x20000708   Data           4  os_core.o(.data)
    OSTCBList                                0x2000070c   Data           4  os_core.o(.data)
    OSTickStepState                          0x20000710   Data           1  os_core.o(.data)
    OSMemFreeList                            0x20000714   Data           4  os_core.o(.data)
    OSQFreeList                              0x20000718   Data           4  os_core.o(.data)
    OSTaskRegNextAvailID                     0x2000071c   Data           1  os_core.o(.data)
    OSTime                                   0x20000720   Data           4  os_core.o(.data)
    OSTmrFree                                0x20000724   Data           2  os_core.o(.data)
    OSTmrUsed                                0x20000726   Data           2  os_core.o(.data)
    OSTmrTime                                0x20000728   Data           4  os_core.o(.data)
    OSTmrSem                                 0x2000072c   Data           4  os_core.o(.data)
    OSTmrSemSignal                           0x20000730   Data           4  os_core.o(.data)
    OSTmrFreeList                            0x20000734   Data           4  os_core.o(.data)
    OS_CPU_ExceptStkBase                     0x20000738   Data           4  os_cpu_c.o(.data)
    OS_KA_BASEPRI_Boundary                   0x20000740   Data           4  os_cpu_c.o(.data)
    GETDATA_thread_stack                     0x20000744   Data        1024  main.o(.bss)
    OLED_thread_stack                        0x20000b44   Data        1024  main.o(.bss)
    esp                                      0x20000f44   Data          50  bsp_esp8266.o(.bss)
    ch                                       0x20000f78   Data          14  bsp_gy86.o(.bss)
    buffer                                   0x20000f86   Data          14  bsp_gy86.o(.bss)
    show0                                    0x20000f94   Data          14  bsp_gy86.o(.bss)
    show1                                    0x20000fa2   Data          14  bsp_gy86.o(.bss)
    show2                                    0x20000fb0   Data          14  bsp_gy86.o(.bss)
    show3                                    0x20000fbe   Data          14  bsp_gy86.o(.bss)
    show4                                    0x20000fcc   Data          14  bsp_gy86.o(.bss)
    show5                                    0x20000fda   Data          14  bsp_gy86.o(.bss)
    show6                                    0x20000fe8   Data          14  bsp_gy86.o(.bss)
    show7                                    0x20000ff6   Data          14  bsp_gy86.o(.bss)
    show8                                    0x20001004   Data          14  bsp_gy86.o(.bss)
    show9                                    0x20001012   Data          14  bsp_gy86.o(.bss)
    show10                                   0x20001020   Data          14  bsp_gy86.o(.bss)
    show11                                   0x2000102e   Data          14  bsp_gy86.o(.bss)
    show12                                   0x2000103c   Data          14  bsp_gy86.o(.bss)
    mpu_r                                    0x2000104a   Data          14  bsp_gy86.o(.bss)
    hmc_r                                    0x20001058   Data          12  bsp_gy86.o(.bss)
    mpu                                      0x20001064   Data          28  bsp_gy86.o(.bss)
    hmc                                      0x20001080   Data          12  bsp_gy86.o(.bss)
    TIM1_DataBuf                             0x2000108c   Data          36  bsp_ppm.o(.bss)
    HEIGHT                                   0x200010d4   Data          18  bsp_ray.o(.bss)
    d1                                       0x200010e6   Data          50  bsp_ray.o(.bss)
    e1                                       0x20001118   Data          50  bsp_ray.o(.bss)
    f1                                       0x2000114a   Data          50  bsp_ray.o(.bss)
    g1                                       0x2000117c   Data          50  bsp_ray.o(.bss)
    CH1                                      0x200011b0   Data          20  bsp_tim.o(.bss)
    CH2                                      0x200011c4   Data          20  bsp_tim.o(.bss)
    CH3                                      0x200011d8   Data          20  bsp_tim.o(.bss)
    CH4                                      0x200011ec   Data          20  bsp_tim.o(.bss)
    OSEventTbl                               0x20001200   Data         240  os_core.o(.bss)
    OSFlagTbl                                0x200012f0   Data          80  os_core.o(.bss)
    OSTaskStatStk                            0x20001340   Data         512  os_core.o(.bss)
    OSTaskIdleStk                            0x20001540   Data         512  os_core.o(.bss)
    OSTCBPrioTbl                             0x20001740   Data         256  os_core.o(.bss)
    OSTCBTbl                                 0x20001840   Data        2024  os_core.o(.bss)
    OSMemTbl                                 0x20002028   Data         120  os_core.o(.bss)
    OSQTbl                                   0x200020a0   Data          96  os_core.o(.bss)
    OSTmrTbl                                 0x20002100   Data         640  os_core.o(.bss)
    OSTmrTaskStk                             0x20002380   Data         512  os_core.o(.bss)
    OSTmrWheelTbl                            0x20002580   Data          56  os_core.o(.bss)
    OS_CPU_ExceptStk                         0x200025b8   Data        1024  os_cpu_c.o(.bss)
    __libspace_start                         0x200029b8   Data          96  libspace.o(.bss)
    __temporary_stack_top$libspace           0x20002a18   Data           0  libspace.o(.bss)



==============================================================================

Memory Map of the image

  Image Entry point : 0x0800028d

  Load Region LR_1 (Base: 0x08000000, Size: 0x000060b0, Max: 0xffffffff, ABSOLUTE, COMPRESSED[0x00005ab0])

    Execution Region ER_RO (Exec base: 0x08000000, Load base: 0x08000000, Size: 0x0000596c, Max: 0xffffffff, ABSOLUTE)

    Exec Addr    Load Addr    Size         Type   Attr      Idx    E Section Name        Object

    0x08000000   0x08000000   0x00000194   Data   RO          246    RESET               startup_stm32f401xx.o
    0x08000194   0x08000194   0x00000008   Code   RO         5338  * !!!main             c_w.l(__main.o)
    0x0800019c   0x0800019c   0x00000034   Code   RO         5884    !!!scatter          c_w.l(__scatter.o)
    0x080001d0   0x080001d0   0x0000005a   Code   RO         5882    !!dczerorl2         c_w.l(__dczerorl2.o)
    0x0800022a   0x0800022a   0x00000002   PAD
    0x0800022c   0x0800022c   0x0000001c   Code   RO         5886    !!handler_zi        c_w.l(__scatter_zi.o)
    0x08000248   0x08000248   0x00000000   Code   RO         5329    .ARM.Collect$$_printf_percent$$00000000  c_w.l(_printf_percent.o)
    0x08000248   0x08000248   0x00000006   Code   RO         5328    .ARM.Collect$$_printf_percent$$00000003  c_w.l(_printf_f.o)
    0x0800024e   0x0800024e   0x00000004   Code   RO         5437    .ARM.Collect$$_printf_percent$$00000017  c_w.l(_printf_percent_end.o)
    0x08000252   0x08000252   0x00000002   Code   RO         5697    .ARM.Collect$$libinit$$00000000  c_w.l(libinit.o)
    0x08000254   0x08000254   0x00000004   Code   RO         5698    .ARM.Collect$$libinit$$00000001  c_w.l(libinit2.o)
    0x08000258   0x08000258   0x00000000   Code   RO         5701    .ARM.Collect$$libinit$$00000004  c_w.l(libinit2.o)
    0x08000258   0x08000258   0x00000000   Code   RO         5704    .ARM.Collect$$libinit$$0000000A  c_w.l(libinit2.o)
    0x08000258   0x08000258   0x00000000   Code   RO         5706    .ARM.Collect$$libinit$$0000000C  c_w.l(libinit2.o)
    0x08000258   0x08000258   0x00000000   Code   RO         5708    .ARM.Collect$$libinit$$0000000E  c_w.l(libinit2.o)
    0x08000258   0x08000258   0x00000006   Code   RO         5709    .ARM.Collect$$libinit$$0000000F  c_w.l(libinit2.o)
    0x0800025e   0x0800025e   0x00000000   Code   RO         5711    .ARM.Collect$$libinit$$00000011  c_w.l(libinit2.o)
    0x0800025e   0x0800025e   0x00000000   Code   RO         5713    .ARM.Collect$$libinit$$00000013  c_w.l(libinit2.o)
    0x0800025e   0x0800025e   0x00000000   Code   RO         5715    .ARM.Collect$$libinit$$00000015  c_w.l(libinit2.o)
    0x0800025e   0x0800025e   0x0000000a   Code   RO         5716    .ARM.Collect$$libinit$$00000016  c_w.l(libinit2.o)
    0x08000268   0x08000268   0x00000000   Code   RO         5717    .ARM.Collect$$libinit$$00000017  c_w.l(libinit2.o)
    0x08000268   0x08000268   0x00000000   Code   RO         5719    .ARM.Collect$$libinit$$00000019  c_w.l(libinit2.o)
    0x08000268   0x08000268   0x00000000   Code   RO         5721    .ARM.Collect$$libinit$$0000001B  c_w.l(libinit2.o)
    0x08000268   0x08000268   0x00000000   Code   RO         5723    .ARM.Collect$$libinit$$0000001D  c_w.l(libinit2.o)
    0x08000268   0x08000268   0x00000000   Code   RO         5725    .ARM.Collect$$libinit$$0000001F  c_w.l(libinit2.o)
    0x08000268   0x08000268   0x00000000   Code   RO         5727    .ARM.Collect$$libinit$$00000021  c_w.l(libinit2.o)
    0x08000268   0x08000268   0x00000000   Code   RO         5729    .ARM.Collect$$libinit$$00000023  c_w.l(libinit2.o)
    0x08000268   0x08000268   0x00000000   Code   RO         5731    .ARM.Collect$$libinit$$00000025  c_w.l(libinit2.o)
    0x08000268   0x08000268   0x00000000   Code   RO         5735    .ARM.Collect$$libinit$$0000002C  c_w.l(libinit2.o)
    0x08000268   0x08000268   0x00000000   Code   RO         5737    .ARM.Collect$$libinit$$0000002E  c_w.l(libinit2.o)
    0x08000268   0x08000268   0x00000000   Code   RO         5739    .ARM.Collect$$libinit$$00000030  c_w.l(libinit2.o)
    0x08000268   0x08000268   0x00000000   Code   RO         5741    .ARM.Collect$$libinit$$00000032  c_w.l(libinit2.o)
    0x08000268   0x08000268   0x00000002   Code   RO         5742    .ARM.Collect$$libinit$$00000033  c_w.l(libinit2.o)
    0x0800026a   0x0800026a   0x00000002   Code   RO         5861    .ARM.Collect$$libshutdown$$00000000  c_w.l(libshutdown.o)
    0x0800026c   0x0800026c   0x00000000   Code   RO         5744    .ARM.Collect$$libshutdown$$00000002  c_w.l(libshutdown2.o)
    0x0800026c   0x0800026c   0x00000000   Code   RO         5746    .ARM.Collect$$libshutdown$$00000004  c_w.l(libshutdown2.o)
    0x0800026c   0x0800026c   0x00000000   Code   RO         5748    .ARM.Collect$$libshutdown$$00000006  c_w.l(libshutdown2.o)
    0x0800026c   0x0800026c   0x00000000   Code   RO         5751    .ARM.Collect$$libshutdown$$00000009  c_w.l(libshutdown2.o)
    0x0800026c   0x0800026c   0x00000000   Code   RO         5754    .ARM.Collect$$libshutdown$$0000000C  c_w.l(libshutdown2.o)
    0x0800026c   0x0800026c   0x00000000   Code   RO         5756    .ARM.Collect$$libshutdown$$0000000E  c_w.l(libshutdown2.o)
    0x0800026c   0x0800026c   0x00000000   Code   RO         5759    .ARM.Collect$$libshutdown$$00000011  c_w.l(libshutdown2.o)
    0x0800026c   0x0800026c   0x00000002   Code   RO         5760    .ARM.Collect$$libshutdown$$00000012  c_w.l(libshutdown2.o)
    0x0800026e   0x0800026e   0x00000000   Code   RO         5424    .ARM.Collect$$rtentry$$00000000  c_w.l(__rtentry.o)
    0x0800026e   0x0800026e   0x00000000   Code   RO         5527    .ARM.Collect$$rtentry$$00000002  c_w.l(__rtentry2.o)
    0x0800026e   0x0800026e   0x00000006   Code   RO         5539    .ARM.Collect$$rtentry$$00000004  c_w.l(__rtentry4.o)
    0x08000274   0x08000274   0x00000000   Code   RO         5529    .ARM.Collect$$rtentry$$00000009  c_w.l(__rtentry2.o)
    0x08000274   0x08000274   0x00000004   Code   RO         5530    .ARM.Collect$$rtentry$$0000000A  c_w.l(__rtentry2.o)
    0x08000278   0x08000278   0x00000000   Code   RO         5532    .ARM.Collect$$rtentry$$0000000C  c_w.l(__rtentry2.o)
    0x08000278   0x08000278   0x00000008   Code   RO         5533    .ARM.Collect$$rtentry$$0000000D  c_w.l(__rtentry2.o)
    0x08000280   0x08000280   0x00000002   Code   RO         5764    .ARM.Collect$$rtexit$$00000000  c_w.l(rtexit.o)
    0x08000282   0x08000282   0x00000000   Code   RO         5812    .ARM.Collect$$rtexit$$00000002  c_w.l(rtexit2.o)
    0x08000282   0x08000282   0x00000004   Code   RO         5813    .ARM.Collect$$rtexit$$00000003  c_w.l(rtexit2.o)
    0x08000286   0x08000286   0x00000006   Code   RO         5814    .ARM.Collect$$rtexit$$00000004  c_w.l(rtexit2.o)
    0x0800028c   0x0800028c   0x00000040   Code   RO          247  * .text               startup_stm32f401xx.o
    0x080002cc   0x080002cc   0x00000134   Code   RO         5150    .text               os_cpu_a.o
    0x08000400   0x08000400   0x00000028   Code   RO         5277    .text               c_w.l(noretval__2sprintf.o)
    0x08000428   0x08000428   0x0000004e   Code   RO         5281    .text               c_w.l(_printf_pad.o)
    0x08000476   0x08000476   0x0000010e   Code   RO         5314    .text               c_w.l(__printf_wp.o)
    0x08000584   0x08000584   0x0000003e   Code   RO         5332    .text               c_w.l(strlen.o)
    0x080005c2   0x080005c2   0x00000006   Code   RO         5336    .text               c_w.l(heapauxi.o)
    0x080005c8   0x080005c8   0x0000041e   Code   RO         5429    .text               c_w.l(_printf_fp_dec.o)
    0x080009e6   0x080009e6   0x00000002   PAD
    0x080009e8   0x080009e8   0x00000030   Code   RO         5431    .text               c_w.l(_printf_char_common.o)
    0x08000a18   0x08000a18   0x0000000a   Code   RO         5433    .text               c_w.l(_sputc.o)
    0x08000a22   0x08000a22   0x00000002   PAD
    0x08000a24   0x08000a24   0x00000008   Code   RO         5544    .text               c_w.l(rt_locale_intlibspace.o)
    0x08000a2c   0x08000a2c   0x0000008a   Code   RO         5551    .text               c_w.l(lludiv10.o)
    0x08000ab6   0x08000ab6   0x00000002   PAD
    0x08000ab8   0x08000ab8   0x00000080   Code   RO         5553    .text               c_w.l(_printf_fp_infnan.o)
    0x08000b38   0x08000b38   0x000000e4   Code   RO         5557    .text               c_w.l(bigflt0.o)
    0x08000c1c   0x08000c1c   0x00000008   Code   RO         5610    .text               c_w.l(libspace.o)
    0x08000c24   0x08000c24   0x0000004a   Code   RO         5615    .text               c_w.l(sys_stackheap_outer.o)
    0x08000c6e   0x08000c6e   0x00000012   Code   RO         5684    .text               c_w.l(exit.o)
    0x08000c80   0x08000c80   0x00000080   Code   RO         5690    .text               c_w.l(strcmpv7m.o)
    0x08000d00   0x08000d00   0x00000002   Code   RO         5761    .text               c_w.l(use_no_semi.o)
    0x08000d02   0x08000d02   0x00000000   Code   RO         5763    .text               c_w.l(indicate_semi.o)
    0x08000d02   0x08000d02   0x00000002   PAD
    0x08000d04   0x08000d04   0x0000000c   Code   RO         5809    .text               c_w.l(sys_exit.o)
    0x08000d10   0x08000d10   0x0000003e   Code   RO         5560    CL$$btod_d2e        c_w.l(btod.o)
    0x08000d4e   0x08000d4e   0x00000046   Code   RO         5562    CL$$btod_d2e_denorm_low  c_w.l(btod.o)
    0x08000d94   0x08000d94   0x00000060   Code   RO         5561    CL$$btod_d2e_norm_op1  c_w.l(btod.o)
    0x08000df4   0x08000df4   0x00000338   Code   RO         5570    CL$$btod_div_common  c_w.l(btod.o)
    0x0800112c   0x0800112c   0x000000dc   Code   RO         5567    CL$$btod_e2e        c_w.l(btod.o)
    0x08001208   0x08001208   0x0000002a   Code   RO         5564    CL$$btod_ediv       c_w.l(btod.o)
    0x08001232   0x08001232   0x0000002a   Code   RO         5563    CL$$btod_emul       c_w.l(btod.o)
    0x0800125c   0x0800125c   0x00000244   Code   RO         5569    CL$$btod_mult_common  c_w.l(btod.o)
    0x080014a0   0x080014a0   0x00000090   Code   RO         1025    i.GPIO_Init         stm32f4xx_gpio.o
    0x08001530   0x08001530   0x00000046   Code   RO         1026    i.GPIO_PinAFConfig  stm32f4xx_gpio.o
    0x08001576   0x08001576   0x00000004   Code   RO         1032    i.GPIO_ResetBits    stm32f4xx_gpio.o
    0x0800157a   0x0800157a   0x00000004   Code   RO         1033    i.GPIO_SetBits      stm32f4xx_gpio.o
    0x0800157e   0x0800157e   0x00000020   Code   RO            4    i.GY86_Thread       main.o
    0x0800159e   0x0800159e   0x00000002   PAD
    0x080015a0   0x080015a0   0x00000118   Code   RO         3783    i.GY86_getdata      bsp_gy86.o
    0x080016b8   0x080016b8   0x000000e8   Code   RO         3785    i.HMC_Get           bsp_gy86.o
    0x080017a0   0x080017a0   0x00000024   Code   RO         3786    i.HMC_Init          bsp_gy86.o
    0x080017c4   0x080017c4   0x000000c0   Code   RO         3787    i.HMC_Show          bsp_gy86.o
    0x08001884   0x08001884   0x000000a0   Code   RO         3866    i.I2C1_CONFIG       bsp_i2c.o
    0x08001924   0x08001924   0x000000b8   Code   RO         3867    i.I2C3_CONFIG       bsp_i2c.o
    0x080019dc   0x080019dc   0x0000002a   Code   RO         1322    i.I2C_CheckEvent    stm32f4xx_i2c.o
    0x08001a06   0x08001a06   0x00000018   Code   RO         1325    i.I2C_Cmd           stm32f4xx_i2c.o
    0x08001a1e   0x08001a1e   0x00000002   PAD
    0x08001a20   0x08001a20   0x00000060   Code   RO         1328    i.I2C_DeInit        stm32f4xx_i2c.o
    0x08001a80   0x08001a80   0x00000018   Code   RO         1333    i.I2C_GenerateSTART  stm32f4xx_i2c.o
    0x08001a98   0x08001a98   0x00000018   Code   RO         1334    i.I2C_GenerateSTOP  stm32f4xx_i2c.o
    0x08001ab0   0x08001ab0   0x0000003a   Code   RO         1335    i.I2C_GetFlagStatus  stm32f4xx_i2c.o
    0x08001aea   0x08001aea   0x00000002   PAD
    0x08001aec   0x08001aec   0x000000e8   Code   RO         1340    i.I2C_Init          stm32f4xx_i2c.o
    0x08001bd4   0x08001bd4   0x000000b4   Code   RO         3869    i.I2C_Receive       bsp_i2c.o
    0x08001c88   0x08001c88   0x00000010   Code   RO         1347    i.I2C_Send7bitAddress  stm32f4xx_i2c.o
    0x08001c98   0x08001c98   0x00000004   Code   RO         1348    i.I2C_SendData      stm32f4xx_i2c.o
    0x08001c9c   0x08001c9c   0x00000090   Code   RO         3870    i.I2C_Send_Byte     bsp_i2c.o
    0x08001d2c   0x08001d2c   0x0000009c   Code   RO         3871    i.I2C_Send_Str      bsp_i2c.o
    0x08001dc8   0x08001dc8   0x00000034   Code   RO         3943    i.LED_CONFIG        bsp_led.o
    0x08001dfc   0x08001dfc   0x00000010   Code   RO         3944    i.LED_OFF           bsp_led.o
    0x08001e0c   0x08001e0c   0x00000010   Code   RO         3945    i.LED_ON            bsp_led.o
    0x08001e1c   0x08001e1c   0x0000009c   Code   RO         3788    i.MPU_Get           bsp_gy86.o
    0x08001eb8   0x08001eb8   0x00000058   Code   RO         3789    i.MPU_Init          bsp_gy86.o
    0x08001f10   0x08001f10   0x0000016c   Code   RO         3791    i.MPU_Show          bsp_gy86.o
    0x0800207c   0x0800207c   0x0000003c   Code   RO            5    i.MY_Init           main.o
    0x080020b8   0x080020b8   0x00000078   Code   RO          314    i.NVIC_Init         misc.o
    0x08002130   0x08002130   0x00000014   Code   RO          315    i.NVIC_PriorityGroupConfig  misc.o
    0x08002144   0x08002144   0x00000048   Code   RO         3999    i.OLED_Fill         bsp_oled.o
    0x0800218c   0x0800218c   0x00000038   Code   RO         4000    i.OLED_Init         bsp_oled.o
    0x080021c4   0x080021c4   0x0000001e   Code   RO         4002    i.OLED_ON           bsp_oled.o
    0x080021e2   0x080021e2   0x00000034   Code   RO         4005    i.OLED_SetPos       bsp_oled.o
    0x08002216   0x08002216   0x00000002   PAD
    0x08002218   0x08002218   0x00000070   Code   RO         4006    i.OLED_ShowStr      bsp_oled.o
    0x08002288   0x08002288   0x0000000c   Code   RO            6    i.OLED_Thread       main.o
    0x08002294   0x08002294   0x00000018   Code   RO         4008    i.OLED_Up           bsp_oled.o
    0x080022ac   0x080022ac   0x0000015c   Code   RO         5254    i.OSDebugInit       os_dbg.o
    0x08002408   0x08002408   0x00000074   Code   RO         4355    i.OSEventNameSet    os_core.o
    0x0800247c   0x0800247c   0x00000038   Code   RO         4357    i.OSInit            os_core.o
    0x080024b4   0x080024b4   0x0000005c   Code   RO         5153    i.OSInitHookBegin   os_cpu_c.o
    0x08002510   0x08002510   0x00000002   Code   RO         5154    i.OSInitHookEnd     os_cpu_c.o
    0x08002512   0x08002512   0x00000002   PAD
    0x08002514   0x08002514   0x00000024   Code   RO         4358    i.OSIntEnter        os_core.o
    0x08002538   0x08002538   0x0000009c   Code   RO         4359    i.OSIntExit         os_core.o
    0x080025d4   0x080025d4   0x00000048   Code   RO         4360    i.OSSchedLock       os_core.o
    0x0800261c   0x0800261c   0x00000070   Code   RO         4361    i.OSSchedUnlock     os_core.o
    0x0800268c   0x0800268c   0x00000060   Code   RO         4869    i.OSSemCreate       os_sem.o
    0x080026ec   0x080026ec   0x00000118   Code   RO         4871    i.OSSemPend         os_sem.o
    0x08002804   0x08002804   0x00000070   Code   RO         4873    i.OSSemPost         os_sem.o
    0x08002874   0x08002874   0x00000048   Code   RO         4362    i.OSStart           os_core.o
    0x080028bc   0x080028bc   0x00000002   Code   RO         5155    i.OSTCBInitHook     os_cpu_c.o
    0x080028be   0x080028be   0x00000002   PAD
    0x080028c0   0x080028c0   0x000000c8   Code   RO         4923    i.OSTaskCreate      os_task.o
    0x08002988   0x08002988   0x000000dc   Code   RO         4924    i.OSTaskCreateExt   os_task.o
    0x08002a64   0x08002a64   0x00000002   Code   RO         5156    i.OSTaskCreateHook  os_cpu_c.o
    0x08002a66   0x08002a66   0x00000002   PAD
    0x08002a68   0x08002a68   0x00000188   Code   RO         4925    i.OSTaskDel         os_task.o
    0x08002bf0   0x08002bf0   0x00000002   Code   RO         5157    i.OSTaskDelHook     os_cpu_c.o
    0x08002bf2   0x08002bf2   0x00000002   Code   RO         5158    i.OSTaskIdleHook    os_cpu_c.o
    0x08002bf4   0x08002bf4   0x00000098   Code   RO         4928    i.OSTaskNameSet     os_task.o
    0x08002c8c   0x08002c8c   0x00000002   Code   RO         5159    i.OSTaskReturnHook  os_cpu_c.o
    0x08002c8e   0x08002c8e   0x00000002   Code   RO         5160    i.OSTaskStatHook    os_cpu_c.o
    0x08002c90   0x08002c90   0x000000b0   Code   RO         4934    i.OSTaskStkChk      os_task.o
    0x08002d40   0x08002d40   0x0000022c   Code   RO         5161    i.OSTaskStkInit     os_cpu_c.o
    0x08002f6c   0x08002f6c   0x000000d0   Code   RO         4935    i.OSTaskSuspend     os_task.o
    0x0800303c   0x0800303c   0x00000020   Code   RO         5162    i.OSTaskSwHook      os_cpu_c.o
    0x0800305c   0x0800305c   0x00000084   Code   RO         5024    i.OSTimeDly         os_time.o
    0x080030e0   0x080030e0   0x00000100   Code   RO         4364    i.OSTimeTick        os_core.o
    0x080031e0   0x080031e0   0x00000024   Code   RO         5163    i.OSTimeTickHook    os_cpu_c.o
    0x08003204   0x08003204   0x00000014   Code   RO         5064    i.OSTmrSignal       os_tmr.o
    0x08003218   0x08003218   0x000000f4   Code   RO         5070    i.OSTmr_Init        os_tmr.o
    0x0800330c   0x0800330c   0x00000050   Code   RO         5071    i.OSTmr_InitTask    os_tmr.o
    0x0800335c   0x0800335c   0x00000074   Code   RO         5072    i.OSTmr_Link        os_tmr.o
    0x080033d0   0x080033d0   0x00000084   Code   RO         5073    i.OSTmr_Task        os_tmr.o
    0x08003454   0x08003454   0x00000048   Code   RO         5074    i.OSTmr_Unlink      os_tmr.o
    0x0800349c   0x0800349c   0x00000026   Code   RO         5164    i.OS_CPU_SysTickHandler  os_cpu_c.o
    0x080034c2   0x080034c2   0x00000002   Code   RO         4366    i.OS_Dummy          os_core.o
    0x080034c4   0x080034c4   0x00000094   Code   RO         4367    i.OS_EventTaskRdy   os_core.o
    0x08003558   0x08003558   0x0000002e   Code   RO         4368    i.OS_EventTaskRemove  os_core.o
    0x08003586   0x08003586   0x0000003a   Code   RO         4369    i.OS_EventTaskRemoveMulti  os_core.o
    0x080035c0   0x080035c0   0x0000007c   Code   RO         4370    i.OS_EventTaskWait  os_core.o
    0x0800363c   0x0800363c   0x0000001c   Code   RO         4372    i.OS_EventWaitListInit  os_core.o
    0x08003658   0x08003658   0x00000058   Code   RO         4575    i.OS_FlagInit       os_flag.o
    0x080036b0   0x080036b0   0x00000024   Code   RO         4577    i.OS_FlagUnlink     os_flag.o
    0x080036d4   0x080036d4   0x00000060   Code   RO         4373    i.OS_InitEventList  os_core.o
    0x08003734   0x08003734   0x0000005c   Code   RO         4374    i.OS_InitMisc       os_core.o
    0x08003790   0x08003790   0x00000044   Code   RO         4375    i.OS_InitRdyList    os_core.o
    0x080037d4   0x080037d4   0x00000080   Code   RO         4376    i.OS_InitTCBList    os_core.o
    0x08003854   0x08003854   0x00000050   Code   RO         4377    i.OS_InitTaskIdle   os_core.o
    0x080038a4   0x080038a4   0x00000050   Code   RO         4378    i.OS_InitTaskStat   os_core.o
    0x080038f4   0x080038f4   0x00000012   Code   RO         4379    i.OS_MemClr         os_core.o
    0x08003906   0x08003906   0x00000002   PAD
    0x08003908   0x08003908   0x00000058   Code   RO         4707    i.OS_MemInit        os_mem.o
    0x08003960   0x08003960   0x00000050   Code   RO         4806    i.OS_QInit          os_q.o
    0x080039b0   0x080039b0   0x00000080   Code   RO         4381    i.OS_Sched          os_core.o
    0x08003a30   0x08003a30   0x0000002c   Code   RO         4382    i.OS_SchedNew       os_core.o
    0x08003a5c   0x08003a5c   0x00000168   Code   RO         4384    i.OS_TCBInit        os_core.o
    0x08003bc4   0x08003bc4   0x00000030   Code   RO         4385    i.OS_TaskIdle       os_core.o
    0x08003bf4   0x08003bf4   0x00000018   Code   RO         4936    i.OS_TaskReturn     os_task.o
    0x08003c0c   0x08003c0c   0x000000f0   Code   RO         4386    i.OS_TaskStat       os_core.o
    0x08003cfc   0x08003cfc   0x0000003c   Code   RO         4387    i.OS_TaskStatStkChk  os_core.o
    0x08003d38   0x08003d38   0x0000001a   Code   RO         4937    i.OS_TaskStkClr     os_task.o
    0x08003d52   0x08003d52   0x00000002   PAD
    0x08003d54   0x08003d54   0x00000020   Code   RO         1735    i.RCC_AHB1PeriphClockCmd  stm32f4xx_rcc.o
    0x08003d74   0x08003d74   0x00000020   Code   RO         1741    i.RCC_APB1PeriphClockCmd  stm32f4xx_rcc.o
    0x08003d94   0x08003d94   0x00000020   Code   RO         1743    i.RCC_APB1PeriphResetCmd  stm32f4xx_rcc.o
    0x08003db4   0x08003db4   0x00000020   Code   RO         1744    i.RCC_APB2PeriphClockCmd  stm32f4xx_rcc.o
    0x08003dd4   0x08003dd4   0x000000e4   Code   RO         1753    i.RCC_GetClocksFreq  stm32f4xx_rcc.o
    0x08003eb8   0x08003eb8   0x00000018   Code   RO         4009    i.SEND_BYTE         bsp_oled.o
    0x08003ed0   0x08003ed0   0x00000028   Code   RO         4010    i.Send_Str          bsp_oled.o
    0x08003ef8   0x08003ef8   0x000000e8   Code   RO          254    i.SetSysClock       system_stm32f4xx.o
    0x08003fe0   0x08003fe0   0x00000068   Code   RO          256    i.SystemInit        system_stm32f4xx.o
    0x08004048   0x08004048   0x0000003a   Code   RO         2863    i.TI1_Config        stm32f4xx_tim.o
    0x08004082   0x08004082   0x00000050   Code   RO         2864    i.TI2_Config        stm32f4xx_tim.o
    0x080040d2   0x080040d2   0x00000048   Code   RO         2865    i.TI3_Config        stm32f4xx_tim.o
    0x0800411a   0x0800411a   0x00000050   Code   RO         2866    i.TI4_Config        stm32f4xx_tim.o
    0x0800416a   0x0800416a   0x00000002   PAD
    0x0800416c   0x0800416c   0x000000a8   Code   RO         4110    i.TIM1_CC_IRQHandler  bsp_ppm.o
    0x08004214   0x08004214   0x000000dc   Code   RO         4252    i.TIM1_CONFIG       bsp_tim.o
    0x080042f0   0x080042f0   0x00000158   Code   RO         4253    i.TIM3_CONFIG       bsp_tim.o
    0x08004448   0x08004448   0x00000044   Code   RO         4254    i.TIM4_CONFIG       bsp_tim.o
    0x0800448c   0x0800448c   0x0000003c   Code   RO         4255    i.TIMDelay          bsp_tim.o
    0x080044c8   0x080044c8   0x00000018   Code   RO         2867    i.TIM_ARRPreloadConfig  stm32f4xx_tim.o
    0x080044e0   0x080044e0   0x00000006   Code   RO         2873    i.TIM_ClearFlag     stm32f4xx_tim.o
    0x080044e6   0x080044e6   0x00000006   Code   RO         2874    i.TIM_ClearITPendingBit  stm32f4xx_tim.o
    0x080044ec   0x080044ec   0x00000018   Code   RO         2879    i.TIM_Cmd           stm32f4xx_tim.o
    0x08004504   0x08004504   0x00000006   Code   RO         2897    i.TIM_GetCapture4   stm32f4xx_tim.o
    0x0800450a   0x0800450a   0x00000012   Code   RO         2899    i.TIM_GetFlagStatus  stm32f4xx_tim.o
    0x0800451c   0x0800451c   0x0000006e   Code   RO         2902    i.TIM_ICInit        stm32f4xx_tim.o
    0x0800458a   0x0800458a   0x00000012   Code   RO         2904    i.TIM_ITConfig      stm32f4xx_tim.o
    0x0800459c   0x0800459c   0x0000007c   Code   RO         2908    i.TIM_OC1Init       stm32f4xx_tim.o
    0x08004618   0x08004618   0x00000012   Code   RO         2911    i.TIM_OC1PreloadConfig  stm32f4xx_tim.o
    0x0800462a   0x0800462a   0x00000002   PAD
    0x0800462c   0x0800462c   0x000000a4   Code   RO         2913    i.TIM_OC2Init       stm32f4xx_tim.o
    0x080046d0   0x080046d0   0x0000001a   Code   RO         2916    i.TIM_OC2PreloadConfig  stm32f4xx_tim.o
    0x080046ea   0x080046ea   0x00000002   PAD
    0x080046ec   0x080046ec   0x000000a0   Code   RO         2918    i.TIM_OC3Init       stm32f4xx_tim.o
    0x0800478c   0x0800478c   0x00000012   Code   RO         2921    i.TIM_OC3PreloadConfig  stm32f4xx_tim.o
    0x0800479e   0x0800479e   0x00000002   PAD
    0x080047a0   0x080047a0   0x00000078   Code   RO         2923    i.TIM_OC4Init       stm32f4xx_tim.o
    0x08004818   0x08004818   0x0000001a   Code   RO         2925    i.TIM_OC4PreloadConfig  stm32f4xx_tim.o
    0x08004832   0x08004832   0x00000012   Code   RO         2946    i.TIM_SetIC1Prescaler  stm32f4xx_tim.o
    0x08004844   0x08004844   0x0000001a   Code   RO         2947    i.TIM_SetIC2Prescaler  stm32f4xx_tim.o
    0x0800485e   0x0800485e   0x00000012   Code   RO         2948    i.TIM_SetIC3Prescaler  stm32f4xx_tim.o
    0x08004870   0x08004870   0x0000001a   Code   RO         2949    i.TIM_SetIC4Prescaler  stm32f4xx_tim.o
    0x0800488a   0x0800488a   0x00000002   PAD
    0x0800488c   0x0800488c   0x00000084   Code   RO         2951    i.TIM_TimeBaseInit  stm32f4xx_tim.o
    0x08004910   0x08004910   0x000000ec   Code   RO         4299    i.USART1_CONFIG     bsp_usart.o
    0x080049fc   0x080049fc   0x00000054   Code   RO         4188    i.USART1_IRQHandler  bsp_ray.o
    0x08004a50   0x08004a50   0x000000d8   Code   RO         4300    i.USART6_CONFIG     bsp_usart.o
    0x08004b28   0x08004b28   0x00000054   Code   RO         3709    i.USART6_IRQHandler  bsp_esp8266.o
    0x08004b7c   0x08004b7c   0x00000018   Code   RO         3436    i.USART_Cmd         stm32f4xx_usart.o
    0x08004b94   0x08004b94   0x00000054   Code   RO         3440    i.USART_GetITStatus  stm32f4xx_usart.o
    0x08004be8   0x08004be8   0x0000004a   Code   RO         3442    i.USART_ITConfig    stm32f4xx_usart.o
    0x08004c32   0x08004c32   0x00000002   PAD
    0x08004c34   0x08004c34   0x000000d4   Code   RO         3443    i.USART_Init        stm32f4xx_usart.o
    0x08004d08   0x08004d08   0x0000000a   Code   RO         3450    i.USART_ReceiveData  stm32f4xx_usart.o
    0x08004d12   0x08004d12   0x00000030   Code   RO         5498    i.__ARM_fpclassify  m_wm.l(fpclassify.o)
    0x08004d42   0x08004d42   0x0000000e   Code   RO         5316    i._is_digit         c_w.l(__printf_wp.o)
    0x08004d50   0x08004d50   0x00000098   Code   RO            7    i.main              main.o
    0x08004de8   0x08004de8   0x0000002c   Code   RO         5591    locale$$code        c_w.l(lc_numeric_c.o)
    0x08004e14   0x08004e14   0x0000000c   Code   RO         5454    x$fpl$dretinf       fz_wm.l(dretinf.o)
    0x08004e20   0x08004e20   0x00000056   Code   RO         5358    x$fpl$f2d           fz_wm.l(f2d.o)
    0x08004e76   0x08004e76   0x0000008c   Code   RO         5456    x$fpl$fnaninf       fz_wm.l(fnaninf.o)
    0x08004f02   0x08004f02   0x0000000a   Code   RO         5807    x$fpl$fpinit        fz_wm.l(fpinit.o)
    0x08004f0c   0x08004f0c   0x00000004   Code   RO         5360    x$fpl$printf1       fz_wm.l(printf1.o)
    0x08004f10   0x08004f10   0x00000000   Code   RO         5460    x$fpl$usenofp       fz_wm.l(usenofp.o)
    0x08004f10   0x08004f10   0x00000818   Data   RO         4011    .constdata          bsp_oled.o
    0x08005728   0x08005728   0x00000100   Data   RO         4389    .constdata          os_core.o
    0x08005828   0x08005828   0x00000074   Data   RO         5255    .constdata          os_dbg.o
    0x0800589c   0x0800589c   0x00000094   Data   RO         5558    .constdata          c_w.l(bigflt0.o)
    0x08005930   0x08005930   0x00000020   Data   RO         5880    Region$$Table       anon$$obj.o
    0x08005950   0x08005950   0x0000001c   Data   RO         5590    locale$$data        c_w.l(lc_numeric_c.o)


    Execution Region ER_RW (Exec base: 0x20000000, Load base: 0x0800596c, Size: 0x00000744, Max: 0xffffffff, ABSOLUTE, COMPRESSED[0x00000144])

    Exec Addr    Load Addr    Size         Type   Attr      Idx    E Section Name        Object

    0x20000000   COMPRESSED   0x00000014   Data   RW          257    .data               system_stm32f4xx.o
    0x20000014   COMPRESSED   0x00000010   Data   RW         1783    .data               stm32f4xx_rcc.o
    0x20000024   COMPRESSED   0x00000004   Data   RW         3712    .data               bsp_esp8266.o
    0x20000028   COMPRESSED   0x00000028   Data   RW         3794    .data               bsp_gy86.o
    0x20000050   COMPRESSED   0x0000040a   Data   RW         4012    .data               bsp_oled.o
    0x2000045a   COMPRESSED   0x00000002   PAD
    0x2000045c   COMPRESSED   0x000001dc   Data   RW         4112    .data               bsp_ppm.o
    0x20000638   COMPRESSED   0x0000009c   Data   RW         4190    .data               bsp_ray.o
    0x200006d4   COMPRESSED   0x00000064   Data   RW         4390    .data               os_core.o
    0x20000738   COMPRESSED   0x0000000c   Data   RW         5168    .data               os_cpu_c.o


    Execution Region ER_ZI (Exec base: 0x20000744, Load base: 0x08005ab0, Size: 0x000028d4, Max: 0xffffffff, ABSOLUTE)

    Exec Addr    Load Addr    Size         Type   Attr      Idx    E Section Name        Object

    0x20000744        -       0x00000800   Zero   RW            8    .bss                main.o
    0x20000f44        -       0x00000032   Zero   RW         3711    .bss                bsp_esp8266.o
    0x20000f76   0x08005ab0   0x00000002   PAD
    0x20000f78        -       0x00000114   Zero   RW         3793    .bss                bsp_gy86.o
    0x2000108c        -       0x00000048   Zero   RW         4111    .bss                bsp_ppm.o
    0x200010d4        -       0x000000da   Zero   RW         4189    .bss                bsp_ray.o
    0x200011ae   0x08005ab0   0x00000002   PAD
    0x200011b0        -       0x00000050   Zero   RW         4256    .bss                bsp_tim.o
    0x20001200        -       0x000013b8   Zero   RW         4388    .bss                os_core.o
    0x200025b8        -       0x00000400   Zero   RW         5167    .bss                os_cpu_c.o
    0x200029b8        -       0x00000060   Zero   RW         5611    .bss                c_w.l(libspace.o)
    0x20002a18        -       0x00000200   Zero   RW          245    HEAP                startup_stm32f401xx.o
    0x20002c18        -       0x00000400   Zero   RW          244    STACK               startup_stm32f401xx.o


==============================================================================

Image component sizes


      Code (inc. data)   RO Data    RW Data    ZI Data      Debug   Object Name

        84         14          0          4         50       1206   bsp_esp8266.o
      1348        248          0         40        276       5031   bsp_gy86.o
       824         48          0          0          0     211021   bsp_i2c.o
        84         12          0          0          0     210240   bsp_led.o
       410         20       2072       1034          0       6467   bsp_oled.o
       168         22          0        476         72       1522   bsp_ppm.o
        84         14          0        156        218       1286   bsp_ray.o
       692         54          0          0         80       2679   bsp_tim.o
       452         18          0          0          0       1320   bsp_usart.o
       256         34          0          0       2048     308222   main.o
       140         24          0          0          0     210183   misc.o
      2724        426        256        100       5048      25350   os_core.o
       308         34          0          0          0        336   os_cpu_a.o
       768        148          0         12       1024      16249   os_cpu_c.o
       348        230        116          0          0       3346   os_dbg.o
       124         14          0          0          0       1214   os_flag.o
        88         14          0          0          0        545   os_mem.o
        80          8          0          0          0        571   os_q.o
       488         28          0          0          0       2490   os_sem.o
      1398        120          0          0          0       6996   os_task.o
       132         22          0          0          0        640   os_time.o
       664        136          0          0          0       3915   os_tmr.o
        64         26        404          0       1536        844   startup_stm32f401xx.o
         0          0          0          0          0     208764   stm32f4xx_dma2d.o
       222          0          0          0          0       9547   stm32f4xx_gpio.o
       520         28          0          0          0      13879   stm32f4xx_i2c.o
       356         38          0         16          0      20256   stm32f4xx_rcc.o
      1378         66          0          0          0      35614   stm32f4xx_tim.o
       404          8          0          0          0      10094   stm32f4xx_usart.o
       336         32          0         20          0       1749   system_stm32f4xx.o

    ----------------------------------------------------------------------
     14974       1886       2880       1860      10356    1321576   Object Totals
         0          0         32          0          0          0   (incl. Generated)
        30          0          0          2          4          0   (incl. Padding)

    ----------------------------------------------------------------------

      Code (inc. data)   RO Data    RW Data    ZI Data      Debug   Library Member Name

        90          0          0          0          0          0   __dczerorl2.o
         8          0          0          0          0         68   __main.o
       284          0          0          0          0        156   __printf_wp.o
         0          0          0          0          0          0   __rtentry.o
        12          0          0          0          0          0   __rtentry2.o
         6          0          0          0          0          0   __rtentry4.o
        52          8          0          0          0          0   __scatter.o
        28          0          0          0          0          0   __scatter_zi.o
        48          6          0          0          0         96   _printf_char_common.o
         6          0          0          0          0          0   _printf_f.o
      1054          0          0          0          0        216   _printf_fp_dec.o
       128         16          0          0          0         84   _printf_fp_infnan.o
        78          0          0          0          0        108   _printf_pad.o
         0          0          0          0          0          0   _printf_percent.o
         4          0          0          0          0          0   _printf_percent_end.o
        10          0          0          0          0         68   _sputc.o
       228          4        148          0          0         96   bigflt0.o
      1936        128          0          0          0        672   btod.o
        18          0          0          0          0         80   exit.o
         6          0          0          0          0        152   heapauxi.o
         0          0          0          0          0          0   indicate_semi.o
        44         10         28          0          0         76   lc_numeric_c.o
         2          0          0          0          0          0   libinit.o
        22          0          0          0          0          0   libinit2.o
         2          0          0          0          0          0   libshutdown.o
         2          0          0          0          0          0   libshutdown2.o
         8          4          0          0         96         68   libspace.o
       138          0          0          0          0         80   lludiv10.o
        40          6          0          0          0         84   noretval__2sprintf.o
         8          4          0          0          0         68   rt_locale_intlibspace.o
         2          0          0          0          0          0   rtexit.o
        10          0          0          0          0          0   rtexit2.o
       128          0          0          0          0         68   strcmpv7m.o
        62          0          0          0          0         76   strlen.o
        12          4          0          0          0         68   sys_exit.o
        74          0          0          0          0         80   sys_stackheap_outer.o
         2          0          0          0          0         68   use_no_semi.o
        12          0          0          0          0        116   dretinf.o
        86          4          0          0          0        132   f2d.o
       140          4          0          0          0        132   fnaninf.o
        10          0          0          0          0        116   fpinit.o
         4          0          0          0          0        116   printf1.o
         0          0          0          0          0          0   usenofp.o
        48          0          0          0          0        124   fpclassify.o

    ----------------------------------------------------------------------
      4862        198        176          0         96       3268   Library Totals
        10          0          0          0          0          0   (incl. Padding)

    ----------------------------------------------------------------------

      Code (inc. data)   RO Data    RW Data    ZI Data      Debug   Library Name

      4552        190        176          0         96       2532   c_w.l
       252          8          0          0          0        612   fz_wm.l
        48          0          0          0          0        124   m_wm.l

    ----------------------------------------------------------------------
      4862        198        176          0         96       3268   Library Totals

    ----------------------------------------------------------------------

==============================================================================


      Code (inc. data)   RO Data    RW Data    ZI Data      Debug   

     19836       2084       3056       1860      10452    1308592   Grand Totals
     19836       2084       3056        324      10452    1308592   ELF Image Totals (compressed)
     19836       2084       3056        324          0          0   ROM Totals

==============================================================================

    Total RO  Size (Code + RO Data)                22892 (  22.36kB)
    Total RW  Size (RW Data + ZI Data)             12312 (  12.02kB)
    Total ROM Size (Code + RO Data + RW Data)      23216 (  22.67kB)

==============================================================================

